192.168.1.149 - - [14/Sep/2016:22:02:48 -0700] "POST /socket.io/?EIO=3&transport=polling&t=LSiEU5k&sid=9cRLRnzjsFRhC667AAAN HTTP/1.1" 200 2 "http://anything.com/" "Mozilla/5.0 (iPhone; CPU iPhone OS 9_3_5 like Mac OS X) AppleWebKit/601.1 (KHTML, like Gecko) CriOS/52.0.2743.84 Mobile/13G36 Safari/601.1.46"
192.168.1.109 - - [14/Sep/2016:22:03:00 -0700] "GET /ncsi.txt HTTP/1.1" 404 21 "-" "Microsoft NCSI"
192.168.1.109 - - [14/Sep/2016:22:03:00 -0700] "GET /ncsi.txt HTTP/1.1" 404 21 "-" "Microsoft NCSI"
192.168.1.149 - - [14/Sep/2016:22:03:32 -0700] "GET / HTTP/1.1" 200 533 "-" "Mozilla/5.0 (iPhone; CPU iPhone OS 9_3_5 like Mac OS X) AppleWebKit/601.1 (KHTML, like Gecko) CriOS/52.0.2743.84 Mobile/13G36 Safari/601.1.46"
192.168.1.149 - - [14/Sep/2016:22:03:32 -0700] "GET /socket.io/?EIO=3&transport=websocket&sid=9cRLRnzjsFRhC667AAAN HTTP/1.1" 101 208650 "-" "Mozilla/5.0 (iPhone; CPU iPhone OS 9_3_5 like Mac OS X) AppleWebKit/601.1 (KHTML, like Gecko) CriOS/52.0.2743.84 Mobile/13G36 Safari/601.1.46"
192.168.1.149 - - [14/Sep/2016:22:03:32 -0700] "GET /socket.io/?EIO=3&transport=websocket&sid=wmt_Y4wEG4Vsy3xxAAAM HTTP/1.1" 101 11 "-" "Mozilla/5.0 (iPhone; CPU iPhone OS 9_3_5 like Mac OS X) AppleWebKit/601.1 (KHTML, like Gecko) CriOS/52.0.2743.84 Mobile/13G36 Safari/601.1.46"
192.168.1.149 - - [14/Sep/2016:22:03:32 -0700] "GET /socket.io/socket.io.js HTTP/1.1" 304 0 "http://anything.com/" "Mozilla/5.0 (iPhone; CPU iPhone OS 9_3_5 like Mac OS X) AppleWebKit/601.1 (KHTML, like Gecko) CriOS/52.0.2743.84 Mobile/13G36 Safari/601.1.46"
192.168.1.149 - - [14/Sep/2016:22:03:32 -0700] "GET /socket.io/?EIO=3&transport=polling&t=LSiEeqd HTTP/1.1" 200 101 "http://anything.com/" "Mozilla/5.0 (iPhone; CPU iPhone OS 9_3_5 like Mac OS X) AppleWebKit/601.1 (KHTML, like Gecko) CriOS/52.0.2743.84 Mobile/13G36 Safari/601.1.46"
192.168.1.149 - - [14/Sep/2016:22:03:32 -0700] "GET /socket.io/?EIO=3&transport=polling&t=LSiEeqi HTTP/1.1" 200 101 "http://anything.com/" "Mozilla/5.0 (iPhone; CPU iPhone OS 9_3_5 like Mac OS X) AppleWebKit/601.1 (KHTML, like Gecko) CriOS/52.0.2743.84 Mobile/13G36 Safari/601.1.46"
192.168.1.149 - - [14/Sep/2016:22:03:33 -0700] "POST /socket.io/?EIO=3&transport=polling&t=LSiEevo&sid=7uA111fpmo6o3UMWAAAO HTTP/1.1" 200 2 "http://anything.com/" "Mozilla/5.0 (iPhone; CPU iPhone OS 9_3_5 like Mac OS X) AppleWebKit/601.1 (KHTML, like Gecko) CriOS/52.0.2743.84 Mobile/13G36 Safari/601.1.46"
192.168.1.149 - - [14/Sep/2016:22:03:33 -0700] "GET /socket.io/?EIO=3&transport=polling&t=LSiEevs&sid=7uA111fpmo6o3UMWAAAO HTTP/1.1" 200 17 "http://anything.com/" "Mozilla/5.0 (iPhone; CPU iPhone OS 9_3_5 like Mac OS X) AppleWebKit/601.1 (KHTML, like Gecko) CriOS/52.0.2743.84 Mobile/13G36 Safari/601.1.46"
192.168.1.149 - - [14/Sep/2016:22:03:33 -0700] "POST /socket.io/?EIO=3&transport=polling&t=LSiEevv&sid=_wQtNPVYTFMauYdqAAAP HTTP/1.1" 200 2 "http://anything.com/" "Mozilla/5.0 (iPhone; CPU iPhone OS 9_3_5 like Mac OS X) AppleWebKit/601.1 (KHTML, like Gecko) CriOS/52.0.2743.84 Mobile/13G36 Safari/601.1.46"
192.168.1.149 - - [14/Sep/2016:22:03:33 -0700] "GET /socket.io/?EIO=3&transport=polling&t=LSiEew4&sid=_wQtNPVYTFMauYdqAAAP HTTP/1.1" 200 17 "http://anything.com/" "Mozilla/5.0 (iPhone; CPU iPhone OS 9_3_5 like Mac OS X) AppleWebKit/601.1 (KHTML, like Gecko) CriOS/52.0.2743.84 Mobile/13G36 Safari/601.1.46"
192.168.1.149 - - [14/Sep/2016:22:03:33 -0700] "GET /socket.io/?EIO=3&transport=polling&t=LSiEeyV&sid=7uA111fpmo6o3UMWAAAO HTTP/1.1" 200 4 "http://anything.com/" "Mozilla/5.0 (iPhone; CPU iPhone OS 9_3_5 like Mac OS X) AppleWebKit/601.1 (KHTML, like Gecko) CriOS/52.0.2743.84 Mobile/13G36 Safari/601.1.46"
192.168.1.130 - - [14/Sep/2016:22:05:26 -0700] "\x16\x03\x01\x00I\x01\x00\x00E\x03\x01\x19\x19\x19\x19\x1F\xB2&\x1B`\xCF\xDD>\x84\x87J\x86\x95\xBC!\x17\x92\xCD\x86/Ob\x8A\xC6?\x09!-\x00\x00\x1E\x00\x04\x00\x05\x00/\x003\x002\x00" 400 172 "-" "-"
192.168.1.109 - - [14/Sep/2016:22:06:45 -0700] "GET /ncsi.txt HTTP/1.1" 404 21 "-" "Microsoft NCSI"
192.168.1.109 - - [14/Sep/2016:22:06:45 -0700] "GET /ncsi.txt HTTP/1.1" 404 21 "-" "Microsoft NCSI"
192.168.1.149 - - [14/Sep/2016:22:08:18 -0700] "GET / HTTP/1.1" 200 533 "-" "Mozilla/5.0 (iPhone; CPU iPhone OS 9_3_5 like Mac OS X) AppleWebKit/601.1 (KHTML, like Gecko) CriOS/52.0.2743.84 Mobile/13G36 Safari/601.1.46"
192.168.1.149 - - [14/Sep/2016:22:08:18 -0700] "GET /socket.io/?EIO=3&transport=websocket&sid=7uA111fpmo6o3UMWAAAO HTTP/1.1" 101 41 "-" "Mozilla/5.0 (iPhone; CPU iPhone OS 9_3_5 like Mac OS X) AppleWebKit/601.1 (KHTML, like Gecko) CriOS/52.0.2743.84 Mobile/13G36 Safari/601.1.46"
192.168.1.149 - - [14/Sep/2016:22:08:18 -0700] "GET /socket.io/?EIO=3&transport=websocket&sid=_wQtNPVYTFMauYdqAAAP HTTP/1.1" 101 4295810 "-" "Mozilla/5.0 (iPhone; CPU iPhone OS 9_3_5 like Mac OS X) AppleWebKit/601.1 (KHTML, like Gecko) CriOS/52.0.2743.84 Mobile/13G36 Safari/601.1.46"
192.168.1.149 - - [14/Sep/2016:22:08:18 -0700] "GET /socket.io/socket.io.js HTTP/1.1" 304 0 "http://anything.com/" "Mozilla/5.0 (iPhone; CPU iPhone OS 9_3_5 like Mac OS X) AppleWebKit/601.1 (KHTML, like Gecko) CriOS/52.0.2743.84 Mobile/13G36 Safari/601.1.46"
192.168.1.149 - - [14/Sep/2016:22:08:19 -0700] "GET /socket.io/?EIO=3&transport=polling&t=LSiFkr4 HTTP/1.1" 200 101 "http://anything.com/" "Mozilla/5.0 (iPhone; CPU iPhone OS 9_3_5 like Mac OS X) AppleWebKit/601.1 (KHTML, like Gecko) CriOS/52.0.2743.84 Mobile/13G36 Safari/601.1.46"
192.168.1.149 - - [14/Sep/2016:22:08:19 -0700] "GET /socket.io/?EIO=3&transport=polling&t=LSiFkrG HTTP/1.1" 200 101 "http://anything.com/" "Mozilla/5.0 (iPhone; CPU iPhone OS 9_3_5 like Mac OS X) AppleWebKit/601.1 (KHTML, like Gecko) CriOS/52.0.2743.84 Mobile/13G36 Safari/601.1.46"
192.168.1.149 - - [14/Sep/2016:22:08:21 -0700] "POST /socket.io/?EIO=3&transport=polling&t=LSiFlDZ&sid=KTvncC_kXSkKyu9nAAAQ HTTP/1.1" 200 2 "http://anything.com/" "Mozilla/5.0 (iPhone; CPU iPhone OS 9_3_5 like Mac OS X) AppleWebKit/601.1 (KHTML, like Gecko) CriOS/52.0.2743.84 Mobile/13G36 Safari/601.1.46"
192.168.1.149 - - [14/Sep/2016:22:08:21 -0700] "GET /socket.io/?EIO=3&transport=polling&t=LSiFlDn&sid=EfH1oJIMpHbqfAU4AAAR HTTP/1.1" 200 5 "http://anything.com/" "Mozilla/5.0 (iPhone; CPU iPhone OS 9_3_5 like Mac OS X) AppleWebKit/601.1 (KHTML, like Gecko) CriOS/52.0.2743.84 Mobile/13G36 Safari/601.1.46"
192.168.1.149 - - [14/Sep/2016:22:08:21 -0700] "GET /socket.io/?EIO=3&transport=polling&t=LSiFlDf&sid=KTvncC_kXSkKyu9nAAAQ HTTP/1.1" 200 17 "http://anything.com/" "Mozilla/5.0 (iPhone; CPU iPhone OS 9_3_5 like Mac OS X) AppleWebKit/601.1 (KHTML, like Gecko) CriOS/52.0.2743.84 Mobile/13G36 Safari/601.1.46"
192.168.1.149 - - [14/Sep/2016:22:08:21 -0700] "POST /socket.io/?EIO=3&transport=polling&t=LSiFlDi&sid=EfH1oJIMpHbqfAU4AAAR HTTP/1.1" 200 2 "http://anything.com/" "Mozilla/5.0 (iPhone; CPU iPhone OS 9_3_5 like Mac OS X) AppleWebKit/601.1 (KHTML, like Gecko) CriOS/52.0.2743.84 Mobile/13G36 Safari/601.1.46"
192.168.1.149 - - [14/Sep/2016:22:08:21 -0700] "GET /socket.io/?EIO=3&transport=polling&t=LSiFlFu&sid=EfH1oJIMpHbqfAU4AAAR HTTP/1.1" 200 12 "http://anything.com/" "Mozilla/5.0 (iPhone; CPU iPhone OS 9_3_5 like Mac OS X) AppleWebKit/601.1 (KHTML, like Gecko) CriOS/52.0.2743.84 Mobile/13G36 Safari/601.1.46"
192.168.1.149 - - [14/Sep/2016:22:08:21 -0700] "POST /socket.io/?EIO=3&transport=polling&t=LSiFlGd&sid=EfH1oJIMpHbqfAU4AAAR HTTP/1.1" 200 2 "http://anything.com/" "Mozilla/5.0 (iPhone; CPU iPhone OS 9_3_5 like Mac OS X) AppleWebKit/601.1 (KHTML, like Gecko) CriOS/52.0.2743.84 Mobile/13G36 Safari/601.1.46"
192.168.1.149 - - [14/Sep/2016:22:08:21 -0700] "GET /socket.io/?EIO=3&transport=polling&t=LSiFlGi&sid=EfH1oJIMpHbqfAU4AAAR HTTP/1.1" 200 253 "http://anything.com/" "Mozilla/5.0 (iPhone; CPU iPhone OS 9_3_5 like Mac OS X) AppleWebKit/601.1 (KHTML, like Gecko) CriOS/52.0.2743.84 Mobile/13G36 Safari/601.1.46"
192.168.1.149 - - [14/Sep/2016:22:08:21 -0700] "GET /socket.io/?EIO=3&transport=polling&t=LSiFlFr&sid=KTvncC_kXSkKyu9nAAAQ HTTP/1.1" 200 4 "http://anything.com/" "Mozilla/5.0 (iPhone; CPU iPhone OS 9_3_5 like Mac OS X) AppleWebKit/601.1 (KHTML, like Gecko) CriOS/52.0.2743.84 Mobile/13G36 Safari/601.1.46"
192.168.1.123 - - [14/Sep/2016:22:08:29 -0700] "GET /socket.io/?EIO=3&transport=websocket&sid=GjMyxkC1YBPJnTz-AAAH HTTP/1.1" 101 11800474 "-" "Mozilla/5.0 (Linux; Android 6.0.1; A0001 Build/MHC19Q) AppleWebKit/537.36 (KHTML, like Gecko) Chrome/53.0.2785.97 Mobile Safari/537.36"
192.168.1.109 - - [14/Sep/2016:22:08:29 -0700] "GET /socket.io/?EIO=3&transport=websocket&sid=4RphA7jBk_GeBNDkAAAB&t=636094869344332057-2 HTTP/1.1" 101 66355102 "-" "-"
192.168.1.149 - - [14/Sep/2016:22:08:29 -0700] "GET /socket.io/?EIO=3&transport=websocket&sid=KTvncC_kXSkKyu9nAAAQ HTTP/1.1" 101 8 "-" "Mozilla/5.0 (iPhone; CPU iPhone OS 9_3_5 like Mac OS X) AppleWebKit/601.1 (KHTML, like Gecko) CriOS/52.0.2743.84 Mobile/13G36 Safari/601.1.46"
192.168.1.132 - - [14/Sep/2016:22:08:29 -0700] "GET /socket.io/?EIO=3&transport=websocket&sid=GWuU6TkXC1H_tKdCAAAF HTTP/1.1" 101 89 "-" "Mozilla/5.0 (iPhone; CPU iPhone OS 9_3_3 like Mac OS X) AppleWebKit/601.1.46 (KHTML, like Gecko) Version/9.0 Mobile/13G34 Safari/601.1"
192.168.1.149 - - [14/Sep/2016:22:08:29 -0700] "GET /socket.io/?EIO=3&transport=websocket&sid=EfH1oJIMpHbqfAU4AAAR HTTP/1.1" 101 128166 "-" "Mozilla/5.0 (iPhone; CPU iPhone OS 9_3_5 like Mac OS X) AppleWebKit/601.1 (KHTML, like Gecko) CriOS/52.0.2743.84 Mobile/13G36 Safari/601.1.46"
192.168.1.130 - - [14/Sep/2016:22:08:29 -0700] "GET /socket.io/?EIO=3&transport=websocket&sid=_oXS0HVmPY2a7_SOAAAK HTTP/1.1" 101 86 "-" "-"
192.168.1.132 - - [14/Sep/2016:22:08:29 -0700] "GET /socket.io/?EIO=3&transport=websocket&sid=cCCs3c77dc2HPkHtAAAG HTTP/1.1" 101 11955417 "-" "Mozilla/5.0 (iPhone; CPU iPhone OS 9_3_3 like Mac OS X) AppleWebKit/601.1.46 (KHTML, like Gecko) Version/9.0 Mobile/13G34 Safari/601.1"
192.168.1.130 - - [14/Sep/2016:22:08:29 -0700] "GET /socket.io/?EIO=3&transport=websocket&sid=PYYmyPZ0vNWwMnCeAAAL HTTP/1.1" 101 8302173 "-" "-"
192.168.1.123 - - [14/Sep/2016:22:08:29 -0700] "GET /socket.io/?EIO=3&transport=polling&t=LSiFnK0 HTTP/1.1" 502 574 "http://spacechat.com/" "Mozilla/5.0 (Linux; Android 6.0.1; A0001 Build/MHC19Q) AppleWebKit/537.36 (KHTML, like Gecko) Chrome/53.0.2785.97 Mobile Safari/537.36"
192.168.1.149 - - [14/Sep/2016:22:08:30 -0700] "GET /socket.io/?EIO=3&transport=polling&t=LSiFnO6 HTTP/1.1" 502 172 "http://anything.com/" "Mozilla/5.0 (iPhone; CPU iPhone OS 9_3_5 like Mac OS X) AppleWebKit/601.1 (KHTML, like Gecko) CriOS/52.0.2743.84 Mobile/13G36 Safari/601.1.46"
192.168.1.149 - - [14/Sep/2016:22:08:30 -0700] "GET /socket.io/?EIO=3&transport=polling&t=LSiFnRg HTTP/1.1" 502 172 "http://anything.com/" "Mozilla/5.0 (iPhone; CPU iPhone OS 9_3_5 like Mac OS X) AppleWebKit/601.1 (KHTML, like Gecko) CriOS/52.0.2743.84 Mobile/13G36 Safari/601.1.46"
192.168.1.132 - - [14/Sep/2016:22:08:30 -0700] "GET /socket.io/?EIO=3&transport=polling&t=LSiFnSk HTTP/1.1" 502 172 "http://spacechat.com/" "Mozilla/5.0 (iPhone; CPU iPhone OS 9_3_3 like Mac OS X) AppleWebKit/601.1.46 (KHTML, like Gecko) Version/9.0 Mobile/13G34 Safari/601.1"
192.168.1.132 - - [14/Sep/2016:22:08:30 -0700] "GET /socket.io/?EIO=3&transport=polling&t=LSiFnSv HTTP/1.1" 502 172 "http://spacechat.com/" "Mozilla/5.0 (iPhone; CPU iPhone OS 9_3_3 like Mac OS X) AppleWebKit/601.1.46 (KHTML, like Gecko) Version/9.0 Mobile/13G34 Safari/601.1"
192.168.1.130 - - [14/Sep/2016:22:08:30 -0700] "GET /socket.io/?EIO=3&transport=polling&t=LSiFn9N HTTP/1.1" 502 574 "http://spacechat.com/" "Mozilla/5.0 (Linux; Android 4.4.2; SAMSUNG-SGH-I747 Build/KOT49H) AppleWebKit/535.19 (KHTML, like Gecko) Chrome/18.0.1025.166 Mobile Safari/535.19"
192.168.1.130 - - [14/Sep/2016:22:08:30 -0700] "GET /socket.io/?EIO=3&transport=polling&t=LSiFnCy HTTP/1.1" 502 574 "http://spacechat.com/" "Mozilla/5.0 (Linux; Android 4.4.2; SAMSUNG-SGH-I747 Build/KOT49H) AppleWebKit/535.19 (KHTML, like Gecko) Chrome/18.0.1025.166 Mobile Safari/535.19"
192.168.1.149 - - [14/Sep/2016:22:08:31 -0700] "GET /socket.io/?EIO=3&transport=polling&t=LSiFnr2 HTTP/1.1" 502 172 "http://anything.com/" "Mozilla/5.0 (iPhone; CPU iPhone OS 9_3_5 like Mac OS X) AppleWebKit/601.1 (KHTML, like Gecko) CriOS/52.0.2743.84 Mobile/13G36 Safari/601.1.46"
192.168.1.149 - - [14/Sep/2016:22:08:32 -0700] "GET /socket.io/?EIO=3&transport=polling&t=LSiFntX HTTP/1.1" 502 172 "http://anything.com/" "Mozilla/5.0 (iPhone; CPU iPhone OS 9_3_5 like Mac OS X) AppleWebKit/601.1 (KHTML, like Gecko) CriOS/52.0.2743.84 Mobile/13G36 Safari/601.1.46"
192.168.1.132 - - [14/Sep/2016:22:08:32 -0700] "GET /socket.io/?EIO=3&transport=polling&t=LSiFnvO HTTP/1.1" 502 172 "http://spacechat.com/" "Mozilla/5.0 (iPhone; CPU iPhone OS 9_3_3 like Mac OS X) AppleWebKit/601.1.46 (KHTML, like Gecko) Version/9.0 Mobile/13G34 Safari/601.1"
192.168.1.132 - - [14/Sep/2016:22:08:32 -0700] "GET /socket.io/?EIO=3&transport=polling&t=LSiFo22 HTTP/1.1" 502 172 "http://spacechat.com/" "Mozilla/5.0 (iPhone; CPU iPhone OS 9_3_3 like Mac OS X) AppleWebKit/601.1.46 (KHTML, like Gecko) Version/9.0 Mobile/13G34 Safari/601.1"
192.168.1.130 - - [14/Sep/2016:22:08:33 -0700] "GET /socket.io/?EIO=3&transport=polling&t=LSiFnqh HTTP/1.1" 502 574 "http://spacechat.com/" "Mozilla/5.0 (Linux; Android 4.4.2; SAMSUNG-SGH-I747 Build/KOT49H) AppleWebKit/535.19 (KHTML, like Gecko) Chrome/18.0.1025.166 Mobile Safari/535.19"
192.168.1.130 - - [14/Sep/2016:22:08:33 -0700] "GET /socket.io/?EIO=3&transport=polling&t=LSiFnwN HTTP/1.1" 502 574 "http://spacechat.com/" "Mozilla/5.0 (Linux; Android 4.4.2; SAMSUNG-SGH-I747 Build/KOT49H) AppleWebKit/535.19 (KHTML, like Gecko) Chrome/18.0.1025.166 Mobile Safari/535.19"
192.168.1.123 - - [14/Sep/2016:22:08:33 -0700] "GET /socket.io/?EIO=3&transport=polling&t=LSiFoIK HTTP/1.1" 502 574 "http://spacechat.com/" "Mozilla/5.0 (Linux; Android 6.0.1; A0001 Build/MHC19Q) AppleWebKit/537.36 (KHTML, like Gecko) Chrome/53.0.2785.97 Mobile Safari/537.36"
192.168.1.149 - - [14/Sep/2016:22:08:35 -0700] "GET /socket.io/?EIO=3&transport=polling&t=LSiFodJ HTTP/1.1" 502 172 "http://anything.com/" "Mozilla/5.0 (iPhone; CPU iPhone OS 9_3_5 like Mac OS X) AppleWebKit/601.1 (KHTML, like Gecko) CriOS/52.0.2743.84 Mobile/13G36 Safari/601.1.46"
192.168.1.132 - - [14/Sep/2016:22:08:35 -0700] "GET /socket.io/?EIO=3&transport=polling&t=LSiFoqF HTTP/1.1" 502 172 "http://spacechat.com/" "Mozilla/5.0 (iPhone; CPU iPhone OS 9_3_3 like Mac OS X) AppleWebKit/601.1.46 (KHTML, like Gecko) Version/9.0 Mobile/13G34 Safari/601.1"
192.168.1.149 - - [14/Sep/2016:22:08:36 -0700] "GET /socket.io/?EIO=3&transport=polling&t=LSiFotc HTTP/1.1" 502 172 "http://anything.com/" "Mozilla/5.0 (iPhone; CPU iPhone OS 9_3_5 like Mac OS X) AppleWebKit/601.1 (KHTML, like Gecko) CriOS/52.0.2743.84 Mobile/13G36 Safari/601.1.46"
192.168.1.132 - - [14/Sep/2016:22:08:36 -0700] "GET /socket.io/?EIO=3&transport=polling&t=LSiFp3u HTTP/1.1" 502 172 "http://spacechat.com/" "Mozilla/5.0 (iPhone; CPU iPhone OS 9_3_3 like Mac OS X) AppleWebKit/601.1.46 (KHTML, like Gecko) Version/9.0 Mobile/13G34 Safari/601.1"
192.168.1.130 - - [14/Sep/2016:22:08:36 -0700] "GET /socket.io/?EIO=3&transport=polling&t=LSiFonF HTTP/1.1" 502 574 "http://spacechat.com/" "Mozilla/5.0 (Linux; Android 4.4.2; SAMSUNG-SGH-I747 Build/KOT49H) AppleWebKit/535.19 (KHTML, like Gecko) Chrome/18.0.1025.166 Mobile Safari/535.19"
192.168.1.130 - - [14/Sep/2016:22:08:38 -0700] "GET /socket.io/?EIO=3&transport=polling&t=LSiFp3p HTTP/1.1" 502 574 "http://spacechat.com/" "Mozilla/5.0 (Linux; Android 4.4.2; SAMSUNG-SGH-I747 Build/KOT49H) AppleWebKit/535.19 (KHTML, like Gecko) Chrome/18.0.1025.166 Mobile Safari/535.19"
192.168.1.149 - - [14/Sep/2016:22:08:40 -0700] "GET /socket.io/?EIO=3&transport=polling&t=LSiFps9 HTTP/1.1" 502 172 "http://anything.com/" "Mozilla/5.0 (iPhone; CPU iPhone OS 9_3_5 like Mac OS X) AppleWebKit/601.1 (KHTML, like Gecko) CriOS/52.0.2743.84 Mobile/13G36 Safari/601.1.46"
192.168.1.123 - - [14/Sep/2016:22:08:40 -0700] "GET /socket.io/?EIO=3&transport=polling&t=LSiFp_g HTTP/1.1" 502 574 "http://spacechat.com/" "Mozilla/5.0 (Linux; Android 6.0.1; A0001 Build/MHC19Q) AppleWebKit/537.36 (KHTML, like Gecko) Chrome/53.0.2785.97 Mobile Safari/537.36"
192.168.1.132 - - [14/Sep/2016:22:08:40 -0700] "GET /socket.io/?EIO=3&transport=polling&t=LSiFq2d HTTP/1.1" 502 172 "http://spacechat.com/" "Mozilla/5.0 (iPhone; CPU iPhone OS 9_3_3 like Mac OS X) AppleWebKit/601.1.46 (KHTML, like Gecko) Version/9.0 Mobile/13G34 Safari/601.1"
192.168.1.149 - - [14/Sep/2016:22:08:41 -0700] "GET /socket.io/?EIO=3&transport=polling&t=LSiFq6W HTTP/1.1" 502 172 "http://anything.com/" "Mozilla/5.0 (iPhone; CPU iPhone OS 9_3_5 like Mac OS X) AppleWebKit/601.1 (KHTML, like Gecko) CriOS/52.0.2743.84 Mobile/13G36 Safari/601.1.46"
192.168.1.149 - - [14/Sep/2016:22:08:41 -0700] "GET /socket.io/?EIO=3&transport=polling&t=LSiFq8A HTTP/1.1" 502 172 "http://anything.com/" "Mozilla/5.0 (iPhone; CPU iPhone OS 9_3_5 like Mac OS X) AppleWebKit/601.1 (KHTML, like Gecko) CriOS/52.0.2743.84 Mobile/13G36 Safari/601.1.46"
192.168.1.132 - - [14/Sep/2016:22:08:41 -0700] "GET /socket.io/?EIO=3&transport=polling&t=LSiFqIG HTTP/1.1" 502 172 "http://spacechat.com/" "Mozilla/5.0 (iPhone; CPU iPhone OS 9_3_3 like Mac OS X) AppleWebKit/601.1.46 (KHTML, like Gecko) Version/9.0 Mobile/13G34 Safari/601.1"
192.168.1.130 - - [14/Sep/2016:22:08:42 -0700] "GET /socket.io/?EIO=3&transport=polling&t=LSiFq0t HTTP/1.1" 502 574 "http://spacechat.com/" "Mozilla/5.0 (Linux; Android 4.4.2; SAMSUNG-SGH-I747 Build/KOT49H) AppleWebKit/535.19 (KHTML, like Gecko) Chrome/18.0.1025.166 Mobile Safari/535.19"
192.168.1.132 - - [14/Sep/2016:22:08:42 -0700] "GET /socket.io/?EIO=3&transport=polling&t=LSiFqPq HTTP/1.1" 502 172 "http://spacechat.com/" "Mozilla/5.0 (iPhone; CPU iPhone OS 9_3_3 like Mac OS X) AppleWebKit/601.1.46 (KHTML, like Gecko) Version/9.0 Mobile/13G34 Safari/601.1"
192.168.1.149 - - [14/Sep/2016:22:08:43 -0700] "GET /socket.io/?EIO=3&transport=polling&t=LSiFqbu HTTP/1.1" 502 172 "http://anything.com/" "Mozilla/5.0 (iPhone; CPU iPhone OS 9_3_5 like Mac OS X) AppleWebKit/601.1 (KHTML, like Gecko) CriOS/52.0.2743.84 Mobile/13G36 Safari/601.1.46"
192.168.1.130 - - [14/Sep/2016:22:08:43 -0700] "GET /socket.io/?EIO=3&transport=polling&t=LSiFqJ2 HTTP/1.1" 502 574 "http://spacechat.com/" "Mozilla/5.0 (Linux; Android 4.4.2; SAMSUNG-SGH-I747 Build/KOT49H) AppleWebKit/535.19 (KHTML, like Gecko) Chrome/18.0.1025.166 Mobile Safari/535.19"
192.168.1.132 - - [14/Sep/2016:22:08:43 -0700] "GET /socket.io/?EIO=3&transport=polling&t=LSiFqed HTTP/1.1" 502 172 "http://spacechat.com/" "Mozilla/5.0 (iPhone; CPU iPhone OS 9_3_3 like Mac OS X) AppleWebKit/601.1.46 (KHTML, like Gecko) Version/9.0 Mobile/13G34 Safari/601.1"
192.168.1.132 - - [14/Sep/2016:22:08:44 -0700] "GET / HTTP/1.1" 502 172 "-" "Mozilla/5.0 (iPhone; CPU iPhone OS 9_3_3 like Mac OS X) AppleWebKit/601.1.46 (KHTML, like Gecko) Version/9.0 Mobile/13G34 Safari/601.1"
192.168.1.149 - - [14/Sep/2016:22:08:44 -0700] "GET /socket.io/?EIO=3&transport=polling&t=LSiFqvL HTTP/1.1" 502 172 "http://anything.com/" "Mozilla/5.0 (iPhone; CPU iPhone OS 9_3_5 like Mac OS X) AppleWebKit/601.1 (KHTML, like Gecko) CriOS/52.0.2743.84 Mobile/13G36 Safari/601.1.46"
192.168.1.149 - - [14/Sep/2016:22:08:45 -0700] "GET /socket.io/?EIO=3&transport=polling&t=LSiFr51 HTTP/1.1" 502 172 "http://anything.com/" "Mozilla/5.0 (iPhone; CPU iPhone OS 9_3_5 like Mac OS X) AppleWebKit/601.1 (KHTML, like Gecko) CriOS/52.0.2743.84 Mobile/13G36 Safari/601.1.46"
192.168.1.123 - - [14/Sep/2016:22:08:46 -0700] "GET /socket.io/?EIO=3&transport=polling&t=LSiFrTS HTTP/1.1" 200 101 "http://spacechat.com/" "Mozilla/5.0 (Linux; Android 6.0.1; A0001 Build/MHC19Q) AppleWebKit/537.36 (KHTML, like Gecko) Chrome/53.0.2785.97 Mobile Safari/537.36"
192.168.1.123 - - [14/Sep/2016:22:08:46 -0700] "POST /socket.io/?EIO=3&transport=polling&t=LSiFrUO&sid=AfxlPL5Jf3vFzGMPAAAA HTTP/1.1" 200 2 "http://spacechat.com/" "Mozilla/5.0 (Linux; Android 6.0.1; A0001 Build/MHC19Q) AppleWebKit/537.36 (KHTML, like Gecko) Chrome/53.0.2785.97 Mobile Safari/537.36"
192.168.1.123 - - [14/Sep/2016:22:08:46 -0700] "GET /socket.io/?EIO=3&transport=polling&t=LSiFrUb&sid=AfxlPL5Jf3vFzGMPAAAA HTTP/1.1" 200 103 "http://spacechat.com/" "Mozilla/5.0 (Linux; Android 6.0.1; A0001 Build/MHC19Q) AppleWebKit/537.36 (KHTML, like Gecko) Chrome/53.0.2785.97 Mobile Safari/537.36"
192.168.1.123 - - [14/Sep/2016:22:08:47 -0700] "POST /socket.io/?EIO=3&transport=polling&t=LSiFrVF&sid=AfxlPL5Jf3vFzGMPAAAA HTTP/1.1" 200 2 "http://spacechat.com/" "Mozilla/5.0 (Linux; Android 6.0.1; A0001 Build/MHC19Q) AppleWebKit/537.36 (KHTML, like Gecko) Chrome/53.0.2785.97 Mobile Safari/537.36"
192.168.1.130 - - [14/Sep/2016:22:08:47 -0700] "GET /socket.io/?EIO=3&transport=polling&t=LSiFrFf HTTP/1.1" 200 101 "http://spacechat.com/" "Mozilla/5.0 (Linux; Android 4.4.2; SAMSUNG-SGH-I747 Build/KOT49H) AppleWebKit/535.19 (KHTML, like Gecko) Chrome/18.0.1025.166 Mobile Safari/535.19"
192.168.1.130 - - [14/Sep/2016:22:08:47 -0700] "POST /socket.io/?EIO=3&transport=polling&t=LSiFrGJ&sid=W_Q8UJSZJsmas3NHAAAB HTTP/1.1" 200 2 "http://spacechat.com/" "Mozilla/5.0 (Linux; Android 4.4.2; SAMSUNG-SGH-I747 Build/KOT49H) AppleWebKit/535.19 (KHTML, like Gecko) Chrome/18.0.1025.166 Mobile Safari/535.19"
192.168.1.123 - - [14/Sep/2016:22:08:47 -0700] "GET /socket.io/?EIO=3&transport=polling&t=LSiFrVI&sid=AfxlPL5Jf3vFzGMPAAAA HTTP/1.1" 200 4 "http://spacechat.com/" "Mozilla/5.0 (Linux; Android 6.0.1; A0001 Build/MHC19Q) AppleWebKit/537.36 (KHTML, like Gecko) Chrome/53.0.2785.97 Mobile Safari/537.36"
192.168.1.130 - - [14/Sep/2016:22:08:47 -0700] "GET /socket.io/?EIO=3&transport=polling&t=LSiFrGS&sid=W_Q8UJSZJsmas3NHAAAB HTTP/1.1" 200 103 "http://spacechat.com/" "Mozilla/5.0 (Linux; Android 4.4.2; SAMSUNG-SGH-I747 Build/KOT49H) AppleWebKit/535.19 (KHTML, like Gecko) Chrome/18.0.1025.166 Mobile Safari/535.19"
192.168.1.130 - - [14/Sep/2016:22:08:47 -0700] "POST /socket.io/?EIO=3&transport=polling&t=LSiFrH8&sid=W_Q8UJSZJsmas3NHAAAB HTTP/1.1" 200 2 "http://spacechat.com/" "Mozilla/5.0 (Linux; Android 4.4.2; SAMSUNG-SGH-I747 Build/KOT49H) AppleWebKit/535.19 (KHTML, like Gecko) Chrome/18.0.1025.166 Mobile Safari/535.19"
192.168.1.130 - - [14/Sep/2016:22:08:47 -0700] "GET /socket.io/?EIO=3&transport=polling&t=LSiFrJA&sid=W_Q8UJSZJsmas3NHAAAB HTTP/1.1" 200 4 "http://spacechat.com/" "Mozilla/5.0 (Linux; Android 4.4.2; SAMSUNG-SGH-I747 Build/KOT49H) AppleWebKit/535.19 (KHTML, like Gecko) Chrome/18.0.1025.166 Mobile Safari/535.19"
192.168.1.149 - - [14/Sep/2016:22:08:47 -0700] "GET /socket.io/?EIO=3&transport=polling&t=LSiFrfU HTTP/1.1" 200 101 "http://anything.com/" "Mozilla/5.0 (iPhone; CPU iPhone OS 9_3_5 like Mac OS X) AppleWebKit/601.1 (KHTML, like Gecko) CriOS/52.0.2743.84 Mobile/13G36 Safari/601.1.46"
192.168.1.149 - - [14/Sep/2016:22:08:47 -0700] "POST /socket.io/?EIO=3&transport=polling&t=LSiFrfq&sid=cCN1uZBeCwC7pX59AAAC HTTP/1.1" 200 2 "http://anything.com/" "Mozilla/5.0 (iPhone; CPU iPhone OS 9_3_5 like Mac OS X) AppleWebKit/601.1 (KHTML, like Gecko) CriOS/52.0.2743.84 Mobile/13G36 Safari/601.1.46"
192.168.1.149 - - [14/Sep/2016:22:08:47 -0700] "GET /socket.io/?EIO=3&transport=polling&t=LSiFrfz&sid=cCN1uZBeCwC7pX59AAAC HTTP/1.1" 200 103 "http://anything.com/" "Mozilla/5.0 (iPhone; CPU iPhone OS 9_3_5 like Mac OS X) AppleWebKit/601.1 (KHTML, like Gecko) CriOS/52.0.2743.84 Mobile/13G36 Safari/601.1.46"
192.168.1.149 - - [14/Sep/2016:22:08:47 -0700] "POST /socket.io/?EIO=3&transport=polling&t=LSiFrgP&sid=cCN1uZBeCwC7pX59AAAC HTTP/1.1" 200 2 "http://anything.com/" "Mozilla/5.0 (iPhone; CPU iPhone OS 9_3_5 like Mac OS X) AppleWebKit/601.1 (KHTML, like Gecko) CriOS/52.0.2743.84 Mobile/13G36 Safari/601.1.46"
192.168.1.149 - - [14/Sep/2016:22:08:47 -0700] "POST /socket.io/?EIO=3&transport=polling&t=LSiFrjI&sid=cCN1uZBeCwC7pX59AAAC HTTP/1.1" 200 2 "http://anything.com/" "Mozilla/5.0 (iPhone; CPU iPhone OS 9_3_5 like Mac OS X) AppleWebKit/601.1 (KHTML, like Gecko) CriOS/52.0.2743.84 Mobile/13G36 Safari/601.1.46"
192.168.1.149 - - [14/Sep/2016:22:08:47 -0700] "GET /socket.io/?EIO=3&transport=polling&t=LSiFrhz&sid=cCN1uZBeCwC7pX59AAAC HTTP/1.1" 200 4 "http://anything.com/" "Mozilla/5.0 (iPhone; CPU iPhone OS 9_3_5 like Mac OS X) AppleWebKit/601.1 (KHTML, like Gecko) CriOS/52.0.2743.84 Mobile/13G36 Safari/601.1.46"
192.168.1.130 - - [14/Sep/2016:22:08:48 -0700] "GET /socket.io/?EIO=3&transport=polling&t=LSiFrXu HTTP/1.1" 200 101 "http://spacechat.com/" "Mozilla/5.0 (Linux; Android 4.4.2; SAMSUNG-SGH-I747 Build/KOT49H) AppleWebKit/535.19 (KHTML, like Gecko) Chrome/18.0.1025.166 Mobile Safari/535.19"
192.168.1.130 - - [14/Sep/2016:22:08:48 -0700] "POST /socket.io/?EIO=3&transport=polling&t=LSiFrYN&sid=o3FaNJj6lIMJeE2xAAAD HTTP/1.1" 200 2 "http://spacechat.com/" "Mozilla/5.0 (Linux; Android 4.4.2; SAMSUNG-SGH-I747 Build/KOT49H) AppleWebKit/535.19 (KHTML, like Gecko) Chrome/18.0.1025.166 Mobile Safari/535.19"
192.168.1.130 - - [14/Sep/2016:22:08:48 -0700] "GET /socket.io/?EIO=3&transport=polling&t=LSiFrYQ&sid=o3FaNJj6lIMJeE2xAAAD HTTP/1.1" 200 103 "http://spacechat.com/" "Mozilla/5.0 (Linux; Android 4.4.2; SAMSUNG-SGH-I747 Build/KOT49H) AppleWebKit/535.19 (KHTML, like Gecko) Chrome/18.0.1025.166 Mobile Safari/535.19"
192.168.1.130 - - [14/Sep/2016:22:08:48 -0700] "GET /socket.io/?EIO=3&transport=polling&t=LSiFrZ6&sid=o3FaNJj6lIMJeE2xAAAD HTTP/1.1" 200 4 "http://spacechat.com/" "Mozilla/5.0 (Linux; Android 4.4.2; SAMSUNG-SGH-I747 Build/KOT49H) AppleWebKit/535.19 (KHTML, like Gecko) Chrome/18.0.1025.166 Mobile Safari/535.19"
192.168.1.132 - - [14/Sep/2016:22:08:48 -0700] "GET / HTTP/1.1" 200 533 "-" "Mozilla/5.0 (iPhone; CPU iPhone OS 9_3_3 like Mac OS X) AppleWebKit/601.1.46 (KHTML, like Gecko) Version/9.0 Mobile/13G34 Safari/601.1"
192.168.1.132 - - [14/Sep/2016:22:08:48 -0700] "GET /socket.io/socket.io.js HTTP/1.1" 304 0 "http://spacechat.com/" "Mozilla/5.0 (iPhone; CPU iPhone OS 9_3_3 like Mac OS X) AppleWebKit/601.1.46 (KHTML, like Gecko) Version/9.0 Mobile/13G34 Safari/601.1"
192.168.1.132 - - [14/Sep/2016:22:08:48 -0700] "GET /socket.io/?EIO=3&transport=polling&t=LSiFrxg HTTP/1.1" 200 101 "http://spacechat.com/" "Mozilla/5.0 (iPhone; CPU iPhone OS 9_3_3 like Mac OS X) AppleWebKit/601.1.46 (KHTML, like Gecko) Version/9.0 Mobile/13G34 Safari/601.1"
192.168.1.132 - - [14/Sep/2016:22:08:48 -0700] "GET /socket.io/?EIO=3&transport=polling&t=LSiFrxh HTTP/1.1" 200 101 "http://spacechat.com/" "Mozilla/5.0 (iPhone; CPU iPhone OS 9_3_3 like Mac OS X) AppleWebKit/601.1.46 (KHTML, like Gecko) Version/9.0 Mobile/13G34 Safari/601.1"
192.168.1.132 - - [14/Sep/2016:22:08:48 -0700] "POST /socket.io/?EIO=3&transport=polling&t=LSiFryP&sid=kUEeaQaskfMu2DkbAAAE HTTP/1.1" 200 2 "http://spacechat.com/" "Mozilla/5.0 (iPhone; CPU iPhone OS 9_3_3 like Mac OS X) AppleWebKit/601.1.46 (KHTML, like Gecko) Version/9.0 Mobile/13G34 Safari/601.1"
192.168.1.132 - - [14/Sep/2016:22:08:48 -0700] "GET /socket.io/?EIO=3&transport=polling&t=LSiFryQ&sid=kUEeaQaskfMu2DkbAAAE HTTP/1.1" 200 103 "http://spacechat.com/" "Mozilla/5.0 (iPhone; CPU iPhone OS 9_3_3 like Mac OS X) AppleWebKit/601.1.46 (KHTML, like Gecko) Version/9.0 Mobile/13G34 Safari/601.1"
192.168.1.132 - - [14/Sep/2016:22:08:48 -0700] "POST /socket.io/?EIO=3&transport=polling&t=LSiFryQ.0&sid=KZ1Te2H68I-Vc7ErAAAF HTTP/1.1" 200 2 "http://spacechat.com/" "Mozilla/5.0 (iPhone; CPU iPhone OS 9_3_3 like Mac OS X) AppleWebKit/601.1.46 (KHTML, like Gecko) Version/9.0 Mobile/13G34 Safari/601.1"
192.168.1.132 - - [14/Sep/2016:22:08:48 -0700] "GET /socket.io/?EIO=3&transport=polling&t=LSiFryR&sid=KZ1Te2H68I-Vc7ErAAAF HTTP/1.1" 200 103 "http://spacechat.com/" "Mozilla/5.0 (iPhone; CPU iPhone OS 9_3_3 like Mac OS X) AppleWebKit/601.1.46 (KHTML, like Gecko) Version/9.0 Mobile/13G34 Safari/601.1"
192.168.1.132 - - [14/Sep/2016:22:08:48 -0700] "POST /socket.io/?EIO=3&transport=polling&t=LSiFr-6&sid=KZ1Te2H68I-Vc7ErAAAF HTTP/1.1" 200 2 "http://spacechat.com/" "Mozilla/5.0 (iPhone; CPU iPhone OS 9_3_3 like Mac OS X) AppleWebKit/601.1.46 (KHTML, like Gecko) Version/9.0 Mobile/13G34 Safari/601.1"
192.168.1.132 - - [14/Sep/2016:22:08:48 -0700] "POST /socket.io/?EIO=3&transport=polling&t=LSiFr-G&sid=KZ1Te2H68I-Vc7ErAAAF HTTP/1.1" 200 2 "http://spacechat.com/" "Mozilla/5.0 (iPhone; CPU iPhone OS 9_3_3 like Mac OS X) AppleWebKit/601.1.46 (KHTML, like Gecko) Version/9.0 Mobile/13G34 Safari/601.1"
192.168.1.132 - - [14/Sep/2016:22:08:48 -0700] "GET /socket.io/?EIO=3&transport=polling&t=LSiFr-8&sid=KZ1Te2H68I-Vc7ErAAAF HTTP/1.1" 200 4 "http://spacechat.com/" "Mozilla/5.0 (iPhone; CPU iPhone OS 9_3_3 like Mac OS X) AppleWebKit/601.1.46 (KHTML, like Gecko) Version/9.0 Mobile/13G34 Safari/601.1"
192.168.1.132 - - [14/Sep/2016:22:08:48 -0700] "GET /socket.io/?EIO=3&transport=polling&t=LSiFrz0&sid=kUEeaQaskfMu2DkbAAAE HTTP/1.1" 200 4 "http://spacechat.com/" "Mozilla/5.0 (iPhone; CPU iPhone OS 9_3_3 like Mac OS X) AppleWebKit/601.1.46 (KHTML, like Gecko) Version/9.0 Mobile/13G34 Safari/601.1"
192.168.1.149 - - [14/Sep/2016:22:08:49 -0700] "GET /socket.io/?EIO=3&transport=polling&t=LSiFs88 HTTP/1.1" 200 101 "http://anything.com/" "Mozilla/5.0 (iPhone; CPU iPhone OS 9_3_5 like Mac OS X) AppleWebKit/601.1 (KHTML, like Gecko) CriOS/52.0.2743.84 Mobile/13G36 Safari/601.1.46"
192.168.1.149 - - [14/Sep/2016:22:08:49 -0700] "POST /socket.io/?EIO=3&transport=polling&t=LSiFs8s&sid=F63ppwYq2SP4DUjYAAAG HTTP/1.1" 200 2 "http://anything.com/" "Mozilla/5.0 (iPhone; CPU iPhone OS 9_3_5 like Mac OS X) AppleWebKit/601.1 (KHTML, like Gecko) CriOS/52.0.2743.84 Mobile/13G36 Safari/601.1.46"
192.168.1.149 - - [14/Sep/2016:22:08:49 -0700] "GET /socket.io/?EIO=3&transport=polling&t=LSiFs8v&sid=F63ppwYq2SP4DUjYAAAG HTTP/1.1" 200 103 "http://anything.com/" "Mozilla/5.0 (iPhone; CPU iPhone OS 9_3_5 like Mac OS X) AppleWebKit/601.1 (KHTML, like Gecko) CriOS/52.0.2743.84 Mobile/13G36 Safari/601.1.46"
192.168.1.149 - - [14/Sep/2016:22:08:49 -0700] "POST /socket.io/?EIO=3&transport=polling&t=LSiFs9T&sid=F63ppwYq2SP4DUjYAAAG HTTP/1.1" 200 2 "http://anything.com/" "Mozilla/5.0 (iPhone; CPU iPhone OS 9_3_5 like Mac OS X) AppleWebKit/601.1 (KHTML, like Gecko) CriOS/52.0.2743.84 Mobile/13G36 Safari/601.1.46"
192.168.1.149 - - [14/Sep/2016:22:08:49 -0700] "POST /socket.io/?EIO=3&transport=polling&t=LSiFsBM&sid=F63ppwYq2SP4DUjYAAAG HTTP/1.1" 200 2 "http://anything.com/" "Mozilla/5.0 (iPhone; CPU iPhone OS 9_3_5 like Mac OS X) AppleWebKit/601.1 (KHTML, like Gecko) CriOS/52.0.2743.84 Mobile/13G36 Safari/601.1.46"
192.168.1.149 - - [14/Sep/2016:22:08:49 -0700] "GET /socket.io/?EIO=3&transport=polling&t=LSiFsAU&sid=F63ppwYq2SP4DUjYAAAG HTTP/1.1" 200 4 "http://anything.com/" "Mozilla/5.0 (iPhone; CPU iPhone OS 9_3_5 like Mac OS X) AppleWebKit/601.1 (KHTML, like Gecko) CriOS/52.0.2743.84 Mobile/13G36 Safari/601.1.46"
192.168.1.149 - - [14/Sep/2016:22:08:50 -0700] "GET /socket.io/?EIO=3&transport=polling&t=LSiFsJq HTTP/1.1" 200 101 "http://anything.com/" "Mozilla/5.0 (iPhone; CPU iPhone OS 9_3_5 like Mac OS X) AppleWebKit/601.1 (KHTML, like Gecko) CriOS/52.0.2743.84 Mobile/13G36 Safari/601.1.46"
192.168.1.149 - - [14/Sep/2016:22:08:50 -0700] "POST /socket.io/?EIO=3&transport=polling&t=LSiFsKH&sid=hK3ezaQXMP-PiTrEAAAH HTTP/1.1" 200 2 "http://anything.com/" "Mozilla/5.0 (iPhone; CPU iPhone OS 9_3_5 like Mac OS X) AppleWebKit/601.1 (KHTML, like Gecko) CriOS/52.0.2743.84 Mobile/13G36 Safari/601.1.46"
192.168.1.149 - - [14/Sep/2016:22:08:50 -0700] "GET /socket.io/?EIO=3&transport=polling&t=LSiFsKO&sid=hK3ezaQXMP-PiTrEAAAH HTTP/1.1" 200 103 "http://anything.com/" "Mozilla/5.0 (iPhone; CPU iPhone OS 9_3_5 like Mac OS X) AppleWebKit/601.1 (KHTML, like Gecko) CriOS/52.0.2743.84 Mobile/13G36 Safari/601.1.46"
192.168.1.149 - - [14/Sep/2016:22:08:50 -0700] "GET /socket.io/?EIO=3&transport=polling&t=LSiFsL1&sid=hK3ezaQXMP-PiTrEAAAH HTTP/1.1" 200 4 "http://anything.com/" "Mozilla/5.0 (iPhone; CPU iPhone OS 9_3_5 like Mac OS X) AppleWebKit/601.1 (KHTML, like Gecko) CriOS/52.0.2743.84 Mobile/13G36 Safari/601.1.46"
192.168.1.132 - - [14/Sep/2016:22:08:53 -0700] "GET /socket.io/?EIO=3&transport=websocket&sid=KZ1Te2H68I-Vc7ErAAAF HTTP/1.1" 101 12 "-" "Mozilla/5.0 (iPhone; CPU iPhone OS 9_3_3 like Mac OS X) AppleWebKit/601.1.46 (KHTML, like Gecko) Version/9.0 Mobile/13G34 Safari/601.1"
192.168.1.149 - - [14/Sep/2016:22:09:00 -0700] "GET /socket.io/?EIO=3&transport=websocket&sid=F63ppwYq2SP4DUjYAAAG HTTP/1.1" 101 12 "-" "Mozilla/5.0 (iPhone; CPU iPhone OS 9_3_5 like Mac OS X) AppleWebKit/601.1 (KHTML, like Gecko) CriOS/52.0.2743.84 Mobile/13G36 Safari/601.1.46"
192.168.1.123 - - [14/Sep/2016:22:09:08 -0700] "GET /socket.io/?EIO=3&transport=websocket&sid=AfxlPL5Jf3vFzGMPAAAA HTTP/1.1" 101 8 "-" "Mozilla/5.0 (Linux; Android 6.0.1; A0001 Build/MHC19Q) AppleWebKit/537.36 (KHTML, like Gecko) Chrome/53.0.2785.97 Mobile Safari/537.36"
192.168.1.130 - - [14/Sep/2016:22:09:08 -0700] "GET /socket.io/?EIO=3&transport=websocket&sid=W_Q8UJSZJsmas3NHAAAB HTTP/1.1" 101 8 "-" "-"
192.168.1.130 - - [14/Sep/2016:22:09:08 -0700] "GET /socket.io/?EIO=3&transport=websocket&sid=o3FaNJj6lIMJeE2xAAAD HTTP/1.1" 101 8 "-" "-"
192.168.1.149 - - [14/Sep/2016:22:09:08 -0700] "GET /socket.io/?EIO=3&transport=websocket&sid=cCN1uZBeCwC7pX59AAAC HTTP/1.1" 101 8 "-" "Mozilla/5.0 (iPhone; CPU iPhone OS 9_3_5 like Mac OS X) AppleWebKit/601.1 (KHTML, like Gecko) CriOS/52.0.2743.84 Mobile/13G36 Safari/601.1.46"
192.168.1.149 - - [14/Sep/2016:22:09:08 -0700] "GET /socket.io/?EIO=3&transport=websocket&sid=hK3ezaQXMP-PiTrEAAAH HTTP/1.1" 101 8 "-" "Mozilla/5.0 (iPhone; CPU iPhone OS 9_3_5 like Mac OS X) AppleWebKit/601.1 (KHTML, like Gecko) CriOS/52.0.2743.84 Mobile/13G36 Safari/601.1.46"
192.168.1.132 - - [14/Sep/2016:22:09:08 -0700] "GET /socket.io/?EIO=3&transport=websocket&sid=kUEeaQaskfMu2DkbAAAE HTTP/1.1" 101 8 "-" "Mozilla/5.0 (iPhone; CPU iPhone OS 9_3_3 like Mac OS X) AppleWebKit/601.1.46 (KHTML, like Gecko) Version/9.0 Mobile/13G34 Safari/601.1"
192.168.1.132 - - [14/Sep/2016:22:09:09 -0700] "GET /socket.io/?EIO=3&transport=polling&t=LSiFx1p HTTP/1.1" 502 172 "http://spacechat.com/" "Mozilla/5.0 (iPhone; CPU iPhone OS 9_3_3 like Mac OS X) AppleWebKit/601.1.46 (KHTML, like Gecko) Version/9.0 Mobile/13G34 Safari/601.1"
192.168.1.130 - - [14/Sep/2016:22:09:09 -0700] "GET /socket.io/?EIO=3&transport=polling&t=LSiFwoH HTTP/1.1" 502 574 "http://spacechat.com/" "Mozilla/5.0 (Linux; Android 4.4.2; SAMSUNG-SGH-I747 Build/KOT49H) AppleWebKit/535.19 (KHTML, like Gecko) Chrome/18.0.1025.166 Mobile Safari/535.19"
192.168.1.130 - - [14/Sep/2016:22:09:09 -0700] "GET /socket.io/?EIO=3&transport=polling&t=LSiFwph HTTP/1.1" 502 574 "http://spacechat.com/" "Mozilla/5.0 (Linux; Android 4.4.2; SAMSUNG-SGH-I747 Build/KOT49H) AppleWebKit/535.19 (KHTML, like Gecko) Chrome/18.0.1025.166 Mobile Safari/535.19"
192.168.1.149 - - [14/Sep/2016:22:09:09 -0700] "GET /socket.io/?EIO=3&transport=polling&t=LSiFx7U HTTP/1.1" 502 172 "http://anything.com/" "Mozilla/5.0 (iPhone; CPU iPhone OS 9_3_5 like Mac OS X) AppleWebKit/601.1 (KHTML, like Gecko) CriOS/52.0.2743.84 Mobile/13G36 Safari/601.1.46"
192.168.1.149 - - [14/Sep/2016:22:09:10 -0700] "GET /socket.io/?EIO=3&transport=polling&t=LSiFxA5 HTTP/1.1" 502 172 "http://anything.com/" "Mozilla/5.0 (iPhone; CPU iPhone OS 9_3_5 like Mac OS X) AppleWebKit/601.1 (KHTML, like Gecko) CriOS/52.0.2743.84 Mobile/13G36 Safari/601.1.46"
192.168.1.123 - - [14/Sep/2016:22:09:10 -0700] "GET /socket.io/?EIO=3&transport=polling&t=LSiFxKV HTTP/1.1" 502 574 "http://spacechat.com/" "Mozilla/5.0 (Linux; Android 6.0.1; A0001 Build/MHC19Q) AppleWebKit/537.36 (KHTML, like Gecko) Chrome/53.0.2785.97 Mobile Safari/537.36"
192.168.1.149 - - [14/Sep/2016:22:09:11 -0700] "GET /socket.io/?EIO=3&transport=polling&t=LSiFxPo HTTP/1.1" 502 172 "http://anything.com/" "Mozilla/5.0 (iPhone; CPU iPhone OS 9_3_5 like Mac OS X) AppleWebKit/601.1 (KHTML, like Gecko) CriOS/52.0.2743.84 Mobile/13G36 Safari/601.1.46"
192.168.1.130 - - [14/Sep/2016:22:09:11 -0700] "GET /socket.io/?EIO=3&transport=polling&t=LSiFx9t HTTP/1.1" 502 574 "http://spacechat.com/" "Mozilla/5.0 (Linux; Android 4.4.2; SAMSUNG-SGH-I747 Build/KOT49H) AppleWebKit/535.19 (KHTML, like Gecko) Chrome/18.0.1025.166 Mobile Safari/535.19"
192.168.1.132 - - [14/Sep/2016:22:09:11 -0700] "GET /socket.io/?EIO=3&transport=polling&t=LSiFxZ- HTTP/1.1" 502 172 "http://spacechat.com/" "Mozilla/5.0 (iPhone; CPU iPhone OS 9_3_3 like Mac OS X) AppleWebKit/601.1.46 (KHTML, like Gecko) Version/9.0 Mobile/13G34 Safari/601.1"
192.168.1.130 - - [14/Sep/2016:22:09:12 -0700] "GET /socket.io/?EIO=3&transport=polling&t=LSiFxL4 HTTP/1.1" 502 574 "http://spacechat.com/" "Mozilla/5.0 (Linux; Android 4.4.2; SAMSUNG-SGH-I747 Build/KOT49H) AppleWebKit/535.19 (KHTML, like Gecko) Chrome/18.0.1025.166 Mobile Safari/535.19"
192.168.1.149 - - [14/Sep/2016:22:09:12 -0700] "GET /socket.io/?EIO=3&transport=polling&t=LSiFxfO HTTP/1.1" 200 101 "http://anything.com/" "Mozilla/5.0 (iPhone; CPU iPhone OS 9_3_5 like Mac OS X) AppleWebKit/601.1 (KHTML, like Gecko) CriOS/52.0.2743.84 Mobile/13G36 Safari/601.1.46"
192.168.1.149 - - [14/Sep/2016:22:09:12 -0700] "POST /socket.io/?EIO=3&transport=polling&t=LSiFxfr&sid=8NWznwy-JirQJWGFAAAA HTTP/1.1" 200 2 "http://anything.com/" "Mozilla/5.0 (iPhone; CPU iPhone OS 9_3_5 like Mac OS X) AppleWebKit/601.1 (KHTML, like Gecko) CriOS/52.0.2743.84 Mobile/13G36 Safari/601.1.46"
192.168.1.149 - - [14/Sep/2016:22:09:12 -0700] "GET /socket.io/?EIO=3&transport=polling&t=LSiFxfx&sid=8NWznwy-JirQJWGFAAAA HTTP/1.1" 200 103 "http://anything.com/" "Mozilla/5.0 (iPhone; CPU iPhone OS 9_3_5 like Mac OS X) AppleWebKit/601.1 (KHTML, like Gecko) CriOS/52.0.2743.84 Mobile/13G36 Safari/601.1.46"
192.168.1.149 - - [14/Sep/2016:22:09:12 -0700] "GET /socket.io/?EIO=3&transport=polling&t=LSiFxgN&sid=8NWznwy-JirQJWGFAAAA HTTP/1.1" 200 4 "http://anything.com/" "Mozilla/5.0 (iPhone; CPU iPhone OS 9_3_5 like Mac OS X) AppleWebKit/601.1 (KHTML, like Gecko) CriOS/52.0.2743.84 Mobile/13G36 Safari/601.1.46"
192.168.1.123 - - [14/Sep/2016:22:09:13 -0700] "GET /socket.io/?EIO=3&transport=polling&t=LSiFy39 HTTP/1.1" 200 101 "http://spacechat.com/" "Mozilla/5.0 (Linux; Android 6.0.1; A0001 Build/MHC19Q) AppleWebKit/537.36 (KHTML, like Gecko) Chrome/53.0.2785.97 Mobile Safari/537.36"
192.168.1.123 - - [14/Sep/2016:22:09:13 -0700] "POST /socket.io/?EIO=3&transport=polling&t=LSiFy4L&sid=YbLKjiAzomDOnl7dAAAB HTTP/1.1" 200 2 "http://spacechat.com/" "Mozilla/5.0 (Linux; Android 6.0.1; A0001 Build/MHC19Q) AppleWebKit/537.36 (KHTML, like Gecko) Chrome/53.0.2785.97 Mobile Safari/537.36"
192.168.1.123 - - [14/Sep/2016:22:09:13 -0700] "GET /socket.io/?EIO=3&transport=polling&t=LSiFy4Z&sid=YbLKjiAzomDOnl7dAAAB HTTP/1.1" 200 103 "http://spacechat.com/" "Mozilla/5.0 (Linux; Android 6.0.1; A0001 Build/MHC19Q) AppleWebKit/537.36 (KHTML, like Gecko) Chrome/53.0.2785.97 Mobile Safari/537.36"
192.168.1.123 - - [14/Sep/2016:22:09:14 -0700] "POST /socket.io/?EIO=3&transport=polling&t=LSiFy5C&sid=YbLKjiAzomDOnl7dAAAB HTTP/1.1" 200 2 "http://spacechat.com/" "Mozilla/5.0 (Linux; Android 6.0.1; A0001 Build/MHC19Q) AppleWebKit/537.36 (KHTML, like Gecko) Chrome/53.0.2785.97 Mobile Safari/537.36"
192.168.1.123 - - [14/Sep/2016:22:09:14 -0700] "GET /socket.io/?EIO=3&transport=polling&t=LSiFy5I&sid=YbLKjiAzomDOnl7dAAAB HTTP/1.1" 200 4 "http://spacechat.com/" "Mozilla/5.0 (Linux; Android 6.0.1; A0001 Build/MHC19Q) AppleWebKit/537.36 (KHTML, like Gecko) Chrome/53.0.2785.97 Mobile Safari/537.36"
192.168.1.109 - - [14/Sep/2016:22:09:14 -0700] "GET /socket.io/?EIO=3&transport=polling&t=636094877548698861-0&b64=1 HTTP/1.1" 200 100 "-" "-"
192.168.1.130 - - [14/Sep/2016:22:09:14 -0700] "GET /socket.io/?EIO=3&transport=polling&t=LSiFxxg HTTP/1.1" 200 101 "http://spacechat.com/" "Mozilla/5.0 (Linux; Android 4.4.2; SAMSUNG-SGH-I747 Build/KOT49H) AppleWebKit/535.19 (KHTML, like Gecko) Chrome/18.0.1025.166 Mobile Safari/535.19"
192.168.1.130 - - [14/Sep/2016:22:09:14 -0700] "POST /socket.io/?EIO=3&transport=polling&t=LSiFxyX&sid=7ub83WTburlrinxwAAAD HTTP/1.1" 200 2 "http://spacechat.com/" "Mozilla/5.0 (Linux; Android 4.4.2; SAMSUNG-SGH-I747 Build/KOT49H) AppleWebKit/535.19 (KHTML, like Gecko) Chrome/18.0.1025.166 Mobile Safari/535.19"
192.168.1.130 - - [14/Sep/2016:22:09:14 -0700] "GET /socket.io/?EIO=3&transport=polling&t=LSiFxye&sid=7ub83WTburlrinxwAAAD HTTP/1.1" 200 103 "http://spacechat.com/" "Mozilla/5.0 (Linux; Android 4.4.2; SAMSUNG-SGH-I747 Build/KOT49H) AppleWebKit/535.19 (KHTML, like Gecko) Chrome/18.0.1025.166 Mobile Safari/535.19"
192.168.1.109 - - [14/Sep/2016:22:09:14 -0700] "POST /socket.io/?EIO=3&transport=polling&sid=5zhYxGywhWb1AEsiAAAC&t=636094877577569050-1&b64=1 HTTP/1.1" 200 27 "-" "-"
192.168.1.130 - - [14/Sep/2016:22:09:14 -0700] "POST /socket.io/?EIO=3&transport=polling&t=LSiFxzA&sid=7ub83WTburlrinxwAAAD HTTP/1.1" 200 2 "http://spacechat.com/" "Mozilla/5.0 (Linux; Android 4.4.2; SAMSUNG-SGH-I747 Build/KOT49H) AppleWebKit/535.19 (KHTML, like Gecko) Chrome/18.0.1025.166 Mobile Safari/535.19"
192.168.1.109 - - [14/Sep/2016:22:09:14 -0700] "GET /socket.io/?EIO=3&transport=polling&sid=5zhYxGywhWb1AEsiAAAC&t=636094877578589075-3&b64=1 HTTP/1.1" 200 399 "-" "-"
192.168.1.130 - - [14/Sep/2016:22:09:14 -0700] "POST /socket.io/?EIO=3&transport=polling&t=LSiFy25&sid=7ub83WTburlrinxwAAAD HTTP/1.1" 200 2 "http://spacechat.com/" "Mozilla/5.0 (Linux; Android 4.4.2; SAMSUNG-SGH-I747 Build/KOT49H) AppleWebKit/535.19 (KHTML, like Gecko) Chrome/18.0.1025.166 Mobile Safari/535.19"
192.168.1.130 - - [14/Sep/2016:22:09:14 -0700] "GET /socket.io/?EIO=3&transport=polling&t=LSiFx-g&sid=7ub83WTburlrinxwAAAD HTTP/1.1" 200 4 "http://spacechat.com/" "Mozilla/5.0 (Linux; Android 4.4.2; SAMSUNG-SGH-I747 Build/KOT49H) AppleWebKit/535.19 (KHTML, like Gecko) Chrome/18.0.1025.166 Mobile Safari/535.19"
192.168.1.132 - - [14/Sep/2016:22:09:15 -0700] "GET /socket.io/?EIO=3&transport=polling&t=LSiFyRr HTTP/1.1" 200 101 "http://spacechat.com/" "Mozilla/5.0 (iPhone; CPU iPhone OS 9_3_3 like Mac OS X) AppleWebKit/601.1.46 (KHTML, like Gecko) Version/9.0 Mobile/13G34 Safari/601.1"
192.168.1.132 - - [14/Sep/2016:22:09:15 -0700] "POST /socket.io/?EIO=3&transport=polling&t=LSiFyS4&sid=Ate67Kb0gePUByLHAAAE HTTP/1.1" 200 2 "http://spacechat.com/" "Mozilla/5.0 (iPhone; CPU iPhone OS 9_3_3 like Mac OS X) AppleWebKit/601.1.46 (KHTML, like Gecko) Version/9.0 Mobile/13G34 Safari/601.1"
192.168.1.132 - - [14/Sep/2016:22:09:15 -0700] "GET /socket.io/?EIO=3&transport=polling&t=LSiFyS9&sid=Ate67Kb0gePUByLHAAAE HTTP/1.1" 200 17 "http://spacechat.com/" "Mozilla/5.0 (iPhone; CPU iPhone OS 9_3_3 like Mac OS X) AppleWebKit/601.1.46 (KHTML, like Gecko) Version/9.0 Mobile/13G34 Safari/601.1"
192.168.1.132 - - [14/Sep/2016:22:09:15 -0700] "GET /socket.io/?EIO=3&transport=polling&t=LSiFySN&sid=Ate67Kb0gePUByLHAAAE HTTP/1.1" 200 4 "http://spacechat.com/" "Mozilla/5.0 (iPhone; CPU iPhone OS 9_3_3 like Mac OS X) AppleWebKit/601.1.46 (KHTML, like Gecko) Version/9.0 Mobile/13G34 Safari/601.1"
192.168.1.149 - - [14/Sep/2016:22:09:16 -0700] "GET /socket.io/?EIO=3&transport=polling&t=LSiFyeh HTTP/1.1" 200 101 "http://anything.com/" "Mozilla/5.0 (iPhone; CPU iPhone OS 9_3_5 like Mac OS X) AppleWebKit/601.1 (KHTML, like Gecko) CriOS/52.0.2743.84 Mobile/13G36 Safari/601.1.46"
192.168.1.149 - - [14/Sep/2016:22:09:16 -0700] "POST /socket.io/?EIO=3&transport=polling&t=LSiFyfJ&sid=mhuRGabK1dOFP0i6AAAF HTTP/1.1" 200 2 "http://anything.com/" "Mozilla/5.0 (iPhone; CPU iPhone OS 9_3_5 like Mac OS X) AppleWebKit/601.1 (KHTML, like Gecko) CriOS/52.0.2743.84 Mobile/13G36 Safari/601.1.46"
192.168.1.149 - - [14/Sep/2016:22:09:16 -0700] "GET /socket.io/?EIO=3&transport=polling&t=LSiFyfN&sid=mhuRGabK1dOFP0i6AAAF HTTP/1.1" 200 17 "http://anything.com/" "Mozilla/5.0 (iPhone; CPU iPhone OS 9_3_5 like Mac OS X) AppleWebKit/601.1 (KHTML, like Gecko) CriOS/52.0.2743.84 Mobile/13G36 Safari/601.1.46"
192.168.1.149 - - [14/Sep/2016:22:09:16 -0700] "GET /socket.io/?EIO=3&transport=polling&t=LSiFyfp&sid=mhuRGabK1dOFP0i6AAAF HTTP/1.1" 200 4 "http://anything.com/" "Mozilla/5.0 (iPhone; CPU iPhone OS 9_3_5 like Mac OS X) AppleWebKit/601.1 (KHTML, like Gecko) CriOS/52.0.2743.84 Mobile/13G36 Safari/601.1.46"
192.168.1.130 - - [14/Sep/2016:22:09:16 -0700] "GET /socket.io/?EIO=3&transport=polling&t=LSiFyOy HTTP/1.1" 200 101 "http://spacechat.com/" "Mozilla/5.0 (Linux; Android 4.4.2; SAMSUNG-SGH-I747 Build/KOT49H) AppleWebKit/535.19 (KHTML, like Gecko) Chrome/18.0.1025.166 Mobile Safari/535.19"
192.168.1.130 - - [14/Sep/2016:22:09:16 -0700] "POST /socket.io/?EIO=3&transport=polling&t=LSiFyPs&sid=msjkByaANAN-Dl0DAAAG HTTP/1.1" 200 2 "http://spacechat.com/" "Mozilla/5.0 (Linux; Android 4.4.2; SAMSUNG-SGH-I747 Build/KOT49H) AppleWebKit/535.19 (KHTML, like Gecko) Chrome/18.0.1025.166 Mobile Safari/535.19"
192.168.1.130 - - [14/Sep/2016:22:09:16 -0700] "GET /socket.io/?EIO=3&transport=polling&t=LSiFyP_&sid=msjkByaANAN-Dl0DAAAG HTTP/1.1" 200 17 "http://spacechat.com/" "Mozilla/5.0 (Linux; Android 4.4.2; SAMSUNG-SGH-I747 Build/KOT49H) AppleWebKit/535.19 (KHTML, like Gecko) Chrome/18.0.1025.166 Mobile Safari/535.19"
192.168.1.130 - - [14/Sep/2016:22:09:16 -0700] "GET /socket.io/?EIO=3&transport=polling&t=LSiFyQU&sid=msjkByaANAN-Dl0DAAAG HTTP/1.1" 200 4 "http://spacechat.com/" "Mozilla/5.0 (Linux; Android 4.4.2; SAMSUNG-SGH-I747 Build/KOT49H) AppleWebKit/535.19 (KHTML, like Gecko) Chrome/18.0.1025.166 Mobile Safari/535.19"
192.168.1.130 - - [14/Sep/2016:22:09:24 -0700] "GET / HTTP/1.1" 200 533 "-" "Mozilla/5.0 (Linux; Android 4.4.2; SAMSUNG-SGH-I747 Build/KOT49H) AppleWebKit/535.19 (KHTML, like Gecko) Chrome/18.0.1025.166 Mobile Safari/535.19"
192.168.1.130 - - [14/Sep/2016:22:09:24 -0700] "GET /socket.io/?EIO=3&transport=websocket&sid=msjkByaANAN-Dl0DAAAG HTTP/1.1" 101 8 "-" "-"
192.168.1.130 - - [14/Sep/2016:22:09:24 -0700] "GET /socket.io/?EIO=3&transport=websocket&sid=7ub83WTburlrinxwAAAD HTTP/1.1" 101 8 "-" "-"
192.168.1.130 - - [14/Sep/2016:22:09:24 -0700] "GET /socket.io/socket.io.js HTTP/1.1" 304 0 "http://spacechat.com/" "Mozilla/5.0 (Linux; Android 4.4.2; SAMSUNG-SGH-I747 Build/KOT49H) AppleWebKit/535.19 (KHTML, like Gecko) Chrome/18.0.1025.166 Mobile Safari/535.19"
192.168.1.130 - - [14/Sep/2016:22:09:25 -0700] "GET /socket.io/?EIO=3&transport=polling&t=LSiF-Xs HTTP/1.1" 200 101 "http://spacechat.com/" "Mozilla/5.0 (Linux; Android 4.4.2; SAMSUNG-SGH-I747 Build/KOT49H) AppleWebKit/535.19 (KHTML, like Gecko) Chrome/18.0.1025.166 Mobile Safari/535.19"
192.168.1.130 - - [14/Sep/2016:22:09:25 -0700] "GET /socket.io/?EIO=3&transport=polling&t=LSiF-YM HTTP/1.1" 200 101 "http://spacechat.com/" "Mozilla/5.0 (Linux; Android 4.4.2; SAMSUNG-SGH-I747 Build/KOT49H) AppleWebKit/535.19 (KHTML, like Gecko) Chrome/18.0.1025.166 Mobile Safari/535.19"
192.168.1.130 - - [14/Sep/2016:22:09:25 -0700] "GET /favicon.ico HTTP/1.1" 404 53 "-" "Mozilla/5.0 (Linux; Android 4.4.2; SAMSUNG-SGH-I747 Build/KOT49H) AppleWebKit/535.19 (KHTML, like Gecko) Chrome/18.0.1025.166 Mobile Safari/535.19"
192.168.1.130 - - [14/Sep/2016:22:09:25 -0700] "GET /apple-touch-icon-precomposed.png HTTP/1.1" 404 76 "-" "Mozilla/5.0 (Linux; Android 4.4.2; SAMSUNG-SGH-I747 Build/KOT49H) AppleWebKit/535.19 (KHTML, like Gecko) Chrome/18.0.1025.166 Mobile Safari/535.19"
192.168.1.130 - - [14/Sep/2016:22:09:25 -0700] "POST /socket.io/?EIO=3&transport=polling&t=LSiF-du&sid=HH2sMi7UfRzcX86EAAAH HTTP/1.1" 200 2 "http://spacechat.com/" "Mozilla/5.0 (Linux; Android 4.4.2; SAMSUNG-SGH-I747 Build/KOT49H) AppleWebKit/535.19 (KHTML, like Gecko) Chrome/18.0.1025.166 Mobile Safari/535.19"
192.168.1.130 - - [14/Sep/2016:22:09:25 -0700] "POST /socket.io/?EIO=3&transport=polling&t=LSiF-eU&sid=_cpjD2XFpqYr44jLAAAI HTTP/1.1" 200 2 "http://spacechat.com/" "Mozilla/5.0 (Linux; Android 4.4.2; SAMSUNG-SGH-I747 Build/KOT49H) AppleWebKit/535.19 (KHTML, like Gecko) Chrome/18.0.1025.166 Mobile Safari/535.19"
192.168.1.130 - - [14/Sep/2016:22:09:25 -0700] "GET /socket.io/?EIO=3&transport=polling&t=LSiF-eP&sid=HH2sMi7UfRzcX86EAAAH HTTP/1.1" 200 17 "http://spacechat.com/" "Mozilla/5.0 (Linux; Android 4.4.2; SAMSUNG-SGH-I747 Build/KOT49H) AppleWebKit/535.19 (KHTML, like Gecko) Chrome/18.0.1025.166 Mobile Safari/535.19"
192.168.1.130 - - [14/Sep/2016:22:09:25 -0700] "GET /socket.io/?EIO=3&transport=polling&t=LSiF-eZ&sid=_cpjD2XFpqYr44jLAAAI HTTP/1.1" 200 17 "http://spacechat.com/" "Mozilla/5.0 (Linux; Android 4.4.2; SAMSUNG-SGH-I747 Build/KOT49H) AppleWebKit/535.19 (KHTML, like Gecko) Chrome/18.0.1025.166 Mobile Safari/535.19"
192.168.1.130 - - [14/Sep/2016:22:09:26 -0700] "GET /apple-touch-icon.png HTTP/1.1" 404 64 "-" "Mozilla/5.0 (Linux; Android 4.4.2; SAMSUNG-SGH-I747 Build/KOT49H) AppleWebKit/535.19 (KHTML, like Gecko) Chrome/18.0.1025.166 Mobile Safari/535.19"
192.168.1.130 - - [14/Sep/2016:22:09:26 -0700] "GET /socket.io/?EIO=3&transport=polling&t=LSiF-p7&sid=_cpjD2XFpqYr44jLAAAI HTTP/1.1" 200 234 "http://spacechat.com/" "Mozilla/5.0 (Linux; Android 4.4.2; SAMSUNG-SGH-I747 Build/KOT49H) AppleWebKit/535.19 (KHTML, like Gecko) Chrome/18.0.1025.166 Mobile Safari/535.19"
192.168.1.130 - - [14/Sep/2016:22:09:26 -0700] "POST /socket.io/?EIO=3&transport=polling&t=LSiF-p4&sid=_cpjD2XFpqYr44jLAAAI HTTP/1.1" 200 2 "http://spacechat.com/" "Mozilla/5.0 (Linux; Android 4.4.2; SAMSUNG-SGH-I747 Build/KOT49H) AppleWebKit/535.19 (KHTML, like Gecko) Chrome/18.0.1025.166 Mobile Safari/535.19"
192.168.1.130 - - [14/Sep/2016:22:09:26 -0700] "POST /socket.io/?EIO=3&transport=polling&t=LSiF-pn&sid=_cpjD2XFpqYr44jLAAAI HTTP/1.1" 200 2 "http://spacechat.com/" "Mozilla/5.0 (Linux; Android 4.4.2; SAMSUNG-SGH-I747 Build/KOT49H) AppleWebKit/535.19 (KHTML, like Gecko) Chrome/18.0.1025.166 Mobile Safari/535.19"
