192.168.1.132 - - [14/Sep/2016:22:29:26 -0700] "GET /socket.io/?EIO=3&transport=polling&t=LSiKa3A HTTP/1.1" 200 101 "http://spacechat.com/" "Mozilla/5.0 (iPhone; CPU iPhone OS 9_3_3 like Mac OS X) AppleWebKit/601.1.46 (KHTML, like Gecko) Version/9.0 Mobile/13G34 Safari/601.1"
192.168.1.132 - - [14/Sep/2016:22:29:26 -0700] "POST /socket.io/?EIO=3&transport=polling&t=LSiKa43&sid=8SRXpKAftszPUfLyAAAO HTTP/1.1" 200 2 "http://spacechat.com/" "Mozilla/5.0 (iPhone; CPU iPhone OS 9_3_3 like Mac OS X) AppleWebKit/601.1.46 (KHTML, like Gecko) Version/9.0 Mobile/13G34 Safari/601.1"
192.168.1.132 - - [14/Sep/2016:22:29:26 -0700] "GET /socket.io/?EIO=3&transport=polling&t=LSiKa44&sid=8SRXpKAftszPUfLyAAAO HTTP/1.1" 200 17 "http://spacechat.com/" "Mozilla/5.0 (iPhone; CPU iPhone OS 9_3_3 like Mac OS X) AppleWebKit/601.1.46 (KHTML, like Gecko) Version/9.0 Mobile/13G34 Safari/601.1"
192.168.1.132 - - [14/Sep/2016:22:29:26 -0700] "POST /socket.io/?EIO=3&transport=polling&t=LSiKa45&sid=-jhwaPRChJmAhlcBAAAP HTTP/1.1" 200 2 "http://spacechat.com/" "Mozilla/5.0 (iPhone; CPU iPhone OS 9_3_3 like Mac OS X) AppleWebKit/601.1.46 (KHTML, like Gecko) Version/9.0 Mobile/13G34 Safari/601.1"
192.168.1.132 - - [14/Sep/2016:22:29:26 -0700] "GET /socket.io/?EIO=3&transport=polling&t=LSiKa46&sid=-jhwaPRChJmAhlcBAAAP HTTP/1.1" 200 17 "http://spacechat.com/" "Mozilla/5.0 (iPhone; CPU iPhone OS 9_3_3 like Mac OS X) AppleWebKit/601.1.46 (KHTML, like Gecko) Version/9.0 Mobile/13G34 Safari/601.1"
192.168.1.132 - - [14/Sep/2016:22:29:26 -0700] "GET /socket.io/?EIO=3&transport=polling&t=LSiKa4R&sid=-jhwaPRChJmAhlcBAAAP HTTP/1.1" 200 235 "http://spacechat.com/" "Mozilla/5.0 (iPhone; CPU iPhone OS 9_3_3 like Mac OS X) AppleWebKit/601.1.46 (KHTML, like Gecko) Version/9.0 Mobile/13G34 Safari/601.1"
192.168.1.132 - - [14/Sep/2016:22:29:26 -0700] "POST /socket.io/?EIO=3&transport=polling&t=LSiKa4S&sid=-jhwaPRChJmAhlcBAAAP HTTP/1.1" 200 2 "http://spacechat.com/" "Mozilla/5.0 (iPhone; CPU iPhone OS 9_3_3 like Mac OS X) AppleWebKit/601.1.46 (KHTML, like Gecko) Version/9.0 Mobile/13G34 Safari/601.1"
192.168.1.132 - - [14/Sep/2016:22:29:26 -0700] "POST /socket.io/?EIO=3&transport=polling&t=LSiKa5i&sid=-jhwaPRChJmAhlcBAAAP HTTP/1.1" 200 2 "http://spacechat.com/" "Mozilla/5.0 (iPhone; CPU iPhone OS 9_3_3 like Mac OS X) AppleWebKit/601.1.46 (KHTML, like Gecko) Version/9.0 Mobile/13G34 Safari/601.1"
192.168.1.132 - - [14/Sep/2016:22:29:26 -0700] "GET /socket.io/?EIO=3&transport=polling&t=LSiKa5l&sid=-jhwaPRChJmAhlcBAAAP HTTP/1.1" 200 810 "http://spacechat.com/" "Mozilla/5.0 (iPhone; CPU iPhone OS 9_3_3 like Mac OS X) AppleWebKit/601.1.46 (KHTML, like Gecko) Version/9.0 Mobile/13G34 Safari/601.1"
192.168.1.132 - - [14/Sep/2016:22:29:26 -0700] "GET /socket.io/?EIO=3&transport=polling&t=LSiKa4Q&sid=8SRXpKAftszPUfLyAAAO HTTP/1.1" 200 4 "http://spacechat.com/" "Mozilla/5.0 (iPhone; CPU iPhone OS 9_3_3 like Mac OS X) AppleWebKit/601.1.46 (KHTML, like Gecko) Version/9.0 Mobile/13G34 Safari/601.1"
192.168.1.132 - - [14/Sep/2016:22:29:26 -0700] "GET /socket.io/?EIO=3&transport=polling&t=LSiKa5-&sid=-jhwaPRChJmAhlcBAAAP HTTP/1.1" 200 4 "http://spacechat.com/" "Mozilla/5.0 (iPhone; CPU iPhone OS 9_3_3 like Mac OS X) AppleWebKit/601.1.46 (KHTML, like Gecko) Version/9.0 Mobile/13G34 Safari/601.1"
192.168.1.145 - - [14/Sep/2016:22:29:28 -0700] "GET / HTTP/1.1" 200 533 "-" "Mozilla/5.0 (Linux; Android 7.0; Nexus 5X Build/NRD90M) AppleWebKit/537.36 (KHTML, like Gecko) Chrome/52.0.2743.98 Mobile Safari/537.36"
192.168.1.145 - - [14/Sep/2016:22:29:28 -0700] "GET /socket.io/socket.io.js HTTP/1.1" 304 0 "http://spacechat.com/" "Mozilla/5.0 (Linux; Android 7.0; Nexus 5X Build/NRD90M) AppleWebKit/537.36 (KHTML, like Gecko) Chrome/52.0.2743.98 Mobile Safari/537.36"
192.168.1.145 - - [14/Sep/2016:22:29:30 -0700] "GET /socket.io/?EIO=3&transport=polling&t=LSiKayi HTTP/1.1" 200 101 "http://spacechat.com/" "Mozilla/5.0 (Linux; Android 7.0; Nexus 5X Build/NRD90M) AppleWebKit/537.36 (KHTML, like Gecko) Chrome/52.0.2743.98 Mobile Safari/537.36"
192.168.1.145 - - [14/Sep/2016:22:29:30 -0700] "GET /socket.io/?EIO=3&transport=polling&t=LSiKaz5 HTTP/1.1" 200 101 "http://spacechat.com/" "Mozilla/5.0 (Linux; Android 7.0; Nexus 5X Build/NRD90M) AppleWebKit/537.36 (KHTML, like Gecko) Chrome/52.0.2743.98 Mobile Safari/537.36"
192.168.1.145 - - [14/Sep/2016:22:29:31 -0700] "POST /socket.io/?EIO=3&transport=polling&t=LSiKb4z&sid=d60nRANuLwziCh6LAAAQ HTTP/1.1" 200 2 "http://spacechat.com/" "Mozilla/5.0 (Linux; Android 7.0; Nexus 5X Build/NRD90M) AppleWebKit/537.36 (KHTML, like Gecko) Chrome/52.0.2743.98 Mobile Safari/537.36"
192.168.1.145 - - [14/Sep/2016:22:29:31 -0700] "GET /socket.io/?EIO=3&transport=polling&t=LSiKb5E&sid=d60nRANuLwziCh6LAAAQ HTTP/1.1" 200 17 "http://spacechat.com/" "Mozilla/5.0 (Linux; Android 7.0; Nexus 5X Build/NRD90M) AppleWebKit/537.36 (KHTML, like Gecko) Chrome/52.0.2743.98 Mobile Safari/537.36"
192.168.1.145 - - [14/Sep/2016:22:29:31 -0700] "GET /socket.io/?EIO=3&transport=polling&t=LSiKb5S&sid=GlYMDbFpgOXqxtWEAAAR HTTP/1.1" 200 5 "http://spacechat.com/" "Mozilla/5.0 (Linux; Android 7.0; Nexus 5X Build/NRD90M) AppleWebKit/537.36 (KHTML, like Gecko) Chrome/52.0.2743.98 Mobile Safari/537.36"
192.168.1.145 - - [14/Sep/2016:22:29:31 -0700] "POST /socket.io/?EIO=3&transport=polling&t=LSiKb5O&sid=GlYMDbFpgOXqxtWEAAAR HTTP/1.1" 200 2 "http://spacechat.com/" "Mozilla/5.0 (Linux; Android 7.0; Nexus 5X Build/NRD90M) AppleWebKit/537.36 (KHTML, like Gecko) Chrome/52.0.2743.98 Mobile Safari/537.36"
192.168.1.133 - - [14/Sep/2016:22:29:31 -0700] "GET /socket.io/?EIO=3&transport=websocket&sid=FhpYER0JkfjMg8ciAAAE HTTP/1.1" 101 12 "-" "Mozilla/5.0 (Linux; Android 6.0; LG-H810 Build/MRA58K) AppleWebKit/537.36 (KHTML, like Gecko) Chrome/53.0.2785.97 Mobile Safari/537.36"
192.168.1.145 - - [14/Sep/2016:22:29:31 -0700] "GET /socket.io/?EIO=3&transport=polling&t=LSiKbEe&sid=GlYMDbFpgOXqxtWEAAAR HTTP/1.1" 200 12 "http://spacechat.com/" "Mozilla/5.0 (Linux; Android 7.0; Nexus 5X Build/NRD90M) AppleWebKit/537.36 (KHTML, like Gecko) Chrome/52.0.2743.98 Mobile Safari/537.36"
192.168.1.145 - - [14/Sep/2016:22:29:31 -0700] "POST /socket.io/?EIO=3&transport=polling&t=LSiKbF4&sid=GlYMDbFpgOXqxtWEAAAR HTTP/1.1" 200 2 "http://spacechat.com/" "Mozilla/5.0 (Linux; Android 7.0; Nexus 5X Build/NRD90M) AppleWebKit/537.36 (KHTML, like Gecko) Chrome/52.0.2743.98 Mobile Safari/537.36"
192.168.1.145 - - [14/Sep/2016:22:29:31 -0700] "GET /socket.io/?EIO=3&transport=polling&t=LSiKbF7&sid=GlYMDbFpgOXqxtWEAAAR HTTP/1.1" 200 235 "http://spacechat.com/" "Mozilla/5.0 (Linux; Android 7.0; Nexus 5X Build/NRD90M) AppleWebKit/537.36 (KHTML, like Gecko) Chrome/52.0.2743.98 Mobile Safari/537.36"
192.168.1.145 - - [14/Sep/2016:22:29:31 -0700] "GET /socket.io/?EIO=3&transport=polling&t=LSiKbEX&sid=d60nRANuLwziCh6LAAAQ HTTP/1.1" 200 4 "http://spacechat.com/" "Mozilla/5.0 (Linux; Android 7.0; Nexus 5X Build/NRD90M) AppleWebKit/537.36 (KHTML, like Gecko) Chrome/52.0.2743.98 Mobile Safari/537.36"
192.168.1.123 - - [14/Sep/2016:22:29:34 -0700] "GET / HTTP/1.1" 200 533 "-" "Mozilla/5.0 (Linux; Android 6.0.1; A0001 Build/MHC19Q) AppleWebKit/537.36 (KHTML, like Gecko) Chrome/53.0.2785.97 Mobile Safari/537.36"
192.168.1.123 - - [14/Sep/2016:22:29:34 -0700] "GET /socket.io/?EIO=3&transport=websocket&sid=M6XF4KKC8w3fDv14AAAB HTTP/1.1" 101 12 "-" "Mozilla/5.0 (Linux; Android 6.0.1; A0001 Build/MHC19Q) AppleWebKit/537.36 (KHTML, like Gecko) Chrome/53.0.2785.97 Mobile Safari/537.36"
192.168.1.123 - - [14/Sep/2016:22:29:34 -0700] "GET /socket.io/?EIO=3&transport=websocket&sid=fTSVyoxJYTU346E9AAAK HTTP/1.1" 101 12 "-" "Mozilla/5.0 (Linux; Android 6.0.1; A0001 Build/MHC19Q) AppleWebKit/537.36 (KHTML, like Gecko) Chrome/53.0.2785.97 Mobile Safari/537.36"
192.168.1.123 - - [14/Sep/2016:22:29:35 -0700] "GET /socket.io/socket.io.js HTTP/1.1" 304 0 "http://spacechat.com/" "Mozilla/5.0 (Linux; Android 6.0.1; A0001 Build/MHC19Q) AppleWebKit/537.36 (KHTML, like Gecko) Chrome/53.0.2785.97 Mobile Safari/537.36"
192.168.1.123 - - [14/Sep/2016:22:29:37 -0700] "GET /socket.io/?EIO=3&transport=polling&t=LSiKcnX HTTP/1.1" 200 101 "http://spacechat.com/" "Mozilla/5.0 (Linux; Android 6.0.1; A0001 Build/MHC19Q) AppleWebKit/537.36 (KHTML, like Gecko) Chrome/53.0.2785.97 Mobile Safari/537.36"
192.168.1.145 - - [14/Sep/2016:22:29:37 -0700] "GET /generate_204 HTTP/1.1" 404 56 "-" "Dalvik/2.1.0 (Linux; U; Android 7.0; Nexus 5X Build/NRD90M)"
192.168.1.123 - - [14/Sep/2016:22:29:37 -0700] "GET /socket.io/?EIO=3&transport=polling&t=LSiKcnn HTTP/1.1" 200 101 "http://spacechat.com/" "Mozilla/5.0 (Linux; Android 6.0.1; A0001 Build/MHC19Q) AppleWebKit/537.36 (KHTML, like Gecko) Chrome/53.0.2785.97 Mobile Safari/537.36"
192.168.1.123 - - [14/Sep/2016:22:29:37 -0700] "POST /socket.io/?EIO=3&transport=polling&t=LSiKcsw&sid=R3ldhJJ_JrvGyKB2AAAS HTTP/1.1" 200 2 "http://spacechat.com/" "Mozilla/5.0 (Linux; Android 6.0.1; A0001 Build/MHC19Q) AppleWebKit/537.36 (KHTML, like Gecko) Chrome/53.0.2785.97 Mobile Safari/537.36"
192.168.1.123 - - [14/Sep/2016:22:29:37 -0700] "GET /socket.io/?EIO=3&transport=polling&t=LSiKctA&sid=R3ldhJJ_JrvGyKB2AAAS HTTP/1.1" 200 17 "http://spacechat.com/" "Mozilla/5.0 (Linux; Android 6.0.1; A0001 Build/MHC19Q) AppleWebKit/537.36 (KHTML, like Gecko) Chrome/53.0.2785.97 Mobile Safari/537.36"
192.168.1.123 - - [14/Sep/2016:22:29:37 -0700] "POST /socket.io/?EIO=3&transport=polling&t=LSiKctH&sid=WRqxgCFeQ5Nw9sfNAAAT HTTP/1.1" 200 2 "http://spacechat.com/" "Mozilla/5.0 (Linux; Android 6.0.1; A0001 Build/MHC19Q) AppleWebKit/537.36 (KHTML, like Gecko) Chrome/53.0.2785.97 Mobile Safari/537.36"
192.168.1.123 - - [14/Sep/2016:22:29:37 -0700] "GET /socket.io/?EIO=3&transport=polling&t=LSiKctL&sid=WRqxgCFeQ5Nw9sfNAAAT HTTP/1.1" 200 17 "http://spacechat.com/" "Mozilla/5.0 (Linux; Android 6.0.1; A0001 Build/MHC19Q) AppleWebKit/537.36 (KHTML, like Gecko) Chrome/53.0.2785.97 Mobile Safari/537.36"
192.168.1.123 - - [14/Sep/2016:22:29:38 -0700] "POST /socket.io/?EIO=3&transport=polling&t=LSiKcwC&sid=WRqxgCFeQ5Nw9sfNAAAT HTTP/1.1" 200 2 "http://spacechat.com/" "Mozilla/5.0 (Linux; Android 6.0.1; A0001 Build/MHC19Q) AppleWebKit/537.36 (KHTML, like Gecko) Chrome/53.0.2785.97 Mobile Safari/537.36"
192.168.1.123 - - [14/Sep/2016:22:29:38 -0700] "GET /socket.io/?EIO=3&transport=polling&t=LSiKcwD&sid=WRqxgCFeQ5Nw9sfNAAAT HTTP/1.1" 200 232 "http://spacechat.com/" "Mozilla/5.0 (Linux; Android 6.0.1; A0001 Build/MHC19Q) AppleWebKit/537.36 (KHTML, like Gecko) Chrome/53.0.2785.97 Mobile Safari/537.36"
192.168.1.123 - - [14/Sep/2016:22:29:38 -0700] "GET /socket.io/?EIO=3&transport=polling&t=LSiKcw3&sid=R3ldhJJ_JrvGyKB2AAAS HTTP/1.1" 200 4 "http://spacechat.com/" "Mozilla/5.0 (Linux; Android 6.0.1; A0001 Build/MHC19Q) AppleWebKit/537.36 (KHTML, like Gecko) Chrome/53.0.2785.97 Mobile Safari/537.36"
192.168.1.133 - - [14/Sep/2016:22:29:39 -0700] "POST /service/update2?cup2key=6:3303919018&cup2hreq=7cba2e82e4f4c22657c21824e37b587754df81d3a65b6a791e142e1e63f79aad HTTP/1.1" 404 147 "-" "Mozilla/5.0 (Linux; Android 6.0; LG-H810 Build/MRA58K) AppleWebKit/537.36 (KHTML, like Gecko) Chrome/53.0.2785.97 Mobile Safari/537.36"
192.168.1.149 - - [14/Sep/2016:22:29:41 -0700] "GET / HTTP/1.1" 200 533 "-" "Mozilla/5.0 (iPhone; CPU iPhone OS 9_3_5 like Mac OS X) AppleWebKit/601.1 (KHTML, like Gecko) CriOS/52.0.2743.84 Mobile/13G36 Safari/601.1.46"
192.168.1.149 - - [14/Sep/2016:22:29:41 -0700] "GET /socket.io/?EIO=3&transport=websocket&sid=k9W5_2pzmjncbBaYAAAC HTTP/1.1" 101 11 "-" "Mozilla/5.0 (iPhone; CPU iPhone OS 9_3_5 like Mac OS X) AppleWebKit/601.1 (KHTML, like Gecko) CriOS/52.0.2743.84 Mobile/13G36 Safari/601.1.46"
192.168.1.149 - - [14/Sep/2016:22:29:41 -0700] "GET /socket.io/?EIO=3&transport=websocket&sid=FGsdR4fZF-LymXMfAAAA HTTP/1.1" 101 11 "-" "Mozilla/5.0 (iPhone; CPU iPhone OS 9_3_5 like Mac OS X) AppleWebKit/601.1 (KHTML, like Gecko) CriOS/52.0.2743.84 Mobile/13G36 Safari/601.1.46"
192.168.1.149 - - [14/Sep/2016:22:29:41 -0700] "GET /socket.io/socket.io.js HTTP/1.1" 304 0 "http://anything.com/" "Mozilla/5.0 (iPhone; CPU iPhone OS 9_3_5 like Mac OS X) AppleWebKit/601.1 (KHTML, like Gecko) CriOS/52.0.2743.84 Mobile/13G36 Safari/601.1.46"
192.168.1.149 - - [14/Sep/2016:22:29:41 -0700] "GET /socket.io/?EIO=3&transport=polling&t=LSiKdrW HTTP/1.1" 200 101 "http://anything.com/" "Mozilla/5.0 (iPhone; CPU iPhone OS 9_3_5 like Mac OS X) AppleWebKit/601.1 (KHTML, like Gecko) CriOS/52.0.2743.84 Mobile/13G36 Safari/601.1.46"
192.168.1.149 - - [14/Sep/2016:22:29:41 -0700] "GET /socket.io/?EIO=3&transport=polling&t=LSiKdtt HTTP/1.1" 200 101 "http://anything.com/" "Mozilla/5.0 (iPhone; CPU iPhone OS 9_3_5 like Mac OS X) AppleWebKit/601.1 (KHTML, like Gecko) CriOS/52.0.2743.84 Mobile/13G36 Safari/601.1.46"
192.168.1.149 - - [14/Sep/2016:22:29:42 -0700] "GET /socket.io/?EIO=3&transport=polling&t=LSiKdyE&sid=FZyus-Zqj8t4O5sUAAAU HTTP/1.1" 200 5 "http://anything.com/" "Mozilla/5.0 (iPhone; CPU iPhone OS 9_3_5 like Mac OS X) AppleWebKit/601.1 (KHTML, like Gecko) CriOS/52.0.2743.84 Mobile/13G36 Safari/601.1.46"
192.168.1.149 - - [14/Sep/2016:22:29:42 -0700] "POST /socket.io/?EIO=3&transport=polling&t=LSiKdy9&sid=FZyus-Zqj8t4O5sUAAAU HTTP/1.1" 200 2 "http://anything.com/" "Mozilla/5.0 (iPhone; CPU iPhone OS 9_3_5 like Mac OS X) AppleWebKit/601.1 (KHTML, like Gecko) CriOS/52.0.2743.84 Mobile/13G36 Safari/601.1.46"
192.168.1.149 - - [14/Sep/2016:22:29:42 -0700] "POST /socket.io/?EIO=3&transport=polling&t=LSiKdyi&sid=Ejr_rBZ--f2u2J6wAAAV HTTP/1.1" 200 2 "http://anything.com/" "Mozilla/5.0 (iPhone; CPU iPhone OS 9_3_5 like Mac OS X) AppleWebKit/601.1 (KHTML, like Gecko) CriOS/52.0.2743.84 Mobile/13G36 Safari/601.1.46"
192.168.1.149 - - [14/Sep/2016:22:29:42 -0700] "GET /socket.io/?EIO=3&transport=polling&t=LSiKd_K&sid=FZyus-Zqj8t4O5sUAAAU HTTP/1.1" 200 12 "http://anything.com/" "Mozilla/5.0 (iPhone; CPU iPhone OS 9_3_5 like Mac OS X) AppleWebKit/601.1 (KHTML, like Gecko) CriOS/52.0.2743.84 Mobile/13G36 Safari/601.1.46"
192.168.1.149 - - [14/Sep/2016:22:29:42 -0700] "GET /socket.io/?EIO=3&transport=polling&t=LSiKdyq&sid=Ejr_rBZ--f2u2J6wAAAV HTTP/1.1" 200 17 "http://anything.com/" "Mozilla/5.0 (iPhone; CPU iPhone OS 9_3_5 like Mac OS X) AppleWebKit/601.1 (KHTML, like Gecko) CriOS/52.0.2743.84 Mobile/13G36 Safari/601.1.46"
192.168.1.133 - - [14/Sep/2016:22:29:42 -0700] "GET /socket.io/?EIO=3&transport=polling&t=LSiKe1y HTTP/1.1" 200 101 "http://spacechat.com/" "Mozilla/5.0 (Linux; Android 6.0; LG-H810 Build/MRA58K) AppleWebKit/537.36 (KHTML, like Gecko) Chrome/53.0.2785.97 Mobile Safari/537.36"
192.168.1.133 - - [14/Sep/2016:22:29:43 -0700] "POST /socket.io/?EIO=3&transport=polling&t=LSiKeC_&sid=4D9UZ2G7scMiOlgeAAAW HTTP/1.1" 200 2 "http://spacechat.com/" "Mozilla/5.0 (Linux; Android 6.0; LG-H810 Build/MRA58K) AppleWebKit/537.36 (KHTML, like Gecko) Chrome/53.0.2785.97 Mobile Safari/537.36"
192.168.1.133 - - [14/Sep/2016:22:29:43 -0700] "GET /socket.io/?EIO=3&transport=polling&t=LSiKeDN&sid=4D9UZ2G7scMiOlgeAAAW HTTP/1.1" 200 17 "http://spacechat.com/" "Mozilla/5.0 (Linux; Android 6.0; LG-H810 Build/MRA58K) AppleWebKit/537.36 (KHTML, like Gecko) Chrome/53.0.2785.97 Mobile Safari/537.36"
192.168.1.133 - - [14/Sep/2016:22:29:43 -0700] "POST /socket.io/?EIO=3&transport=polling&t=LSiKeES&sid=4D9UZ2G7scMiOlgeAAAW HTTP/1.1" 200 2 "http://spacechat.com/" "Mozilla/5.0 (Linux; Android 6.0; LG-H810 Build/MRA58K) AppleWebKit/537.36 (KHTML, like Gecko) Chrome/53.0.2785.97 Mobile Safari/537.36"
192.168.1.133 - - [14/Sep/2016:22:29:43 -0700] "GET /socket.io/?EIO=3&transport=polling&t=LSiKeEV&sid=4D9UZ2G7scMiOlgeAAAW HTTP/1.1" 200 239 "http://spacechat.com/" "Mozilla/5.0 (Linux; Android 6.0; LG-H810 Build/MRA58K) AppleWebKit/537.36 (KHTML, like Gecko) Chrome/53.0.2785.97 Mobile Safari/537.36"
192.168.1.133 - - [14/Sep/2016:22:29:43 -0700] "POST /socket.io/?EIO=3&transport=polling&t=LSiKeG9&sid=4D9UZ2G7scMiOlgeAAAW HTTP/1.1" 200 2 "http://spacechat.com/" "Mozilla/5.0 (Linux; Android 6.0; LG-H810 Build/MRA58K) AppleWebKit/537.36 (KHTML, like Gecko) Chrome/53.0.2785.97 Mobile Safari/537.36"
192.168.1.123 - - [14/Sep/2016:22:29:44 -0700] "GET /generate_204 HTTP/1.1" 404 56 "-" "Dalvik/2.1.0 (Linux; U; Android 6.0.1; A0001 Build/MHC19Q)"
192.168.1.149 - - [14/Sep/2016:22:29:50 -0700] "GET /socket.io/?EIO=3&transport=websocket&sid=Ejr_rBZ--f2u2J6wAAAV HTTP/1.1" 101 71323 "-" "Mozilla/5.0 (iPhone; CPU iPhone OS 9_3_5 like Mac OS X) AppleWebKit/601.1 (KHTML, like Gecko) CriOS/52.0.2743.84 Mobile/13G36 Safari/601.1.46"
192.168.1.133 - - [14/Sep/2016:22:30:14 -0700] "GET /mobile/status.php HTTP/1.1" 404 61 "-" "Dalvik/2.1.0 (Linux; U; Android 6.0; LG-H810 Build/MRA58K) [FBAN/Orca-Android;FBAV/87.0.0.15.69;FBPN/com.facebook.orca;FBLC/en_GB;FBBV/38414364;FBCR/AT&amp-T;FBMF/LGE;FBBD/lge;FBDV/LG-H810;FBSV/6.0;FBCA/armeabi-v7a:armeabi;FBDM/{density=4.0,width=1440,height=2392};FB_FW/1;]"
192.168.1.130 - - [14/Sep/2016:22:30:19 -0700] "GET /socket.io/?EIO=3&transport=websocket&sid=qRX2tYpaHGZ_2OP-AAAM HTTP/1.1" 101 8 "-" "-"
192.168.1.130 - - [14/Sep/2016:22:30:24 -0700] "GET /socket.io/?EIO=3&transport=polling&t=LSiKo6p HTTP/1.1" 200 101 "http://spacechat.com/" "Mozilla/5.0 (Linux; Android 4.4.2; SAMSUNG-SGH-I747 Build/KOT49H) AppleWebKit/535.19 (KHTML, like Gecko) Chrome/18.0.1025.166 Mobile Safari/535.19"
192.168.1.130 - - [14/Sep/2016:22:30:24 -0700] "POST /socket.io/?EIO=3&transport=polling&t=LSiKo7E&sid=Q3cX26WlKg9KV3SYAAAX HTTP/1.1" 200 2 "http://spacechat.com/" "Mozilla/5.0 (Linux; Android 4.4.2; SAMSUNG-SGH-I747 Build/KOT49H) AppleWebKit/535.19 (KHTML, like Gecko) Chrome/18.0.1025.166 Mobile Safari/535.19"
192.168.1.130 - - [14/Sep/2016:22:30:24 -0700] "GET /socket.io/?EIO=3&transport=polling&t=LSiKo7K&sid=Q3cX26WlKg9KV3SYAAAX HTTP/1.1" 200 17 "http://spacechat.com/" "Mozilla/5.0 (Linux; Android 4.4.2; SAMSUNG-SGH-I747 Build/KOT49H) AppleWebKit/535.19 (KHTML, like Gecko) Chrome/18.0.1025.166 Mobile Safari/535.19"
192.168.1.130 - - [14/Sep/2016:22:30:24 -0700] "GET /socket.io/?EIO=3&transport=polling&t=LSiKo7r&sid=Q3cX26WlKg9KV3SYAAAX HTTP/1.1" 200 4 "http://spacechat.com/" "Mozilla/5.0 (Linux; Android 4.4.2; SAMSUNG-SGH-I747 Build/KOT49H) AppleWebKit/535.19 (KHTML, like Gecko) Chrome/18.0.1025.166 Mobile Safari/535.19"
192.168.1.149 - - [14/Sep/2016:22:30:37 -0700] "GET / HTTP/1.1" 200 533 "-" "Mozilla/5.0 (iPhone; CPU iPhone OS 9_3_5 like Mac OS X) AppleWebKit/601.1 (KHTML, like Gecko) CriOS/52.0.2743.84 Mobile/13G36 Safari/601.1.46"
192.168.1.149 - - [14/Sep/2016:22:30:37 -0700] "GET /socket.io/?EIO=3&transport=websocket&sid=FZyus-Zqj8t4O5sUAAAU HTTP/1.1" 101 14 "-" "Mozilla/5.0 (iPhone; CPU iPhone OS 9_3_5 like Mac OS X) AppleWebKit/601.1 (KHTML, like Gecko) CriOS/52.0.2743.84 Mobile/13G36 Safari/601.1.46"
192.168.1.149 - - [14/Sep/2016:22:30:37 -0700] "GET /socket.io/socket.io.js HTTP/1.1" 304 0 "http://anything.com/" "Mozilla/5.0 (iPhone; CPU iPhone OS 9_3_5 like Mac OS X) AppleWebKit/601.1 (KHTML, like Gecko) CriOS/52.0.2743.84 Mobile/13G36 Safari/601.1.46"
192.168.1.149 - - [14/Sep/2016:22:30:37 -0700] "GET /socket.io/?EIO=3&transport=polling&t=LSiKrWO HTTP/1.1" 200 101 "http://anything.com/" "Mozilla/5.0 (iPhone; CPU iPhone OS 9_3_5 like Mac OS X) AppleWebKit/601.1 (KHTML, like Gecko) CriOS/52.0.2743.84 Mobile/13G36 Safari/601.1.46"
192.168.1.149 - - [14/Sep/2016:22:30:37 -0700] "GET /socket.io/?EIO=3&transport=polling&t=LSiKrWT HTTP/1.1" 200 101 "http://anything.com/" "Mozilla/5.0 (iPhone; CPU iPhone OS 9_3_5 like Mac OS X) AppleWebKit/601.1 (KHTML, like Gecko) CriOS/52.0.2743.84 Mobile/13G36 Safari/601.1.46"
192.168.1.149 - - [14/Sep/2016:22:30:37 -0700] "GET /socket.io/?EIO=3&transport=polling&t=LSiKrbU&sid=X9x43kJQHzUO5g-ZAAAY HTTP/1.1" 200 5 "http://anything.com/" "Mozilla/5.0 (iPhone; CPU iPhone OS 9_3_5 like Mac OS X) AppleWebKit/601.1 (KHTML, like Gecko) CriOS/52.0.2743.84 Mobile/13G36 Safari/601.1.46"
192.168.1.149 - - [14/Sep/2016:22:30:37 -0700] "POST /socket.io/?EIO=3&transport=polling&t=LSiKrbP&sid=X9x43kJQHzUO5g-ZAAAY HTTP/1.1" 200 2 "http://anything.com/" "Mozilla/5.0 (iPhone; CPU iPhone OS 9_3_5 like Mac OS X) AppleWebKit/601.1 (KHTML, like Gecko) CriOS/52.0.2743.84 Mobile/13G36 Safari/601.1.46"
192.168.1.149 - - [14/Sep/2016:22:30:38 -0700] "GET /socket.io/?EIO=3&transport=polling&t=LSiKrdd&sid=X9x43kJQHzUO5g-ZAAAY HTTP/1.1" 200 12 "http://anything.com/" "Mozilla/5.0 (iPhone; CPU iPhone OS 9_3_5 like Mac OS X) AppleWebKit/601.1 (KHTML, like Gecko) CriOS/52.0.2743.84 Mobile/13G36 Safari/601.1.46"
192.168.1.149 - - [14/Sep/2016:22:30:38 -0700] "GET /socket.io/?EIO=3&transport=polling&t=LSiKrbf&sid=yYyjBofVukcY6FHSAAAZ HTTP/1.1" 200 5 "http://anything.com/" "Mozilla/5.0 (iPhone; CPU iPhone OS 9_3_5 like Mac OS X) AppleWebKit/601.1 (KHTML, like Gecko) CriOS/52.0.2743.84 Mobile/13G36 Safari/601.1.46"
192.168.1.149 - - [14/Sep/2016:22:30:38 -0700] "POST /socket.io/?EIO=3&transport=polling&t=LSiKrbc&sid=yYyjBofVukcY6FHSAAAZ HTTP/1.1" 200 2 "http://anything.com/" "Mozilla/5.0 (iPhone; CPU iPhone OS 9_3_5 like Mac OS X) AppleWebKit/601.1 (KHTML, like Gecko) CriOS/52.0.2743.84 Mobile/13G36 Safari/601.1.46"
192.168.1.149 - - [14/Sep/2016:22:30:38 -0700] "GET /socket.io/?EIO=3&transport=polling&t=LSiKre9&sid=X9x43kJQHzUO5g-ZAAAY HTTP/1.1" 200 4 "http://anything.com/" "Mozilla/5.0 (iPhone; CPU iPhone OS 9_3_5 like Mac OS X) AppleWebKit/601.1 (KHTML, like Gecko) CriOS/52.0.2743.84 Mobile/13G36 Safari/601.1.46"
192.168.1.133 - - [14/Sep/2016:22:30:47 -0700] "GET /weatherapi/locationforecast/1.9/?lat=34.027333&lon=-118.390477 HTTP/1.1" 404 79 "-" "-"
192.168.1.130 - - [14/Sep/2016:22:31:08 -0700] "GET /socket.io/?EIO=3&transport=websocket&sid=WX_3PtZUMJdSEmQJAAAL HTTP/1.1" 101 8 "-" "-"
192.168.1.130 - - [14/Sep/2016:22:31:19 -0700] "GET /socket.io/?EIO=3&transport=polling&t=LSiK_Va HTTP/1.1" 200 101 "http://spacechat.com/" "Mozilla/5.0 (Linux; Android 4.4.2; SAMSUNG-SGH-I747 Build/KOT49H) AppleWebKit/535.19 (KHTML, like Gecko) Chrome/18.0.1025.166 Mobile Safari/535.19"
192.168.1.130 - - [14/Sep/2016:22:31:19 -0700] "POST /socket.io/?EIO=3&transport=polling&t=LSiK_ZX&sid=a08OBxh7OTVKfvXYAAAa HTTP/1.1" 200 2 "http://spacechat.com/" "Mozilla/5.0 (Linux; Android 4.4.2; SAMSUNG-SGH-I747 Build/KOT49H) AppleWebKit/535.19 (KHTML, like Gecko) Chrome/18.0.1025.166 Mobile Safari/535.19"
192.168.1.130 - - [14/Sep/2016:22:31:19 -0700] "GET /socket.io/?EIO=3&transport=polling&t=LSiK_Zh&sid=a08OBxh7OTVKfvXYAAAa HTTP/1.1" 200 17 "http://spacechat.com/" "Mozilla/5.0 (Linux; Android 4.4.2; SAMSUNG-SGH-I747 Build/KOT49H) AppleWebKit/535.19 (KHTML, like Gecko) Chrome/18.0.1025.166 Mobile Safari/535.19"
192.168.1.130 - - [14/Sep/2016:22:31:19 -0700] "POST /socket.io/?EIO=3&transport=polling&t=LSiK_aV&sid=a08OBxh7OTVKfvXYAAAa HTTP/1.1" 200 2 "http://spacechat.com/" "Mozilla/5.0 (Linux; Android 4.4.2; SAMSUNG-SGH-I747 Build/KOT49H) AppleWebKit/535.19 (KHTML, like Gecko) Chrome/18.0.1025.166 Mobile Safari/535.19"
192.168.1.130 - - [14/Sep/2016:22:31:19 -0700] "GET /socket.io/?EIO=3&transport=polling&t=LSiK_aY&sid=a08OBxh7OTVKfvXYAAAa HTTP/1.1" 200 4 "http://spacechat.com/" "Mozilla/5.0 (Linux; Android 4.4.2; SAMSUNG-SGH-I747 Build/KOT49H) AppleWebKit/535.19 (KHTML, like Gecko) Chrome/18.0.1025.166 Mobile Safari/535.19"
192.168.1.130 - - [14/Sep/2016:22:31:24 -0700] "GET /socket.io/?EIO=3&transport=websocket&sid=Q3cX26WlKg9KV3SYAAAX HTTP/1.1" 101 8 "-" "-"
192.168.1.145 - - [14/Sep/2016:22:31:45 -0700] "GET /generate_204 HTTP/1.1" 404 56 "-" "Dalvik/2.1.0 (Linux; U; Android 7.0; Nexus 5X Build/NRD90M)"
192.168.1.130 - - [14/Sep/2016:22:31:49 -0700] "GET /socket.io/?EIO=3&transport=polling&t=LSiL6qp HTTP/1.1" 200 101 "http://spacechat.com/" "Mozilla/5.0 (Linux; Android 4.4.2; SAMSUNG-SGH-I747 Build/KOT49H) AppleWebKit/535.19 (KHTML, like Gecko) Chrome/18.0.1025.166 Mobile Safari/535.19"
192.168.1.130 - - [14/Sep/2016:22:31:49 -0700] "POST /socket.io/?EIO=3&transport=polling&t=LSiL6rh&sid=VS9c4zuXCu89mHc3AAAb HTTP/1.1" 200 2 "http://spacechat.com/" "Mozilla/5.0 (Linux; Android 4.4.2; SAMSUNG-SGH-I747 Build/KOT49H) AppleWebKit/535.19 (KHTML, like Gecko) Chrome/18.0.1025.166 Mobile Safari/535.19"
192.168.1.130 - - [14/Sep/2016:22:31:49 -0700] "GET /socket.io/?EIO=3&transport=polling&t=LSiL6s0&sid=VS9c4zuXCu89mHc3AAAb HTTP/1.1" 200 17 "http://spacechat.com/" "Mozilla/5.0 (Linux; Android 4.4.2; SAMSUNG-SGH-I747 Build/KOT49H) AppleWebKit/535.19 (KHTML, like Gecko) Chrome/18.0.1025.166 Mobile Safari/535.19"
192.168.1.106 - - [14/Sep/2016:22:31:54 -0700] "GET /socket.io/?EIO=3&transport=websocket&sid=i_qAMmZzda3uNVt6AAAJ HTTP/1.1" 101 20 "-" "Mozilla/5.0 (X11; Linux x86_64) AppleWebKit/537.36 (KHTML, like Gecko) Chrome/53.0.2785.97 Safari/537.36"
192.168.1.106 - - [14/Sep/2016:22:31:54 -0700] "GET /socket.io/?EIO=3&transport=websocket&sid=OtpWZ01CsEJ6zeUpAAAI HTTP/1.1" 101 20 "-" "Mozilla/5.0 (X11; Linux x86_64) AppleWebKit/537.36 (KHTML, like Gecko) Chrome/53.0.2785.97 Safari/537.36"
192.168.1.133 - - [14/Sep/2016:22:31:57 -0700] "GET /v1/public/yql?q=select%20*%20from%20geo.placefinder%20where%20text=%2234.027333%2C-118.390477%22%20and%20gflags=%22R%22 HTTP/1.1" 404 132 "-" "-"
192.168.1.106 - - [14/Sep/2016:22:32:05 -0700] "GET /socket.io/?EIO=3&transport=websocket&sid=yt_tUL7BI56ddiE9AAAG HTTP/1.1" 101 20 "-" "Mozilla/5.0 (X11; Linux x86_64) AppleWebKit/537.36 (KHTML, like Gecko) Chrome/53.0.2785.97 Safari/537.36"
192.168.1.145 - - [14/Sep/2016:22:32:06 -0700] "GET / HTTP/1.1" 200 533 "-" "Mozilla/5.0 (Linux; Android 7.0; Nexus 5X Build/NRD90M) AppleWebKit/537.36 (KHTML, like Gecko) Chrome/52.0.2743.98 Mobile Safari/537.36"
192.168.1.145 - - [14/Sep/2016:22:32:06 -0700] "GET /socket.io/?EIO=3&transport=websocket&sid=GlYMDbFpgOXqxtWEAAAR HTTP/1.1" 101 2625764 "-" "Mozilla/5.0 (Linux; Android 7.0; Nexus 5X Build/NRD90M) AppleWebKit/537.36 (KHTML, like Gecko) Chrome/52.0.2743.98 Mobile Safari/537.36"
192.168.1.145 - - [14/Sep/2016:22:32:06 -0700] "GET /socket.io/?EIO=3&transport=websocket&sid=d60nRANuLwziCh6LAAAQ HTTP/1.1" 101 30 "-" "Mozilla/5.0 (Linux; Android 7.0; Nexus 5X Build/NRD90M) AppleWebKit/537.36 (KHTML, like Gecko) Chrome/52.0.2743.98 Mobile Safari/537.36"
192.168.1.145 - - [14/Sep/2016:22:32:06 -0700] "GET /socket.io/socket.io.js HTTP/1.1" 304 0 "http://spacechat.com/" "Mozilla/5.0 (Linux; Android 7.0; Nexus 5X Build/NRD90M) AppleWebKit/537.36 (KHTML, like Gecko) Chrome/52.0.2743.98 Mobile Safari/537.36"
192.168.1.145 - - [14/Sep/2016:22:32:08 -0700] "GET /socket.io/?EIO=3&transport=polling&t=LSiLBNt HTTP/1.1" 200 101 "http://spacechat.com/" "Mozilla/5.0 (Linux; Android 7.0; Nexus 5X Build/NRD90M) AppleWebKit/537.36 (KHTML, like Gecko) Chrome/52.0.2743.98 Mobile Safari/537.36"
192.168.1.145 - - [14/Sep/2016:22:32:08 -0700] "GET /socket.io/?EIO=3&transport=polling&t=LSiLBOG HTTP/1.1" 200 101 "http://spacechat.com/" "Mozilla/5.0 (Linux; Android 7.0; Nexus 5X Build/NRD90M) AppleWebKit/537.36 (KHTML, like Gecko) Chrome/52.0.2743.98 Mobile Safari/537.36"
192.168.1.145 - - [14/Sep/2016:22:32:08 -0700] "POST /socket.io/?EIO=3&transport=polling&t=LSiLBUu&sid=cjZwnHVCMcqB7fnEAAAc HTTP/1.1" 200 2 "http://spacechat.com/" "Mozilla/5.0 (Linux; Android 7.0; Nexus 5X Build/NRD90M) AppleWebKit/537.36 (KHTML, like Gecko) Chrome/52.0.2743.98 Mobile Safari/537.36"
192.168.1.145 - - [14/Sep/2016:22:32:08 -0700] "GET /socket.io/?EIO=3&transport=polling&t=LSiLBV6&sid=cjZwnHVCMcqB7fnEAAAc HTTP/1.1" 200 17 "http://spacechat.com/" "Mozilla/5.0 (Linux; Android 7.0; Nexus 5X Build/NRD90M) AppleWebKit/537.36 (KHTML, like Gecko) Chrome/52.0.2743.98 Mobile Safari/537.36"
192.168.1.145 - - [14/Sep/2016:22:32:08 -0700] "GET /socket.io/?EIO=3&transport=polling&t=LSiLBVQ&sid=eyCrWMZa8Kpuv2RhAAAd HTTP/1.1" 200 5 "http://spacechat.com/" "Mozilla/5.0 (Linux; Android 7.0; Nexus 5X Build/NRD90M) AppleWebKit/537.36 (KHTML, like Gecko) Chrome/52.0.2743.98 Mobile Safari/537.36"
192.168.1.145 - - [14/Sep/2016:22:32:08 -0700] "POST /socket.io/?EIO=3&transport=polling&t=LSiLBVM&sid=eyCrWMZa8Kpuv2RhAAAd HTTP/1.1" 200 2 "http://spacechat.com/" "Mozilla/5.0 (Linux; Android 7.0; Nexus 5X Build/NRD90M) AppleWebKit/537.36 (KHTML, like Gecko) Chrome/52.0.2743.98 Mobile Safari/537.36"
192.168.1.145 - - [14/Sep/2016:22:32:09 -0700] "GET /socket.io/?EIO=3&transport=polling&t=LSiLBdR&sid=eyCrWMZa8Kpuv2RhAAAd HTTP/1.1" 200 12 "http://spacechat.com/" "Mozilla/5.0 (Linux; Android 7.0; Nexus 5X Build/NRD90M) AppleWebKit/537.36 (KHTML, like Gecko) Chrome/52.0.2743.98 Mobile Safari/537.36"
192.168.1.145 - - [14/Sep/2016:22:32:09 -0700] "GET /socket.io/?EIO=3&transport=polling&t=LSiLBeM&sid=eyCrWMZa8Kpuv2RhAAAd HTTP/1.1" 200 250 "http://spacechat.com/" "Mozilla/5.0 (Linux; Android 7.0; Nexus 5X Build/NRD90M) AppleWebKit/537.36 (KHTML, like Gecko) Chrome/52.0.2743.98 Mobile Safari/537.36"
192.168.1.145 - - [14/Sep/2016:22:32:09 -0700] "POST /socket.io/?EIO=3&transport=polling&t=LSiLBeK&sid=eyCrWMZa8Kpuv2RhAAAd HTTP/1.1" 200 2 "http://spacechat.com/" "Mozilla/5.0 (Linux; Android 7.0; Nexus 5X Build/NRD90M) AppleWebKit/537.36 (KHTML, like Gecko) Chrome/52.0.2743.98 Mobile Safari/537.36"
192.168.1.145 - - [14/Sep/2016:22:32:09 -0700] "GET /socket.io/?EIO=3&transport=polling&t=LSiLBdN&sid=cjZwnHVCMcqB7fnEAAAc HTTP/1.1" 200 4 "http://spacechat.com/" "Mozilla/5.0 (Linux; Android 7.0; Nexus 5X Build/NRD90M) AppleWebKit/537.36 (KHTML, like Gecko) Chrome/52.0.2743.98 Mobile Safari/537.36"
192.168.1.133 - - [14/Sep/2016:22:32:16 -0700] "GET /generate_204 HTTP/1.1" 404 56 "-" "Dalvik/2.1.0 (Linux; U; Android 6.0; LG-H810 Build/MRA58K)"
192.168.1.130 - - [14/Sep/2016:22:32:19 -0700] "GET /socket.io/?EIO=3&transport=websocket&sid=a08OBxh7OTVKfvXYAAAa HTTP/1.1" 101 8 "-" "-"
192.168.1.106 - - [14/Sep/2016:22:32:19 -0700] "GET /socket.io/?EIO=3&transport=polling&t=LSiLEM7 HTTP/1.1" 200 101 "http://spacechat.com/" "Mozilla/5.0 (X11; Linux x86_64) AppleWebKit/537.36 (KHTML, like Gecko) Chrome/53.0.2785.97 Safari/537.36"
192.168.1.106 - - [14/Sep/2016:22:32:19 -0700] "GET /socket.io/?EIO=3&transport=polling&t=LSiLEMC HTTP/1.1" 200 101 "http://spacechat.com/" "Mozilla/5.0 (X11; Linux x86_64) AppleWebKit/537.36 (KHTML, like Gecko) Chrome/53.0.2785.97 Safari/537.36"
192.168.1.106 - - [14/Sep/2016:22:32:19 -0700] "GET /socket.io/?EIO=3&transport=polling&t=LSiLEMG HTTP/1.1" 200 101 "http://spacechat.com/" "Mozilla/5.0 (X11; Linux x86_64) AppleWebKit/537.36 (KHTML, like Gecko) Chrome/53.0.2785.97 Safari/537.36"
192.168.1.106 - - [14/Sep/2016:22:32:20 -0700] "POST /socket.io/?EIO=3&transport=polling&t=LSiLERq&sid=t_frzUsy3WIyOX5EAAAf HTTP/1.1" 200 2 "http://spacechat.com/" "Mozilla/5.0 (X11; Linux x86_64) AppleWebKit/537.36 (KHTML, like Gecko) Chrome/53.0.2785.97 Safari/537.36"
192.168.1.106 - - [14/Sep/2016:22:32:20 -0700] "GET /socket.io/?EIO=3&transport=polling&t=LSiLESo&sid=t_frzUsy3WIyOX5EAAAf HTTP/1.1" 200 17 "http://spacechat.com/" "Mozilla/5.0 (X11; Linux x86_64) AppleWebKit/537.36 (KHTML, like Gecko) Chrome/53.0.2785.97 Safari/537.36"
192.168.1.106 - - [14/Sep/2016:22:32:20 -0700] "POST /socket.io/?EIO=3&transport=polling&t=LSiLETB&sid=g7zTQ0DIvTTcNuKCAAAg HTTP/1.1" 200 2 "http://spacechat.com/" "Mozilla/5.0 (X11; Linux x86_64) AppleWebKit/537.36 (KHTML, like Gecko) Chrome/53.0.2785.97 Safari/537.36"
192.168.1.106 - - [14/Sep/2016:22:32:20 -0700] "GET /socket.io/?EIO=3&transport=polling&t=LSiLETF&sid=g7zTQ0DIvTTcNuKCAAAg HTTP/1.1" 200 17 "http://spacechat.com/" "Mozilla/5.0 (X11; Linux x86_64) AppleWebKit/537.36 (KHTML, like Gecko) Chrome/53.0.2785.97 Safari/537.36"
192.168.1.106 - - [14/Sep/2016:22:32:20 -0700] "POST /socket.io/?EIO=3&transport=polling&t=LSiLETK&sid=HWqC5EVxf_pnDJOaAAAe HTTP/1.1" 200 2 "http://spacechat.com/" "Mozilla/5.0 (X11; Linux x86_64) AppleWebKit/537.36 (KHTML, like Gecko) Chrome/53.0.2785.97 Safari/537.36"
192.168.1.106 - - [14/Sep/2016:22:32:20 -0700] "GET /socket.io/?EIO=3&transport=polling&t=LSiLETP&sid=HWqC5EVxf_pnDJOaAAAe HTTP/1.1" 200 17 "http://spacechat.com/" "Mozilla/5.0 (X11; Linux x86_64) AppleWebKit/537.36 (KHTML, like Gecko) Chrome/53.0.2785.97 Safari/537.36"
192.168.1.106 - - [14/Sep/2016:22:32:20 -0700] "POST /socket.io/?EIO=3&transport=polling&t=LSiLEW9&sid=HWqC5EVxf_pnDJOaAAAe HTTP/1.1" 200 2 "http://spacechat.com/" "Mozilla/5.0 (X11; Linux x86_64) AppleWebKit/537.36 (KHTML, like Gecko) Chrome/53.0.2785.97 Safari/537.36"
192.168.1.106 - - [14/Sep/2016:22:32:20 -0700] "POST /socket.io/?EIO=3&transport=polling&t=LSiLEW-&sid=HWqC5EVxf_pnDJOaAAAe HTTP/1.1" 200 2 "http://spacechat.com/" "Mozilla/5.0 (X11; Linux x86_64) AppleWebKit/537.36 (KHTML, like Gecko) Chrome/53.0.2785.97 Safari/537.36"
192.168.1.106 - - [14/Sep/2016:22:32:20 -0700] "GET /socket.io/?EIO=3&transport=polling&t=LSiLEUT&sid=t_frzUsy3WIyOX5EAAAf HTTP/1.1" 200 4 "http://spacechat.com/" "Mozilla/5.0 (X11; Linux x86_64) AppleWebKit/537.36 (KHTML, like Gecko) Chrome/53.0.2785.97 Safari/537.36"
192.168.1.106 - - [14/Sep/2016:22:32:20 -0700] "GET /socket.io/?EIO=3&transport=polling&t=LSiLEVK&sid=g7zTQ0DIvTTcNuKCAAAg HTTP/1.1" 200 4 "http://spacechat.com/" "Mozilla/5.0 (X11; Linux x86_64) AppleWebKit/537.36 (KHTML, like Gecko) Chrome/53.0.2785.97 Safari/537.36"
192.168.1.106 - - [14/Sep/2016:22:32:20 -0700] "GET /socket.io/?EIO=3&transport=polling&t=LSiLEWB&sid=HWqC5EVxf_pnDJOaAAAe HTTP/1.1" 200 4 "http://spacechat.com/" "Mozilla/5.0 (X11; Linux x86_64) AppleWebKit/537.36 (KHTML, like Gecko) Chrome/53.0.2785.97 Safari/537.36"
192.168.1.133 - - [14/Sep/2016:22:32:32 -0700] "POST /data/2.5/weather?APPID=8689922848d4e7922d77fb2d70cdef68&lat=34.0273336&lon=-118.3904769 HTTP/1.1" 404 133 "-" "Dalvik/2.1.0 (Linux; U; Android 6.0; LG-H810 Build/MRA58K)"
192.168.1.133 - - [14/Sep/2016:22:32:35 -0700] "POST /data/2.5/weather?APPID=8689922848d4e7922d77fb2d70cdef68&lat=34.0273336&lon=-118.3904769 HTTP/1.1" 404 133 "-" "Dalvik/2.1.0 (Linux; U; Android 6.0; LG-H810 Build/MRA58K)"
192.168.1.130 - - [14/Sep/2016:22:32:47 -0700] "GET /socket.io/?EIO=3&transport=polling&t=LSiLL1H HTTP/1.1" 200 101 "http://spacechat.com/" "Mozilla/5.0 (Linux; Android 4.4.2; SAMSUNG-SGH-I747 Build/KOT49H) AppleWebKit/535.19 (KHTML, like Gecko) Chrome/18.0.1025.166 Mobile Safari/535.19"
192.168.1.130 - - [14/Sep/2016:22:32:47 -0700] "POST /socket.io/?EIO=3&transport=polling&t=LSiLL22&sid=HMLa6qaKKAQQbOOOAAAh HTTP/1.1" 200 2 "http://spacechat.com/" "Mozilla/5.0 (Linux; Android 4.4.2; SAMSUNG-SGH-I747 Build/KOT49H) AppleWebKit/535.19 (KHTML, like Gecko) Chrome/18.0.1025.166 Mobile Safari/535.19"
192.168.1.130 - - [14/Sep/2016:22:32:47 -0700] "GET /socket.io/?EIO=3&transport=polling&t=LSiLL2A&sid=HMLa6qaKKAQQbOOOAAAh HTTP/1.1" 200 17 "http://spacechat.com/" "Mozilla/5.0 (Linux; Android 4.4.2; SAMSUNG-SGH-I747 Build/KOT49H) AppleWebKit/535.19 (KHTML, like Gecko) Chrome/18.0.1025.166 Mobile Safari/535.19"
192.168.1.130 - - [14/Sep/2016:22:32:47 -0700] "GET /socket.io/?EIO=3&transport=polling&t=LSiLL2v&sid=HMLa6qaKKAQQbOOOAAAh HTTP/1.1" 200 4 "http://spacechat.com/" "Mozilla/5.0 (Linux; Android 4.4.2; SAMSUNG-SGH-I747 Build/KOT49H) AppleWebKit/535.19 (KHTML, like Gecko) Chrome/18.0.1025.166 Mobile Safari/535.19"
192.168.1.130 - - [14/Sep/2016:22:32:49 -0700] "GET /socket.io/?EIO=3&transport=websocket&sid=VS9c4zuXCu89mHc3AAAb HTTP/1.1" 101 8 "-" "-"
192.168.1.130 - - [14/Sep/2016:22:32:50 -0700] "GET /socket.io/?EIO=3&transport=polling&t=LSiLLjr HTTP/1.1" 200 101 "http://spacechat.com/" "Mozilla/5.0 (Linux; Android 4.4.2; SAMSUNG-SGH-I747 Build/KOT49H) AppleWebKit/535.19 (KHTML, like Gecko) Chrome/18.0.1025.166 Mobile Safari/535.19"
192.168.1.130 - - [14/Sep/2016:22:32:50 -0700] "POST /socket.io/?EIO=3&transport=polling&t=LSiLLkc&sid=PyBzvrL8lw63uwa4AAAi HTTP/1.1" 200 2 "http://spacechat.com/" "Mozilla/5.0 (Linux; Android 4.4.2; SAMSUNG-SGH-I747 Build/KOT49H) AppleWebKit/535.19 (KHTML, like Gecko) Chrome/18.0.1025.166 Mobile Safari/535.19"
192.168.1.130 - - [14/Sep/2016:22:32:50 -0700] "GET /socket.io/?EIO=3&transport=polling&t=LSiLLkv&sid=PyBzvrL8lw63uwa4AAAi HTTP/1.1" 200 17 "http://spacechat.com/" "Mozilla/5.0 (Linux; Android 4.4.2; SAMSUNG-SGH-I747 Build/KOT49H) AppleWebKit/535.19 (KHTML, like Gecko) Chrome/18.0.1025.166 Mobile Safari/535.19"
192.168.1.130 - - [14/Sep/2016:22:32:50 -0700] "GET /socket.io/?EIO=3&transport=polling&t=LSiLLmU&sid=PyBzvrL8lw63uwa4AAAi HTTP/1.1" 200 4 "http://spacechat.com/" "Mozilla/5.0 (Linux; Android 4.4.2; SAMSUNG-SGH-I747 Build/KOT49H) AppleWebKit/535.19 (KHTML, like Gecko) Chrome/18.0.1025.166 Mobile Safari/535.19"
192.168.1.133 - - [14/Sep/2016:22:32:52 -0700] "GET /mobile/status.php HTTP/1.1" 404 61 "-" "Dalvik/2.1.0 (Linux; U; Android 6.0; LG-H810 Build/MRA58K) [FBAN/Orca-Android;FBAV/87.0.0.15.69;FBPN/com.facebook.orca;FBLC/en_GB;FBBV/38414364;FBCR/AT&amp-T;FBMF/LGE;FBBD/lge;FBDV/LG-H810;FBSV/6.0;FBCA/armeabi-v7a:armeabi;FBDM/{density=4.0,width=1440,height=2392};FB_FW/1;]"
192.168.1.145 - - [14/Sep/2016:22:32:55 -0700] "POST /service/update2?cup2key=6:3761619792&cup2hreq=78132bc3f43f2ef98d21f6182f23abfc9020ad63d40121f8e96b7fa0acacfae5 HTTP/1.1" 404 146 "-" "Mozilla/5.0 (Linux; Android 7.0; Nexus 5X Build/NRD90M) AppleWebKit/537.36 (KHTML, like Gecko) Chrome/52.0.2743.98 Mobile Safari/537.36"
192.168.1.106 - - [14/Sep/2016:22:33:20 -0700] "GET /socket.io/?EIO=3&transport=websocket&sid=t_frzUsy3WIyOX5EAAAf HTTP/1.1" 101 8 "-" "Mozilla/5.0 (X11; Linux x86_64) AppleWebKit/537.36 (KHTML, like Gecko) Chrome/53.0.2785.97 Safari/537.36"
192.168.1.106 - - [14/Sep/2016:22:33:20 -0700] "GET /socket.io/?EIO=3&transport=websocket&sid=g7zTQ0DIvTTcNuKCAAAg HTTP/1.1" 101 8 "-" "Mozilla/5.0 (X11; Linux x86_64) AppleWebKit/537.36 (KHTML, like Gecko) Chrome/53.0.2785.97 Safari/537.36"
192.168.1.106 - - [14/Sep/2016:22:33:20 -0700] "GET /socket.io/?EIO=3&transport=websocket&sid=HWqC5EVxf_pnDJOaAAAe HTTP/1.1" 101 8 "-" "Mozilla/5.0 (X11; Linux x86_64) AppleWebKit/537.36 (KHTML, like Gecko) Chrome/53.0.2785.97 Safari/537.36"
192.168.1.130 - - [14/Sep/2016:22:33:47 -0700] "GET /socket.io/?EIO=3&transport=websocket&sid=HMLa6qaKKAQQbOOOAAAh HTTP/1.1" 101 8 "-" "-"
192.168.1.130 - - [14/Sep/2016:22:33:50 -0700] "GET /socket.io/?EIO=3&transport=websocket&sid=PyBzvrL8lw63uwa4AAAi HTTP/1.1" 101 8 "-" "-"
192.168.1.130 - - [14/Sep/2016:22:33:50 -0700] "GET /socket.io/?EIO=3&transport=polling&t=LSiLaLw HTTP/1.1" 200 101 "http://spacechat.com/" "Mozilla/5.0 (Linux; Android 4.4.2; SAMSUNG-SGH-I747 Build/KOT49H) AppleWebKit/535.19 (KHTML, like Gecko) Chrome/18.0.1025.166 Mobile Safari/535.19"
192.168.1.130 - - [14/Sep/2016:22:33:50 -0700] "POST /socket.io/?EIO=3&transport=polling&t=LSiLaNs&sid=uvnL4xRtAXkeLRJjAAAj HTTP/1.1" 200 2 "http://spacechat.com/" "Mozilla/5.0 (Linux; Android 4.4.2; SAMSUNG-SGH-I747 Build/KOT49H) AppleWebKit/535.19 (KHTML, like Gecko) Chrome/18.0.1025.166 Mobile Safari/535.19"
192.168.1.130 - - [14/Sep/2016:22:33:50 -0700] "GET /socket.io/?EIO=3&transport=polling&t=LSiLaO1&sid=uvnL4xRtAXkeLRJjAAAj HTTP/1.1" 200 17 "http://spacechat.com/" "Mozilla/5.0 (Linux; Android 4.4.2; SAMSUNG-SGH-I747 Build/KOT49H) AppleWebKit/535.19 (KHTML, like Gecko) Chrome/18.0.1025.166 Mobile Safari/535.19"
192.168.1.130 - - [14/Sep/2016:22:33:50 -0700] "POST /socket.io/?EIO=3&transport=polling&t=LSiLaOe&sid=uvnL4xRtAXkeLRJjAAAj HTTP/1.1" 200 2 "http://spacechat.com/" "Mozilla/5.0 (Linux; Android 4.4.2; SAMSUNG-SGH-I747 Build/KOT49H) AppleWebKit/535.19 (KHTML, like Gecko) Chrome/18.0.1025.166 Mobile Safari/535.19"
192.168.1.130 - - [14/Sep/2016:22:33:50 -0700] "GET /socket.io/?EIO=3&transport=polling&t=LSiLaOi&sid=uvnL4xRtAXkeLRJjAAAj HTTP/1.1" 200 4 "http://spacechat.com/" "Mozilla/5.0 (Linux; Android 4.4.2; SAMSUNG-SGH-I747 Build/KOT49H) AppleWebKit/535.19 (KHTML, like Gecko) Chrome/18.0.1025.166 Mobile Safari/535.19"
192.168.1.130 - - [14/Sep/2016:22:34:16 -0700] "GET /socket.io/?EIO=3&transport=polling&t=LSiLgkv HTTP/1.1" 200 101 "http://spacechat.com/" "Mozilla/5.0 (Linux; Android 4.4.2; SAMSUNG-SGH-I747 Build/KOT49H) AppleWebKit/535.19 (KHTML, like Gecko) Chrome/18.0.1025.166 Mobile Safari/535.19"
192.168.1.130 - - [14/Sep/2016:22:34:16 -0700] "POST /socket.io/?EIO=3&transport=polling&t=LSiLglb&sid=97PQO1mvH8tb-gAlAAAk HTTP/1.1" 200 2 "http://spacechat.com/" "Mozilla/5.0 (Linux; Android 4.4.2; SAMSUNG-SGH-I747 Build/KOT49H) AppleWebKit/535.19 (KHTML, like Gecko) Chrome/18.0.1025.166 Mobile Safari/535.19"
192.168.1.130 - - [14/Sep/2016:22:34:16 -0700] "GET /socket.io/?EIO=3&transport=polling&t=LSiLglm&sid=97PQO1mvH8tb-gAlAAAk HTTP/1.1" 200 17 "http://spacechat.com/" "Mozilla/5.0 (Linux; Android 4.4.2; SAMSUNG-SGH-I747 Build/KOT49H) AppleWebKit/535.19 (KHTML, like Gecko) Chrome/18.0.1025.166 Mobile Safari/535.19"
192.168.1.130 - - [14/Sep/2016:22:34:16 -0700] "GET /socket.io/?EIO=3&transport=polling&t=LSiLgmJ&sid=97PQO1mvH8tb-gAlAAAk HTTP/1.1" 200 4 "http://spacechat.com/" "Mozilla/5.0 (Linux; Android 4.4.2; SAMSUNG-SGH-I747 Build/KOT49H) AppleWebKit/535.19 (KHTML, like Gecko) Chrome/18.0.1025.166 Mobile Safari/535.19"
192.168.1.130 - - [14/Sep/2016:22:34:50 -0700] "GET /socket.io/?EIO=3&transport=websocket&sid=uvnL4xRtAXkeLRJjAAAj HTTP/1.1" 101 8 "-" "-"
192.168.1.133 - - [14/Sep/2016:22:34:53 -0700] "GET /weatherapi/locationforecast/1.9/?lat=34.027002&lon=-118.390203 HTTP/1.1" 404 79 "-" "-"
192.168.1.123 - - [14/Sep/2016:22:35:12 -0700] "GET /socket.io/?EIO=3&transport=websocket&sid=R3ldhJJ_JrvGyKB2AAAS HTTP/1.1" 101 41 "-" "Mozilla/5.0 (Linux; Android 6.0.1; A0001 Build/MHC19Q) AppleWebKit/537.36 (KHTML, like Gecko) Chrome/53.0.2785.97 Mobile Safari/537.36"
192.168.1.145 - - [14/Sep/2016:22:35:13 -0700] "GET /socket.io/?EIO=3&transport=websocket&sid=cjZwnHVCMcqB7fnEAAAc HTTP/1.1" 101 23 "-" "Mozilla/5.0 (Linux; Android 7.0; Nexus 5X Build/NRD90M) AppleWebKit/537.36 (KHTML, like Gecko) Chrome/52.0.2743.98 Mobile Safari/537.36"
192.168.1.130 - - [14/Sep/2016:22:35:16 -0700] "GET /socket.io/?EIO=3&transport=websocket&sid=97PQO1mvH8tb-gAlAAAk HTTP/1.1" 101 8 "-" "-"
192.168.1.130 - - [14/Sep/2016:22:35:16 -0700] "GET /socket.io/?EIO=3&transport=polling&t=LSiLvO8 HTTP/1.1" 200 101 "http://spacechat.com/" "Mozilla/5.0 (Linux; Android 4.4.2; SAMSUNG-SGH-I747 Build/KOT49H) AppleWebKit/535.19 (KHTML, like Gecko) Chrome/18.0.1025.166 Mobile Safari/535.19"
192.168.1.130 - - [14/Sep/2016:22:35:17 -0700] "POST /socket.io/?EIO=3&transport=polling&t=LSiLvQM&sid=06kCFjmlH_nIum8KAAAl HTTP/1.1" 200 2 "http://spacechat.com/" "Mozilla/5.0 (Linux; Android 4.4.2; SAMSUNG-SGH-I747 Build/KOT49H) AppleWebKit/535.19 (KHTML, like Gecko) Chrome/18.0.1025.166 Mobile Safari/535.19"
192.168.1.130 - - [14/Sep/2016:22:35:17 -0700] "GET /socket.io/?EIO=3&transport=polling&t=LSiLvQZ&sid=06kCFjmlH_nIum8KAAAl HTTP/1.1" 200 17 "http://spacechat.com/" "Mozilla/5.0 (Linux; Android 4.4.2; SAMSUNG-SGH-I747 Build/KOT49H) AppleWebKit/535.19 (KHTML, like Gecko) Chrome/18.0.1025.166 Mobile Safari/535.19"
192.168.1.130 - - [14/Sep/2016:22:35:17 -0700] "GET /socket.io/?EIO=3&transport=polling&t=LSiLvQu&sid=06kCFjmlH_nIum8KAAAl HTTP/1.1" 200 4 "http://spacechat.com/" "Mozilla/5.0 (Linux; Android 4.4.2; SAMSUNG-SGH-I747 Build/KOT49H) AppleWebKit/535.19 (KHTML, like Gecko) Chrome/18.0.1025.166 Mobile Safari/535.19"
192.168.1.130 - - [14/Sep/2016:22:35:17 -0700] "GET /socket.io/?EIO=3&transport=polling&t=LSiLvYb HTTP/1.1" 200 101 "http://spacechat.com/" "Mozilla/5.0 (Linux; Android 4.4.2; SAMSUNG-SGH-I747 Build/KOT49H) AppleWebKit/535.19 (KHTML, like Gecko) Chrome/18.0.1025.166 Mobile Safari/535.19"
192.168.1.130 - - [14/Sep/2016:22:35:17 -0700] "POST /socket.io/?EIO=3&transport=polling&t=LSiLvZo&sid=gUtHebGizpxKqFvXAAAm HTTP/1.1" 200 2 "http://spacechat.com/" "Mozilla/5.0 (Linux; Android 4.4.2; SAMSUNG-SGH-I747 Build/KOT49H) AppleWebKit/535.19 (KHTML, like Gecko) Chrome/18.0.1025.166 Mobile Safari/535.19"
192.168.1.130 - - [14/Sep/2016:22:35:17 -0700] "GET /socket.io/?EIO=3&transport=polling&t=LSiLvaF&sid=gUtHebGizpxKqFvXAAAm HTTP/1.1" 200 17 "http://spacechat.com/" "Mozilla/5.0 (Linux; Android 4.4.2; SAMSUNG-SGH-I747 Build/KOT49H) AppleWebKit/535.19 (KHTML, like Gecko) Chrome/18.0.1025.166 Mobile Safari/535.19"
192.168.1.130 - - [14/Sep/2016:22:35:17 -0700] "GET /socket.io/?EIO=3&transport=polling&t=LSiLvb0&sid=gUtHebGizpxKqFvXAAAm HTTP/1.1" 200 4 "http://spacechat.com/" "Mozilla/5.0 (Linux; Android 4.4.2; SAMSUNG-SGH-I747 Build/KOT49H) AppleWebKit/535.19 (KHTML, like Gecko) Chrome/18.0.1025.166 Mobile Safari/535.19"
192.168.1.123 - - [14/Sep/2016:22:35:22 -0700] "GET /socket.io/?EIO=3&transport=polling&t=LSiLwjP HTTP/1.1" 200 101 "http://spacechat.com/" "Mozilla/5.0 (Linux; Android 6.0.1; A0001 Build/MHC19Q) AppleWebKit/537.36 (KHTML, like Gecko) Chrome/53.0.2785.97 Mobile Safari/537.36"
192.168.1.123 - - [14/Sep/2016:22:35:24 -0700] "POST /socket.io/?EIO=3&transport=polling&t=LSiLxOL&sid=Z4cGdzHR_34Vq1l7AAAn HTTP/1.1" 200 2 "http://spacechat.com/" "Mozilla/5.0 (Linux; Android 6.0.1; A0001 Build/MHC19Q) AppleWebKit/537.36 (KHTML, like Gecko) Chrome/53.0.2785.97 Mobile Safari/537.36"
192.168.1.123 - - [14/Sep/2016:22:35:25 -0700] "GET /socket.io/?EIO=3&transport=polling&t=LSiLxhi&sid=Z4cGdzHR_34Vq1l7AAAn HTTP/1.1" 200 17 "http://spacechat.com/" "Mozilla/5.0 (Linux; Android 6.0.1; A0001 Build/MHC19Q) AppleWebKit/537.36 (KHTML, like Gecko) Chrome/53.0.2785.97 Mobile Safari/537.36"
192.168.1.145 - - [14/Sep/2016:22:35:27 -0700] "GET /socket.io/?EIO=3&transport=websocket&sid=eyCrWMZa8Kpuv2RhAAAd HTTP/1.1" 101 2217180 "-" "Mozilla/5.0 (Linux; Android 7.0; Nexus 5X Build/NRD90M) AppleWebKit/537.36 (KHTML, like Gecko) Chrome/52.0.2743.98 Mobile Safari/537.36"
192.168.1.123 - - [14/Sep/2016:22:35:29 -0700] "GET /socket.io/?EIO=3&transport=polling&t=LSiLyTl&sid=Z4cGdzHR_34Vq1l7AAAn HTTP/1.1" 200 4 "http://spacechat.com/" "Mozilla/5.0 (Linux; Android 6.0.1; A0001 Build/MHC19Q) AppleWebKit/537.36 (KHTML, like Gecko) Chrome/53.0.2785.97 Mobile Safari/537.36"
192.168.1.145 - - [14/Sep/2016:22:35:40 -0700] "GET /socket.io/?EIO=3&transport=polling&t=LSiL_CT HTTP/1.1" 200 101 "http://spacechat.com/" "Mozilla/5.0 (Linux; Android 7.0; Nexus 5X Build/NRD90M) AppleWebKit/537.36 (KHTML, like Gecko) Chrome/52.0.2743.98 Mobile Safari/537.36"
192.168.1.145 - - [14/Sep/2016:22:35:40 -0700] "POST /socket.io/?EIO=3&transport=polling&t=LSiL_DF&sid=F50Ry9WZTUkPcjHZAAAo HTTP/1.1" 200 2 "http://spacechat.com/" "Mozilla/5.0 (Linux; Android 7.0; Nexus 5X Build/NRD90M) AppleWebKit/537.36 (KHTML, like Gecko) Chrome/52.0.2743.98 Mobile Safari/537.36"
192.168.1.145 - - [14/Sep/2016:22:35:40 -0700] "GET /socket.io/?EIO=3&transport=polling&t=LSiL_DL&sid=F50Ry9WZTUkPcjHZAAAo HTTP/1.1" 200 17 "http://spacechat.com/" "Mozilla/5.0 (Linux; Android 7.0; Nexus 5X Build/NRD90M) AppleWebKit/537.36 (KHTML, like Gecko) Chrome/52.0.2743.98 Mobile Safari/537.36"
192.168.1.145 - - [14/Sep/2016:22:35:40 -0700] "GET /socket.io/?EIO=3&transport=polling&t=LSiL_EL&sid=F50Ry9WZTUkPcjHZAAAo HTTP/1.1" 200 4 "http://spacechat.com/" "Mozilla/5.0 (Linux; Android 7.0; Nexus 5X Build/NRD90M) AppleWebKit/537.36 (KHTML, like Gecko) Chrome/52.0.2743.98 Mobile Safari/537.36"
192.168.1.145 - - [14/Sep/2016:22:35:41 -0700] "GET /socket.io/?EIO=3&transport=polling&t=LSiL_O6 HTTP/1.1" 200 101 "http://spacechat.com/" "Mozilla/5.0 (Linux; Android 7.0; Nexus 5X Build/NRD90M) AppleWebKit/537.36 (KHTML, like Gecko) Chrome/52.0.2743.98 Mobile Safari/537.36"
192.168.1.145 - - [14/Sep/2016:22:35:41 -0700] "POST /socket.io/?EIO=3&transport=polling&t=LSiL_OT&sid=xcNOwc4m01DEAc5VAAAp HTTP/1.1" 200 2 "http://spacechat.com/" "Mozilla/5.0 (Linux; Android 7.0; Nexus 5X Build/NRD90M) AppleWebKit/537.36 (KHTML, like Gecko) Chrome/52.0.2743.98 Mobile Safari/537.36"
192.168.1.145 - - [14/Sep/2016:22:35:41 -0700] "GET /socket.io/?EIO=3&transport=polling&t=LSiL_OX&sid=xcNOwc4m01DEAc5VAAAp HTTP/1.1" 200 17 "http://spacechat.com/" "Mozilla/5.0 (Linux; Android 7.0; Nexus 5X Build/NRD90M) AppleWebKit/537.36 (KHTML, like Gecko) Chrome/52.0.2743.98 Mobile Safari/537.36"
192.168.1.145 - - [14/Sep/2016:22:35:41 -0700] "POST /socket.io/?EIO=3&transport=polling&t=LSiL_Q3&sid=xcNOwc4m01DEAc5VAAAp HTTP/1.1" 200 2 "http://spacechat.com/" "Mozilla/5.0 (Linux; Android 7.0; Nexus 5X Build/NRD90M) AppleWebKit/537.36 (KHTML, like Gecko) Chrome/52.0.2743.98 Mobile Safari/537.36"
192.168.1.145 - - [14/Sep/2016:22:35:41 -0700] "GET /socket.io/?EIO=3&transport=polling&t=LSiL_Q5&sid=xcNOwc4m01DEAc5VAAAp HTTP/1.1" 200 4 "http://spacechat.com/" "Mozilla/5.0 (Linux; Android 7.0; Nexus 5X Build/NRD90M) AppleWebKit/537.36 (KHTML, like Gecko) Chrome/52.0.2743.98 Mobile Safari/537.36"
192.168.1.133 - - [14/Sep/2016:22:35:44 -0700] "GET /socket.io/?EIO=3&transport=websocket&sid=4D9UZ2G7scMiOlgeAAAW HTTP/1.1" 101 8009797 "-" "Mozilla/5.0 (Linux; Android 6.0; LG-H810 Build/MRA58K) AppleWebKit/537.36 (KHTML, like Gecko) Chrome/53.0.2785.97 Mobile Safari/537.36"
192.168.1.132 - - [14/Sep/2016:22:35:44 -0700] "GET /socket.io/?EIO=3&transport=websocket&sid=-jhwaPRChJmAhlcBAAAP HTTP/1.1" 101 6305244 "-" "Mozilla/5.0 (iPhone; CPU iPhone OS 9_3_3 like Mac OS X) AppleWebKit/601.1.46 (KHTML, like Gecko) Version/9.0 Mobile/13G34 Safari/601.1"
192.168.1.109 - - [14/Sep/2016:22:35:44 -0700] "GET /socket.io/?EIO=3&transport=websocket&sid=4_4xMh-lug3Ao8KXAAAN&t=636094889667307568-2 HTTP/1.1" 101 50482710 "-" "-"
192.168.1.149 - - [14/Sep/2016:22:35:44 -0700] "GET /socket.io/?EIO=3&transport=websocket&sid=yYyjBofVukcY6FHSAAAZ HTTP/1.1" 101 5197581 "-" "Mozilla/5.0 (iPhone; CPU iPhone OS 9_3_5 like Mac OS X) AppleWebKit/601.1 (KHTML, like Gecko) CriOS/52.0.2743.84 Mobile/13G36 Safari/601.1.46"
192.168.1.123 - - [14/Sep/2016:22:35:44 -0700] "GET /socket.io/?EIO=3&transport=websocket&sid=Z4cGdzHR_34Vq1l7AAAn HTTP/1.1" 101 8 "-" "Mozilla/5.0 (Linux; Android 6.0.1; A0001 Build/MHC19Q) AppleWebKit/537.36 (KHTML, like Gecko) Chrome/53.0.2785.97 Mobile Safari/537.36"
192.168.1.130 - - [14/Sep/2016:22:35:44 -0700] "GET /socket.io/?EIO=3&transport=websocket&sid=gUtHebGizpxKqFvXAAAm HTTP/1.1" 101 8 "-" "-"
192.168.1.130 - - [14/Sep/2016:22:35:44 -0700] "GET /socket.io/?EIO=3&transport=websocket&sid=06kCFjmlH_nIum8KAAAl HTTP/1.1" 101 8 "-" "-"
