192.168.1.145 - - [14/Sep/2016:22:27:24 -0700] "HEAD / HTTP/1.1" 200 0 "-" "Mozilla/5.0 (Linux; Android 7.0; Nexus 5X Build/NRD90M) AppleWebKit/537.36 (KHTML, like Gecko) Chrome/52.0.2743.98 Mobile Safari/537.36"
192.168.1.145 - - [14/Sep/2016:22:27:24 -0700] "HEAD / HTTP/1.1" 200 0 "-" "Mozilla/5.0 (Linux; Android 7.0; Nexus 5X Build/NRD90M) AppleWebKit/537.36 (KHTML, like Gecko) Chrome/52.0.2743.98 Mobile Safari/537.36"
192.168.1.130 - - [14/Sep/2016:22:27:24 -0700] "GET /socket.io/?EIO=3&transport=websocket&sid=_RsFAXPbG_0UoMbjAAAI HTTP/1.1" 101 23 "-" "-"
192.168.1.145 - - [14/Sep/2016:22:27:25 -0700] "GET /generate_204 HTTP/1.1" 404 56 "-" "Dalvik/2.1.0 (Linux; U; Android 7.0; Nexus 5X Build/NRD90M)"
192.168.1.145 - - [14/Sep/2016:22:27:29 -0700] "GET / HTTP/1.1" 200 533 "-" "Mozilla/5.0 (Linux; Android 7.0; Nexus 5X Build/NRD90M) AppleWebKit/537.36 (KHTML, like Gecko) Chrome/52.0.2743.98 Mobile Safari/537.36"
192.168.1.145 - - [14/Sep/2016:22:27:29 -0700] "GET /socket.io/socket.io.js HTTP/1.1" 200 184299 "http://spacechat.com/" "Mozilla/5.0 (Linux; Android 7.0; Nexus 5X Build/NRD90M) AppleWebKit/537.36 (KHTML, like Gecko) Chrome/52.0.2743.98 Mobile Safari/537.36"
192.168.1.145 - - [14/Sep/2016:22:27:30 -0700] "GET /generate_204 HTTP/1.1" 404 56 "-" "Dalvik/2.1.0 (Linux; U; Android 7.0; Nexus 5X Build/NRD90M)"
192.168.1.130 - - [14/Sep/2016:22:27:30 -0700] "GET /socket.io/?EIO=3&transport=polling&t=LSiK7hC HTTP/1.1" 200 101 "http://spacechat.com/" "Mozilla/5.0 (Linux; Android 4.4.2; SAMSUNG-SGH-I747 Build/KOT49H) AppleWebKit/535.19 (KHTML, like Gecko) Chrome/18.0.1025.166 Mobile Safari/535.19"
192.168.1.130 - - [14/Sep/2016:22:27:30 -0700] "POST /socket.io/?EIO=3&transport=polling&t=LSiK7i0&sid=r2d4_-sxb-HZXLC5AAAa HTTP/1.1" 200 2 "http://spacechat.com/" "Mozilla/5.0 (Linux; Android 4.4.2; SAMSUNG-SGH-I747 Build/KOT49H) AppleWebKit/535.19 (KHTML, like Gecko) Chrome/18.0.1025.166 Mobile Safari/535.19"
192.168.1.130 - - [14/Sep/2016:22:27:30 -0700] "GET /socket.io/?EIO=3&transport=polling&t=LSiK7iG&sid=r2d4_-sxb-HZXLC5AAAa HTTP/1.1" 200 17 "http://spacechat.com/" "Mozilla/5.0 (Linux; Android 4.4.2; SAMSUNG-SGH-I747 Build/KOT49H) AppleWebKit/535.19 (KHTML, like Gecko) Chrome/18.0.1025.166 Mobile Safari/535.19"
192.168.1.145 - - [14/Sep/2016:22:27:30 -0700] "GET /favicon.ico HTTP/1.1" 404 53 "http://spacechat.com/" "Mozilla/5.0 (Linux; Android 7.0; Nexus 5X Build/NRD90M) AppleWebKit/537.36 (KHTML, like Gecko) Chrome/52.0.2743.98 Mobile Safari/537.36"
192.168.1.145 - - [14/Sep/2016:22:27:30 -0700] "GET /socket.io/?EIO=3&transport=polling&t=LSiK7id HTTP/1.1" 200 101 "http://spacechat.com/" "Mozilla/5.0 (Linux; Android 7.0; Nexus 5X Build/NRD90M) AppleWebKit/537.36 (KHTML, like Gecko) Chrome/52.0.2743.98 Mobile Safari/537.36"
192.168.1.130 - - [14/Sep/2016:22:27:30 -0700] "GET /socket.io/?EIO=3&transport=polling&t=LSiK7jw&sid=r2d4_-sxb-HZXLC5AAAa HTTP/1.1" 200 4 "http://spacechat.com/" "Mozilla/5.0 (Linux; Android 4.4.2; SAMSUNG-SGH-I747 Build/KOT49H) AppleWebKit/535.19 (KHTML, like Gecko) Chrome/18.0.1025.166 Mobile Safari/535.19"
192.168.1.145 - - [14/Sep/2016:22:27:30 -0700] "POST /socket.io/?EIO=3&transport=polling&t=LSiK7jk&sid=dVAk8wiWteSpVs0vAAAb HTTP/1.1" 200 2 "http://spacechat.com/" "Mozilla/5.0 (Linux; Android 7.0; Nexus 5X Build/NRD90M) AppleWebKit/537.36 (KHTML, like Gecko) Chrome/52.0.2743.98 Mobile Safari/537.36"
192.168.1.145 - - [14/Sep/2016:22:27:30 -0700] "GET /socket.io/?EIO=3&transport=polling&t=LSiK7jz&sid=dVAk8wiWteSpVs0vAAAb HTTP/1.1" 200 17 "http://spacechat.com/" "Mozilla/5.0 (Linux; Android 7.0; Nexus 5X Build/NRD90M) AppleWebKit/537.36 (KHTML, like Gecko) Chrome/52.0.2743.98 Mobile Safari/537.36"
192.168.1.145 - - [14/Sep/2016:22:27:31 -0700] "GET /socket.io/?EIO=3&transport=polling&t=LSiK7kV&sid=dVAk8wiWteSpVs0vAAAb HTTP/1.1" 200 4 "http://spacechat.com/" "Mozilla/5.0 (Linux; Android 7.0; Nexus 5X Build/NRD90M) AppleWebKit/537.36 (KHTML, like Gecko) Chrome/52.0.2743.98 Mobile Safari/537.36"
192.168.1.145 - - [14/Sep/2016:22:27:31 -0700] "GET /generate_204 HTTP/1.1" 404 56 "-" "Dalvik/2.1.0 (Linux; U; Android 7.0; Nexus 5X Build/NRD90M)"
192.168.1.145 - - [14/Sep/2016:22:27:33 -0700] "GET /generate_204 HTTP/1.1" 404 56 "-" "Dalvik/2.1.0 (Linux; U; Android 7.0; Nexus 5X Build/NRD90M)"
192.168.1.145 - - [14/Sep/2016:22:27:37 -0700] "GET /generate_204 HTTP/1.1" 404 56 "-" "Dalvik/2.1.0 (Linux; U; Android 7.0; Nexus 5X Build/NRD90M)"
192.168.1.145 - - [14/Sep/2016:22:27:45 -0700] "GET /generate_204 HTTP/1.1" 404 56 "-" "Dalvik/2.1.0 (Linux; U; Android 7.0; Nexus 5X Build/NRD90M)"
192.168.1.130 - - [14/Sep/2016:22:27:55 -0700] "GET /socket.io/?EIO=3&transport=websocket&sid=P0fLNB0DTTylccgbAAAX HTTP/1.1" 101 8 "-" "-"
192.168.1.130 - - [14/Sep/2016:22:27:57 -0700] "GET /socket.io/?EIO=3&transport=polling&t=LSiKE6T HTTP/1.1" 200 101 "http://spacechat.com/" "Mozilla/5.0 (Linux; Android 4.4.2; SAMSUNG-SGH-I747 Build/KOT49H) AppleWebKit/535.19 (KHTML, like Gecko) Chrome/18.0.1025.166 Mobile Safari/535.19"
192.168.1.130 - - [14/Sep/2016:22:27:57 -0700] "POST /socket.io/?EIO=3&transport=polling&t=LSiKEAv&sid=ziiop0Cyu2BOI2wZAAAc HTTP/1.1" 200 2 "http://spacechat.com/" "Mozilla/5.0 (Linux; Android 4.4.2; SAMSUNG-SGH-I747 Build/KOT49H) AppleWebKit/535.19 (KHTML, like Gecko) Chrome/18.0.1025.166 Mobile Safari/535.19"
192.168.1.130 - - [14/Sep/2016:22:27:57 -0700] "GET /socket.io/?EIO=3&transport=polling&t=LSiKEB2&sid=ziiop0Cyu2BOI2wZAAAc HTTP/1.1" 200 17 "http://spacechat.com/" "Mozilla/5.0 (Linux; Android 4.4.2; SAMSUNG-SGH-I747 Build/KOT49H) AppleWebKit/535.19 (KHTML, like Gecko) Chrome/18.0.1025.166 Mobile Safari/535.19"
192.168.1.130 - - [14/Sep/2016:22:27:57 -0700] "GET /socket.io/?EIO=3&transport=polling&t=LSiKEDH&sid=ziiop0Cyu2BOI2wZAAAc HTTP/1.1" 200 4 "http://spacechat.com/" "Mozilla/5.0 (Linux; Android 4.4.2; SAMSUNG-SGH-I747 Build/KOT49H) AppleWebKit/535.19 (KHTML, like Gecko) Chrome/18.0.1025.166 Mobile Safari/535.19"
192.168.1.145 - - [14/Sep/2016:22:28:01 -0700] "GET /generate_204 HTTP/1.1" 404 56 "-" "Dalvik/2.1.0 (Linux; U; Android 7.0; Nexus 5X Build/NRD90M)"
192.168.1.133 - - [14/Sep/2016:22:28:22 -0700] "GET /mobile/status.php HTTP/1.1" 404 61 "-" "Dalvik/2.1.0 (Linux; U; Android 6.0; LG-H810 Build/MRA58K) [FBAN/Orca-Android;FBAV/87.0.0.15.69;FBPN/com.facebook.orca;FBLC/en_GB;FBBV/38414364;FBCR/AT&amp-T;FBMF/LGE;FBBD/lge;FBDV/LG-H810;FBSV/6.0;FBCA/armeabi-v7a:armeabi;FBDM/{density=4.0,width=1440,height=2392};FB_FW/1;]"
192.168.1.130 - - [14/Sep/2016:22:28:30 -0700] "GET /socket.io/?EIO=3&transport=websocket&sid=r2d4_-sxb-HZXLC5AAAa HTTP/1.1" 101 8 "-" "-"
192.168.1.145 - - [14/Sep/2016:22:28:33 -0700] "GET /generate_204 HTTP/1.1" 404 56 "-" "Dalvik/2.1.0 (Linux; U; Android 7.0; Nexus 5X Build/NRD90M)"
192.168.1.133 - - [14/Sep/2016:22:28:35 -0700] "GET /weatherapi/locationforecast/1.9/?lat=34.02695&lon=-118.390249 HTTP/1.1" 404 78 "-" "-"
192.168.1.132 - - [14/Sep/2016:22:28:40 -0700] "GET /socket.io/?EIO=3&transport=websocket&sid=T4vfwtV8lUvSZiHGAAAZ HTTP/1.1" 101 1454164 "-" "Mozilla/5.0 (iPhone; CPU iPhone OS 9_3_3 like Mac OS X) AppleWebKit/601.1.46 (KHTML, like Gecko) Version/9.0 Mobile/13G34 Safari/601.1"
192.168.1.130 - - [14/Sep/2016:22:28:49 -0700] "GET /socket.io/?EIO=3&transport=polling&t=LSiKQx2 HTTP/1.1" 200 101 "http://spacechat.com/" "Mozilla/5.0 (Linux; Android 4.4.2; SAMSUNG-SGH-I747 Build/KOT49H) AppleWebKit/535.19 (KHTML, like Gecko) Chrome/18.0.1025.166 Mobile Safari/535.19"
192.168.1.130 - - [14/Sep/2016:22:28:49 -0700] "POST /socket.io/?EIO=3&transport=polling&t=LSiKQxm&sid=Dhhrq3lmZc1-3BsDAAAd HTTP/1.1" 200 2 "http://spacechat.com/" "Mozilla/5.0 (Linux; Android 4.4.2; SAMSUNG-SGH-I747 Build/KOT49H) AppleWebKit/535.19 (KHTML, like Gecko) Chrome/18.0.1025.166 Mobile Safari/535.19"
192.168.1.130 - - [14/Sep/2016:22:28:49 -0700] "GET /socket.io/?EIO=3&transport=polling&t=LSiKQxz&sid=Dhhrq3lmZc1-3BsDAAAd HTTP/1.1" 200 17 "http://spacechat.com/" "Mozilla/5.0 (Linux; Android 4.4.2; SAMSUNG-SGH-I747 Build/KOT49H) AppleWebKit/535.19 (KHTML, like Gecko) Chrome/18.0.1025.166 Mobile Safari/535.19"
192.168.1.130 - - [14/Sep/2016:22:28:49 -0700] "POST /socket.io/?EIO=3&transport=polling&t=LSiKQyQ&sid=Dhhrq3lmZc1-3BsDAAAd HTTP/1.1" 200 2 "http://spacechat.com/" "Mozilla/5.0 (Linux; Android 4.4.2; SAMSUNG-SGH-I747 Build/KOT49H) AppleWebKit/535.19 (KHTML, like Gecko) Chrome/18.0.1025.166 Mobile Safari/535.19"
192.168.1.130 - - [14/Sep/2016:22:28:49 -0700] "GET /socket.io/?EIO=3&transport=polling&t=LSiKQyV&sid=Dhhrq3lmZc1-3BsDAAAd HTTP/1.1" 200 4 "http://spacechat.com/" "Mozilla/5.0 (Linux; Android 4.4.2; SAMSUNG-SGH-I747 Build/KOT49H) AppleWebKit/535.19 (KHTML, like Gecko) Chrome/18.0.1025.166 Mobile Safari/535.19"
192.168.1.132 - - [14/Sep/2016:22:28:50 -0700] "GET / HTTP/1.1" 200 533 "-" "Mozilla/5.0 (iPhone; CPU iPhone OS 9_3_3 like Mac OS X) AppleWebKit/601.1.46 (KHTML, like Gecko) Version/9.0 Mobile/13G34 Safari/601.1"
192.168.1.132 - - [14/Sep/2016:22:28:50 -0700] "GET /socket.io/?EIO=3&transport=websocket&sid=VSATPSK6iYFvUZCHAAAY HTTP/1.1" 101 17 "-" "Mozilla/5.0 (iPhone; CPU iPhone OS 9_3_3 like Mac OS X) AppleWebKit/601.1.46 (KHTML, like Gecko) Version/9.0 Mobile/13G34 Safari/601.1"
192.168.1.132 - - [14/Sep/2016:22:28:50 -0700] "GET /socket.io/socket.io.js HTTP/1.1" 304 0 "http://spacechat.com/" "Mozilla/5.0 (iPhone; CPU iPhone OS 9_3_3 like Mac OS X) AppleWebKit/601.1.46 (KHTML, like Gecko) Version/9.0 Mobile/13G34 Safari/601.1"
192.168.1.132 - - [14/Sep/2016:22:28:50 -0700] "GET /socket.io/?EIO=3&transport=polling&t=LSiKRN1 HTTP/1.1" 200 101 "http://spacechat.com/" "Mozilla/5.0 (iPhone; CPU iPhone OS 9_3_3 like Mac OS X) AppleWebKit/601.1.46 (KHTML, like Gecko) Version/9.0 Mobile/13G34 Safari/601.1"
192.168.1.132 - - [14/Sep/2016:22:28:50 -0700] "GET /socket.io/?EIO=3&transport=polling&t=LSiKRN2 HTTP/1.1" 200 101 "http://spacechat.com/" "Mozilla/5.0 (iPhone; CPU iPhone OS 9_3_3 like Mac OS X) AppleWebKit/601.1.46 (KHTML, like Gecko) Version/9.0 Mobile/13G34 Safari/601.1"
192.168.1.132 - - [14/Sep/2016:22:28:50 -0700] "POST /socket.io/?EIO=3&transport=polling&t=LSiKRNz&sid=todXXIQoY1dzN0QDAAAe HTTP/1.1" 200 2 "http://spacechat.com/" "Mozilla/5.0 (iPhone; CPU iPhone OS 9_3_3 like Mac OS X) AppleWebKit/601.1.46 (KHTML, like Gecko) Version/9.0 Mobile/13G34 Safari/601.1"
192.168.1.132 - - [14/Sep/2016:22:28:50 -0700] "GET /socket.io/?EIO=3&transport=polling&t=LSiKRN-&sid=todXXIQoY1dzN0QDAAAe HTTP/1.1" 200 17 "http://spacechat.com/" "Mozilla/5.0 (iPhone; CPU iPhone OS 9_3_3 like Mac OS X) AppleWebKit/601.1.46 (KHTML, like Gecko) Version/9.0 Mobile/13G34 Safari/601.1"
192.168.1.132 - - [14/Sep/2016:22:28:50 -0700] "POST /socket.io/?EIO=3&transport=polling&t=LSiKRN_&sid=lPnsW9R1KuV7-mauAAAf HTTP/1.1" 200 2 "http://spacechat.com/" "Mozilla/5.0 (iPhone; CPU iPhone OS 9_3_3 like Mac OS X) AppleWebKit/601.1.46 (KHTML, like Gecko) Version/9.0 Mobile/13G34 Safari/601.1"
192.168.1.132 - - [14/Sep/2016:22:28:50 -0700] "GET /socket.io/?EIO=3&transport=polling&t=LSiKRO0&sid=lPnsW9R1KuV7-mauAAAf HTTP/1.1" 200 17 "http://spacechat.com/" "Mozilla/5.0 (iPhone; CPU iPhone OS 9_3_3 like Mac OS X) AppleWebKit/601.1.46 (KHTML, like Gecko) Version/9.0 Mobile/13G34 Safari/601.1"
192.168.1.132 - - [14/Sep/2016:22:28:50 -0700] "POST /socket.io/?EIO=3&transport=polling&t=LSiKROI&sid=lPnsW9R1KuV7-mauAAAf HTTP/1.1" 200 2 "http://spacechat.com/" "Mozilla/5.0 (iPhone; CPU iPhone OS 9_3_3 like Mac OS X) AppleWebKit/601.1.46 (KHTML, like Gecko) Version/9.0 Mobile/13G34 Safari/601.1"
192.168.1.132 - - [14/Sep/2016:22:28:50 -0700] "GET /socket.io/?EIO=3&transport=polling&t=LSiKROJ&sid=lPnsW9R1KuV7-mauAAAf HTTP/1.1" 200 252 "http://spacechat.com/" "Mozilla/5.0 (iPhone; CPU iPhone OS 9_3_3 like Mac OS X) AppleWebKit/601.1.46 (KHTML, like Gecko) Version/9.0 Mobile/13G34 Safari/601.1"
192.168.1.132 - - [14/Sep/2016:22:28:50 -0700] "POST /socket.io/?EIO=3&transport=polling&t=LSiKRON&sid=lPnsW9R1KuV7-mauAAAf HTTP/1.1" 200 2 "http://spacechat.com/" "Mozilla/5.0 (iPhone; CPU iPhone OS 9_3_3 like Mac OS X) AppleWebKit/601.1.46 (KHTML, like Gecko) Version/9.0 Mobile/13G34 Safari/601.1"
192.168.1.132 - - [14/Sep/2016:22:28:50 -0700] "GET /socket.io/?EIO=3&transport=polling&t=LSiKRPw&sid=lPnsW9R1KuV7-mauAAAf HTTP/1.1" 200 574 "http://spacechat.com/" "Mozilla/5.0 (iPhone; CPU iPhone OS 9_3_3 like Mac OS X) AppleWebKit/601.1.46 (KHTML, like Gecko) Version/9.0 Mobile/13G34 Safari/601.1"
192.168.1.132 - - [14/Sep/2016:22:28:50 -0700] "POST /socket.io/?EIO=3&transport=polling&t=LSiKRPz&sid=lPnsW9R1KuV7-mauAAAf HTTP/1.1" 200 2 "http://spacechat.com/" "Mozilla/5.0 (iPhone; CPU iPhone OS 9_3_3 like Mac OS X) AppleWebKit/601.1.46 (KHTML, like Gecko) Version/9.0 Mobile/13G34 Safari/601.1"
192.168.1.132 - - [14/Sep/2016:22:28:50 -0700] "GET /socket.io/?EIO=3&transport=polling&t=LSiKRQD&sid=lPnsW9R1KuV7-mauAAAf HTTP/1.1" 200 287 "http://spacechat.com/" "Mozilla/5.0 (iPhone; CPU iPhone OS 9_3_3 like Mac OS X) AppleWebKit/601.1.46 (KHTML, like Gecko) Version/9.0 Mobile/13G34 Safari/601.1"
192.168.1.132 - - [14/Sep/2016:22:28:50 -0700] "GET /socket.io/?EIO=3&transport=polling&t=LSiKROH&sid=todXXIQoY1dzN0QDAAAe HTTP/1.1" 200 4 "http://spacechat.com/" "Mozilla/5.0 (iPhone; CPU iPhone OS 9_3_3 like Mac OS X) AppleWebKit/601.1.46 (KHTML, like Gecko) Version/9.0 Mobile/13G34 Safari/601.1"
192.168.1.145 - - [14/Sep/2016:22:28:54 -0700] "GET /socket.io/?EIO=3&transport=websocket&sid=dVAk8wiWteSpVs0vAAAb HTTP/1.1" 101 1357907 "-" "Mozilla/5.0 (Linux; Android 7.0; Nexus 5X Build/NRD90M) AppleWebKit/537.36 (KHTML, like Gecko) Chrome/52.0.2743.98 Mobile Safari/537.36"
192.168.1.130 - - [14/Sep/2016:22:28:57 -0700] "GET /socket.io/?EIO=3&transport=websocket&sid=ziiop0Cyu2BOI2wZAAAc HTTP/1.1" 101 8 "-" "-"
192.168.1.145 - - [14/Sep/2016:22:28:58 -0700] "GET /socket.io/?EIO=3&transport=polling&t=LSiKS-F HTTP/1.1" 200 101 "http://spacechat.com/" "Mozilla/5.0 (Linux; Android 7.0; Nexus 5X Build/NRD90M) AppleWebKit/537.36 (KHTML, like Gecko) Chrome/52.0.2743.98 Mobile Safari/537.36"
192.168.1.145 - - [14/Sep/2016:22:28:58 -0700] "POST /socket.io/?EIO=3&transport=polling&t=LSiKT9E&sid=6Fx40cKzUMF264qmAAAg HTTP/1.1" 200 2 "http://spacechat.com/" "Mozilla/5.0 (Linux; Android 7.0; Nexus 5X Build/NRD90M) AppleWebKit/537.36 (KHTML, like Gecko) Chrome/52.0.2743.98 Mobile Safari/537.36"
192.168.1.145 - - [14/Sep/2016:22:28:58 -0700] "GET /socket.io/?EIO=3&transport=polling&t=LSiKT9R&sid=6Fx40cKzUMF264qmAAAg HTTP/1.1" 200 17 "http://spacechat.com/" "Mozilla/5.0 (Linux; Android 7.0; Nexus 5X Build/NRD90M) AppleWebKit/537.36 (KHTML, like Gecko) Chrome/52.0.2743.98 Mobile Safari/537.36"
192.168.1.145 - - [14/Sep/2016:22:28:58 -0700] "GET /socket.io/?EIO=3&transport=polling&t=LSiKTB7&sid=6Fx40cKzUMF264qmAAAg HTTP/1.1" 200 244 "http://spacechat.com/" "Mozilla/5.0 (Linux; Android 7.0; Nexus 5X Build/NRD90M) AppleWebKit/537.36 (KHTML, like Gecko) Chrome/52.0.2743.98 Mobile Safari/537.36"
192.168.1.145 - - [14/Sep/2016:22:28:58 -0700] "POST /socket.io/?EIO=3&transport=polling&t=LSiKTB3&sid=6Fx40cKzUMF264qmAAAg HTTP/1.1" 200 2 "http://spacechat.com/" "Mozilla/5.0 (Linux; Android 7.0; Nexus 5X Build/NRD90M) AppleWebKit/537.36 (KHTML, like Gecko) Chrome/52.0.2743.98 Mobile Safari/537.36"
192.168.1.145 - - [14/Sep/2016:22:28:58 -0700] "GET /socket.io/?EIO=3&transport=polling&t=LSiKTBr&sid=6Fx40cKzUMF264qmAAAg HTTP/1.1" 200 4 "http://spacechat.com/" "Mozilla/5.0 (Linux; Android 7.0; Nexus 5X Build/NRD90M) AppleWebKit/537.36 (KHTML, like Gecko) Chrome/52.0.2743.98 Mobile Safari/537.36"
192.168.1.132 - - [14/Sep/2016:22:29:01 -0700] "GET /socket.io/?EIO=3&transport=websocket&sid=todXXIQoY1dzN0QDAAAe HTTP/1.1" 101 8 "-" "Mozilla/5.0 (iPhone; CPU iPhone OS 9_3_3 like Mac OS X) AppleWebKit/601.1.46 (KHTML, like Gecko) Version/9.0 Mobile/13G34 Safari/601.1"
192.168.1.130 - - [14/Sep/2016:22:29:01 -0700] "GET /socket.io/?EIO=3&transport=websocket&sid=Dhhrq3lmZc1-3BsDAAAd HTTP/1.1" 101 8 "-" "-"
192.168.1.149 - - [14/Sep/2016:22:29:01 -0700] "GET /socket.io/?EIO=3&transport=websocket&sid=8ZWnTeIX6e5MwPu4AAAR HTTP/1.1" 101 5466192 "-" "Mozilla/5.0 (iPhone; CPU iPhone OS 9_3_5 like Mac OS X) AppleWebKit/601.1 (KHTML, like Gecko) CriOS/52.0.2743.84 Mobile/13G36 Safari/601.1.46"
192.168.1.106 - - [14/Sep/2016:22:29:01 -0700] "GET /socket.io/?EIO=3&transport=websocket&sid=YeHJq_4ex8XQTwd-AAAV HTTP/1.1" 101 41 "-" "Mozilla/5.0 (X11; Linux x86_64) AppleWebKit/537.36 (KHTML, like Gecko) Chrome/53.0.2785.97 Safari/537.36"
192.168.1.123 - - [14/Sep/2016:22:29:01 -0700] "GET /socket.io/?EIO=3&transport=websocket&sid=4w9sXAa-8HDUxEZWAAAO HTTP/1.1" 101 47 "-" "Mozilla/5.0 (Linux; Android 6.0.1; A0001 Build/MHC19Q) AppleWebKit/537.36 (KHTML, like Gecko) Chrome/53.0.2785.97 Mobile Safari/537.36"
192.168.1.145 - - [14/Sep/2016:22:29:01 -0700] "GET /socket.io/?EIO=3&transport=websocket&sid=6Fx40cKzUMF264qmAAAg HTTP/1.1" 101 41101 "-" "Mozilla/5.0 (Linux; Android 7.0; Nexus 5X Build/NRD90M) AppleWebKit/537.36 (KHTML, like Gecko) Chrome/52.0.2743.98 Mobile Safari/537.36"
192.168.1.109 - - [14/Sep/2016:22:29:01 -0700] "GET /socket.io/?EIO=3&transport=websocket&sid=1H7CcUYygapq0uZAAAAD&t=636094885987714354-4 HTTP/1.1" 101 51362078 "-" "-"
192.168.1.123 - - [14/Sep/2016:22:29:01 -0700] "GET /socket.io/?EIO=3&transport=websocket&sid=Z1uRhMVjo7Gi7r3GAAAP HTTP/1.1" 101 5519398 "-" "Mozilla/5.0 (Linux; Android 6.0.1; A0001 Build/MHC19Q) AppleWebKit/537.36 (KHTML, like Gecko) Chrome/53.0.2785.97 Mobile Safari/537.36"
192.168.1.132 - - [14/Sep/2016:22:29:01 -0700] "GET /socket.io/?EIO=3&transport=websocket&sid=lPnsW9R1KuV7-mauAAAf HTTP/1.1" 101 183125 "-" "Mozilla/5.0 (iPhone; CPU iPhone OS 9_3_3 like Mac OS X) AppleWebKit/601.1.46 (KHTML, like Gecko) Version/9.0 Mobile/13G34 Safari/601.1"
192.168.1.149 - - [14/Sep/2016:22:29:01 -0700] "GET /socket.io/?EIO=3&transport=websocket&sid=XL3HxhcPNeh6-GVEAAAQ HTTP/1.1" 101 44 "-" "Mozilla/5.0 (iPhone; CPU iPhone OS 9_3_5 like Mac OS X) AppleWebKit/601.1 (KHTML, like Gecko) CriOS/52.0.2743.84 Mobile/13G36 Safari/601.1.46"
192.168.1.133 - - [14/Sep/2016:22:29:01 -0700] "GET /socket.io/?EIO=3&transport=websocket&sid=0dbEOoeHDFzwP_P9AAAU HTTP/1.1" 101 4072233 "-" "Mozilla/5.0 (Linux; Android 6.0; LG-H810 Build/MRA58K) AppleWebKit/537.36 (KHTML, like Gecko) Chrome/53.0.2785.97 Mobile Safari/537.36"
192.168.1.133 - - [14/Sep/2016:22:29:01 -0700] "GET /socket.io/?EIO=3&transport=websocket&sid=R98irpEXSbjh7HpyAAAT HTTP/1.1" 101 44 "-" "Mozilla/5.0 (Linux; Android 6.0; LG-H810 Build/MRA58K) AppleWebKit/537.36 (KHTML, like Gecko) Chrome/53.0.2785.97 Mobile Safari/537.36"
192.168.1.106 - - [14/Sep/2016:22:29:01 -0700] "GET /socket.io/?EIO=3&transport=websocket&sid=w5of2c38RsO6RpagAAAW HTTP/1.1" 101 4310561 "-" "Mozilla/5.0 (X11; Linux x86_64) AppleWebKit/537.36 (KHTML, like Gecko) Chrome/53.0.2785.97 Safari/537.36"
192.168.1.130 - - [14/Sep/2016:22:29:01 -0700] "GET /socket.io/?EIO=3&transport=polling&t=LSiKTpj HTTP/1.1" 502 574 "http://spacechat.com/" "Mozilla/5.0 (Linux; Android 4.4.2; SAMSUNG-SGH-I747 Build/KOT49H) AppleWebKit/535.19 (KHTML, like Gecko) Chrome/18.0.1025.166 Mobile Safari/535.19"
192.168.1.132 - - [14/Sep/2016:22:29:01 -0700] "GET /socket.io/?EIO=3&transport=polling&t=LSiKU75 HTTP/1.1" 502 172 "http://spacechat.com/" "Mozilla/5.0 (iPhone; CPU iPhone OS 9_3_3 like Mac OS X) AppleWebKit/601.1.46 (KHTML, like Gecko) Version/9.0 Mobile/13G34 Safari/601.1"
192.168.1.133 - - [14/Sep/2016:22:29:01 -0700] "GET /socket.io/?EIO=3&transport=polling&t=LSiKU2G HTTP/1.1" 502 574 "http://spacechat.com/" "Mozilla/5.0 (Linux; Android 6.0; LG-H810 Build/MRA58K) AppleWebKit/537.36 (KHTML, like Gecko) Chrome/53.0.2785.97 Mobile Safari/537.36"
192.168.1.149 - - [14/Sep/2016:22:29:02 -0700] "GET /socket.io/?EIO=3&transport=polling&t=LSiKUCC HTTP/1.1" 502 172 "http://anything.com/" "Mozilla/5.0 (iPhone; CPU iPhone OS 9_3_5 like Mac OS X) AppleWebKit/601.1 (KHTML, like Gecko) CriOS/52.0.2743.84 Mobile/13G36 Safari/601.1.46"
192.168.1.132 - - [14/Sep/2016:22:29:02 -0700] "GET /socket.io/?EIO=3&transport=polling&t=LSiKUG_ HTTP/1.1" 502 172 "http://spacechat.com/" "Mozilla/5.0 (iPhone; CPU iPhone OS 9_3_3 like Mac OS X) AppleWebKit/601.1.46 (KHTML, like Gecko) Version/9.0 Mobile/13G34 Safari/601.1"
192.168.1.133 - - [14/Sep/2016:22:29:02 -0700] "GET /socket.io/?EIO=3&transport=polling&t=LSiKU9a HTTP/1.1" 502 574 "http://spacechat.com/" "Mozilla/5.0 (Linux; Android 6.0; LG-H810 Build/MRA58K) AppleWebKit/537.36 (KHTML, like Gecko) Chrome/53.0.2785.97 Mobile Safari/537.36"
192.168.1.106 - - [14/Sep/2016:22:29:02 -0700] "GET /socket.io/?EIO=3&transport=polling&t=LSiKUDq HTTP/1.1" 502 574 "http://spacechat.com/" "Mozilla/5.0 (X11; Linux x86_64) AppleWebKit/537.36 (KHTML, like Gecko) Chrome/53.0.2785.97 Safari/537.36"
192.168.1.106 - - [14/Sep/2016:22:29:02 -0700] "GET /socket.io/?EIO=3&transport=polling&t=LSiKUDY HTTP/1.1" 502 574 "http://spacechat.com/" "Mozilla/5.0 (X11; Linux x86_64) AppleWebKit/537.36 (KHTML, like Gecko) Chrome/53.0.2785.97 Safari/537.36"
192.168.1.149 - - [14/Sep/2016:22:29:02 -0700] "GET /socket.io/?EIO=3&transport=polling&t=LSiKUID HTTP/1.1" 502 172 "http://anything.com/" "Mozilla/5.0 (iPhone; CPU iPhone OS 9_3_5 like Mac OS X) AppleWebKit/601.1 (KHTML, like Gecko) CriOS/52.0.2743.84 Mobile/13G36 Safari/601.1.46"
192.168.1.145 - - [14/Sep/2016:22:29:02 -0700] "GET /socket.io/?EIO=3&transport=polling&t=LSiKU46 HTTP/1.1" 502 574 "http://spacechat.com/" "Mozilla/5.0 (Linux; Android 7.0; Nexus 5X Build/NRD90M) AppleWebKit/537.36 (KHTML, like Gecko) Chrome/52.0.2743.98 Mobile Safari/537.36"
192.168.1.123 - - [14/Sep/2016:22:29:02 -0700] "GET /socket.io/?EIO=3&transport=polling&t=LSiKUML HTTP/1.1" 502 574 "http://spacechat.com/" "Mozilla/5.0 (Linux; Android 6.0.1; A0001 Build/MHC19Q) AppleWebKit/537.36 (KHTML, like Gecko) Chrome/53.0.2785.97 Mobile Safari/537.36"
192.168.1.123 - - [14/Sep/2016:22:29:02 -0700] "GET /socket.io/?EIO=3&transport=polling&t=LSiKUMV HTTP/1.1" 502 574 "http://spacechat.com/" "Mozilla/5.0 (Linux; Android 6.0.1; A0001 Build/MHC19Q) AppleWebKit/537.36 (KHTML, like Gecko) Chrome/53.0.2785.97 Mobile Safari/537.36"
192.168.1.133 - - [14/Sep/2016:22:29:03 -0700] "GET /socket.io/?EIO=3&transport=polling&t=LSiKULE HTTP/1.1" 502 574 "http://spacechat.com/" "Mozilla/5.0 (Linux; Android 6.0; LG-H810 Build/MRA58K) AppleWebKit/537.36 (KHTML, like Gecko) Chrome/53.0.2785.97 Mobile Safari/537.36"
192.168.1.133 - - [14/Sep/2016:22:29:03 -0700] "GET /socket.io/?EIO=3&transport=polling&t=LSiKUVd HTTP/1.1" 502 574 "http://spacechat.com/" "Mozilla/5.0 (Linux; Android 6.0; LG-H810 Build/MRA58K) AppleWebKit/537.36 (KHTML, like Gecko) Chrome/53.0.2785.97 Mobile Safari/537.36"
192.168.1.145 - - [14/Sep/2016:22:29:03 -0700] "GET /socket.io/?EIO=3&transport=polling&t=LSiKUON HTTP/1.1" 502 574 "http://spacechat.com/" "Mozilla/5.0 (Linux; Android 7.0; Nexus 5X Build/NRD90M) AppleWebKit/537.36 (KHTML, like Gecko) Chrome/52.0.2743.98 Mobile Safari/537.36"
192.168.1.132 - - [14/Sep/2016:22:29:03 -0700] "GET /socket.io/?EIO=3&transport=polling&t=LSiKUfF HTTP/1.1" 502 172 "http://spacechat.com/" "Mozilla/5.0 (iPhone; CPU iPhone OS 9_3_3 like Mac OS X) AppleWebKit/601.1.46 (KHTML, like Gecko) Version/9.0 Mobile/13G34 Safari/601.1"
192.168.1.106 - - [14/Sep/2016:22:29:04 -0700] "GET /socket.io/?EIO=3&transport=polling&t=LSiKUdz HTTP/1.1" 502 574 "http://spacechat.com/" "Mozilla/5.0 (X11; Linux x86_64) AppleWebKit/537.36 (KHTML, like Gecko) Chrome/53.0.2785.97 Safari/537.36"
192.168.1.106 - - [14/Sep/2016:22:29:04 -0700] "GET /socket.io/?EIO=3&transport=polling&t=LSiKUgN HTTP/1.1" 502 574 "http://spacechat.com/" "Mozilla/5.0 (X11; Linux x86_64) AppleWebKit/537.36 (KHTML, like Gecko) Chrome/53.0.2785.97 Safari/537.36"
192.168.1.149 - - [14/Sep/2016:22:29:04 -0700] "GET /socket.io/?EIO=3&transport=polling&t=LSiKUkt HTTP/1.1" 502 172 "http://anything.com/" "Mozilla/5.0 (iPhone; CPU iPhone OS 9_3_5 like Mac OS X) AppleWebKit/601.1 (KHTML, like Gecko) CriOS/52.0.2743.84 Mobile/13G36 Safari/601.1.46"
192.168.1.132 - - [14/Sep/2016:22:29:04 -0700] "GET /socket.io/?EIO=3&transport=polling&t=LSiKUp1 HTTP/1.1" 502 172 "http://spacechat.com/" "Mozilla/5.0 (iPhone; CPU iPhone OS 9_3_3 like Mac OS X) AppleWebKit/601.1.46 (KHTML, like Gecko) Version/9.0 Mobile/13G34 Safari/601.1"
192.168.1.145 - - [14/Sep/2016:22:29:04 -0700] "GET / HTTP/1.1" 502 574 "-" "Mozilla/5.0 (Linux; Android 7.0; Nexus 5X Build/NRD90M) AppleWebKit/537.36 (KHTML, like Gecko) Chrome/52.0.2743.98 Mobile Safari/537.36"
192.168.1.149 - - [14/Sep/2016:22:29:04 -0700] "GET /socket.io/?EIO=3&transport=polling&t=LSiKUv1 HTTP/1.1" 502 172 "http://anything.com/" "Mozilla/5.0 (iPhone; CPU iPhone OS 9_3_5 like Mac OS X) AppleWebKit/601.1 (KHTML, like Gecko) CriOS/52.0.2743.84 Mobile/13G36 Safari/601.1.46"
192.168.1.106 - - [14/Sep/2016:22:29:05 -0700] "GET /socket.io/?EIO=3&transport=polling&t=LSiKUzI HTTP/1.1" 502 574 "http://spacechat.com/" "Mozilla/5.0 (X11; Linux x86_64) AppleWebKit/537.36 (KHTML, like Gecko) Chrome/53.0.2785.97 Safari/537.36"
192.168.1.123 - - [14/Sep/2016:22:29:05 -0700] "GET /socket.io/?EIO=3&transport=polling&t=LSiKV4R HTTP/1.1" 502 574 "http://spacechat.com/" "Mozilla/5.0 (Linux; Android 6.0.1; A0001 Build/MHC19Q) AppleWebKit/537.36 (KHTML, like Gecko) Chrome/53.0.2785.97 Mobile Safari/537.36"
192.168.1.133 - - [14/Sep/2016:22:29:06 -0700] "GET /socket.io/?EIO=3&transport=polling&t=LSiKV3h HTTP/1.1" 502 574 "http://spacechat.com/" "Mozilla/5.0 (Linux; Android 6.0; LG-H810 Build/MRA58K) AppleWebKit/537.36 (KHTML, like Gecko) Chrome/53.0.2785.97 Mobile Safari/537.36"
192.168.1.149 - - [14/Sep/2016:22:29:06 -0700] "GET /socket.io/?EIO=3&transport=polling&t=LSiKVL1 HTTP/1.1" 502 172 "http://anything.com/" "Mozilla/5.0 (iPhone; CPU iPhone OS 9_3_5 like Mac OS X) AppleWebKit/601.1 (KHTML, like Gecko) CriOS/52.0.2743.84 Mobile/13G36 Safari/601.1.46"
192.168.1.123 - - [14/Sep/2016:22:29:06 -0700] "GET /socket.io/?EIO=3&transport=polling&t=LSiKVJ- HTTP/1.1" 502 574 "http://spacechat.com/" "Mozilla/5.0 (Linux; Android 6.0.1; A0001 Build/MHC19Q) AppleWebKit/537.36 (KHTML, like Gecko) Chrome/53.0.2785.97 Mobile Safari/537.36"
192.168.1.106 - - [14/Sep/2016:22:29:07 -0700] "GET /socket.io/?EIO=3&transport=polling&t=LSiKVVe HTTP/1.1" 502 574 "http://spacechat.com/" "Mozilla/5.0 (X11; Linux x86_64) AppleWebKit/537.36 (KHTML, like Gecko) Chrome/53.0.2785.97 Safari/537.36"
192.168.1.133 - - [14/Sep/2016:22:29:07 -0700] "GET /socket.io/?EIO=3&transport=polling&t=LSiKVVY HTTP/1.1" 502 574 "http://spacechat.com/" "Mozilla/5.0 (Linux; Android 6.0; LG-H810 Build/MRA58K) AppleWebKit/537.36 (KHTML, like Gecko) Chrome/53.0.2785.97 Mobile Safari/537.36"
192.168.1.149 - - [14/Sep/2016:22:29:08 -0700] "GET /socket.io/?EIO=3&transport=polling&t=LSiKVh3 HTTP/1.1" 502 172 "http://anything.com/" "Mozilla/5.0 (iPhone; CPU iPhone OS 9_3_5 like Mac OS X) AppleWebKit/601.1 (KHTML, like Gecko) CriOS/52.0.2743.84 Mobile/13G36 Safari/601.1.46"
192.168.1.133 - - [14/Sep/2016:22:29:08 -0700] "GET /socket.io/?EIO=3&transport=polling&t=LSiKVaE HTTP/1.1" 502 574 "http://spacechat.com/" "Mozilla/5.0 (Linux; Android 6.0; LG-H810 Build/MRA58K) AppleWebKit/537.36 (KHTML, like Gecko) Chrome/53.0.2785.97 Mobile Safari/537.36"
192.168.1.132 - - [14/Sep/2016:22:29:08 -0700] "GET /socket.io/?EIO=3&transport=polling&t=LSiKVos HTTP/1.1" 502 172 "http://spacechat.com/" "Mozilla/5.0 (iPhone; CPU iPhone OS 9_3_3 like Mac OS X) AppleWebKit/601.1.46 (KHTML, like Gecko) Version/9.0 Mobile/13G34 Safari/601.1"
192.168.1.133 - - [14/Sep/2016:22:29:08 -0700] "GET /socket.io/?EIO=3&transport=polling&t=LSiKVkR HTTP/1.1" 502 574 "http://spacechat.com/" "Mozilla/5.0 (Linux; Android 6.0; LG-H810 Build/MRA58K) AppleWebKit/537.36 (KHTML, like Gecko) Chrome/53.0.2785.97 Mobile Safari/537.36"
192.168.1.106 - - [14/Sep/2016:22:29:09 -0700] "GET /socket.io/?EIO=3&transport=polling&t=LSiKVuG HTTP/1.1" 502 574 "http://spacechat.com/" "Mozilla/5.0 (X11; Linux x86_64) AppleWebKit/537.36 (KHTML, like Gecko) Chrome/53.0.2785.97 Safari/537.36"
192.168.1.106 - - [14/Sep/2016:22:29:09 -0700] "GET /socket.io/?EIO=3&transport=polling&t=LSiKVvJ HTTP/1.1" 502 574 "http://spacechat.com/" "Mozilla/5.0 (X11; Linux x86_64) AppleWebKit/537.36 (KHTML, like Gecko) Chrome/53.0.2785.97 Safari/537.36"
192.168.1.106 - - [14/Sep/2016:22:29:09 -0700] "GET /socket.io/?EIO=3&transport=polling&t=LSiKVvc HTTP/1.1" 502 574 "http://spacechat.com/" "Mozilla/5.0 (X11; Linux x86_64) AppleWebKit/537.36 (KHTML, like Gecko) Chrome/53.0.2785.97 Safari/537.36"
192.168.1.133 - - [14/Sep/2016:22:29:10 -0700] "GET /socket.io/?EIO=3&transport=polling&t=LSiKW82 HTTP/1.1" 502 574 "http://spacechat.com/" "Mozilla/5.0 (Linux; Android 6.0; LG-H810 Build/MRA58K) AppleWebKit/537.36 (KHTML, like Gecko) Chrome/53.0.2785.97 Mobile Safari/537.36"
192.168.1.123 - - [14/Sep/2016:22:29:10 -0700] "GET /socket.io/?EIO=3&transport=polling&t=LSiKWIR HTTP/1.1" 502 574 "http://spacechat.com/" "Mozilla/5.0 (Linux; Android 6.0.1; A0001 Build/MHC19Q) AppleWebKit/537.36 (KHTML, like Gecko) Chrome/53.0.2785.97 Mobile Safari/537.36"
192.168.1.149 - - [14/Sep/2016:22:29:11 -0700] "GET /socket.io/?EIO=3&transport=polling&t=LSiKWZV HTTP/1.1" 200 101 "http://anything.com/" "Mozilla/5.0 (iPhone; CPU iPhone OS 9_3_5 like Mac OS X) AppleWebKit/601.1 (KHTML, like Gecko) CriOS/52.0.2743.84 Mobile/13G36 Safari/601.1.46"
192.168.1.149 - - [14/Sep/2016:22:29:11 -0700] "POST /socket.io/?EIO=3&transport=polling&t=LSiKWaL&sid=FGsdR4fZF-LymXMfAAAA HTTP/1.1" 200 2 "http://anything.com/" "Mozilla/5.0 (iPhone; CPU iPhone OS 9_3_5 like Mac OS X) AppleWebKit/601.1 (KHTML, like Gecko) CriOS/52.0.2743.84 Mobile/13G36 Safari/601.1.46"
192.168.1.149 - - [14/Sep/2016:22:29:11 -0700] "GET /socket.io/?EIO=3&transport=polling&t=LSiKWaQ&sid=FGsdR4fZF-LymXMfAAAA HTTP/1.1" 200 103 "http://anything.com/" "Mozilla/5.0 (iPhone; CPU iPhone OS 9_3_5 like Mac OS X) AppleWebKit/601.1 (KHTML, like Gecko) CriOS/52.0.2743.84 Mobile/13G36 Safari/601.1.46"
192.168.1.123 - - [14/Sep/2016:22:29:11 -0700] "GET /socket.io/?EIO=3&transport=polling&t=LSiKWY3 HTTP/1.1" 200 101 "http://spacechat.com/" "Mozilla/5.0 (Linux; Android 6.0.1; A0001 Build/MHC19Q) AppleWebKit/537.36 (KHTML, like Gecko) Chrome/53.0.2785.97 Mobile Safari/537.36"
192.168.1.123 - - [14/Sep/2016:22:29:11 -0700] "POST /socket.io/?EIO=3&transport=polling&t=LSiKWYO&sid=M6XF4KKC8w3fDv14AAAB HTTP/1.1" 200 2 "http://spacechat.com/" "Mozilla/5.0 (Linux; Android 6.0.1; A0001 Build/MHC19Q) AppleWebKit/537.36 (KHTML, like Gecko) Chrome/53.0.2785.97 Mobile Safari/537.36"
192.168.1.123 - - [14/Sep/2016:22:29:11 -0700] "GET /socket.io/?EIO=3&transport=polling&t=LSiKWYW&sid=M6XF4KKC8w3fDv14AAAB HTTP/1.1" 200 103 "http://spacechat.com/" "Mozilla/5.0 (Linux; Android 6.0.1; A0001 Build/MHC19Q) AppleWebKit/537.36 (KHTML, like Gecko) Chrome/53.0.2785.97 Mobile Safari/537.36"
192.168.1.123 - - [14/Sep/2016:22:29:12 -0700] "GET /socket.io/?EIO=3&transport=polling&t=LSiKWZ1&sid=M6XF4KKC8w3fDv14AAAB HTTP/1.1" 200 4 "http://spacechat.com/" "Mozilla/5.0 (Linux; Android 6.0.1; A0001 Build/MHC19Q) AppleWebKit/537.36 (KHTML, like Gecko) Chrome/53.0.2785.97 Mobile Safari/537.36"
192.168.1.149 - - [14/Sep/2016:22:29:12 -0700] "GET /socket.io/?EIO=3&transport=polling&t=LSiKWpV HTTP/1.1" 200 101 "http://anything.com/" "Mozilla/5.0 (iPhone; CPU iPhone OS 9_3_5 like Mac OS X) AppleWebKit/601.1 (KHTML, like Gecko) CriOS/52.0.2743.84 Mobile/13G36 Safari/601.1.46"
192.168.1.149 - - [14/Sep/2016:22:29:12 -0700] "POST /socket.io/?EIO=3&transport=polling&t=LSiKWqY&sid=k9W5_2pzmjncbBaYAAAC HTTP/1.1" 200 2 "http://anything.com/" "Mozilla/5.0 (iPhone; CPU iPhone OS 9_3_5 like Mac OS X) AppleWebKit/601.1 (KHTML, like Gecko) CriOS/52.0.2743.84 Mobile/13G36 Safari/601.1.46"
192.168.1.149 - - [14/Sep/2016:22:29:12 -0700] "GET /socket.io/?EIO=3&transport=polling&t=LSiKWqf&sid=k9W5_2pzmjncbBaYAAAC HTTP/1.1" 200 103 "http://anything.com/" "Mozilla/5.0 (iPhone; CPU iPhone OS 9_3_5 like Mac OS X) AppleWebKit/601.1 (KHTML, like Gecko) CriOS/52.0.2743.84 Mobile/13G36 Safari/601.1.46"
192.168.1.149 - - [14/Sep/2016:22:29:13 -0700] "GET /socket.io/?EIO=3&transport=polling&t=LSiKWrQ&sid=k9W5_2pzmjncbBaYAAAC HTTP/1.1" 200 4 "http://anything.com/" "Mozilla/5.0 (iPhone; CPU iPhone OS 9_3_5 like Mac OS X) AppleWebKit/601.1 (KHTML, like Gecko) CriOS/52.0.2743.84 Mobile/13G36 Safari/601.1.46"
192.168.1.133 - - [14/Sep/2016:22:29:13 -0700] "GET /socket.io/?EIO=3&transport=polling&t=LSiKWp3 HTTP/1.1" 200 101 "http://spacechat.com/" "Mozilla/5.0 (Linux; Android 6.0; LG-H810 Build/MRA58K) AppleWebKit/537.36 (KHTML, like Gecko) Chrome/53.0.2785.97 Mobile Safari/537.36"
192.168.1.133 - - [14/Sep/2016:22:29:13 -0700] "POST /socket.io/?EIO=3&transport=polling&t=LSiKWpl&sid=x527B5Wz05_hMXr1AAAD HTTP/1.1" 200 2 "http://spacechat.com/" "Mozilla/5.0 (Linux; Android 6.0; LG-H810 Build/MRA58K) AppleWebKit/537.36 (KHTML, like Gecko) Chrome/53.0.2785.97 Mobile Safari/537.36"
192.168.1.133 - - [14/Sep/2016:22:29:13 -0700] "GET /socket.io/?EIO=3&transport=polling&t=LSiKWpv&sid=x527B5Wz05_hMXr1AAAD HTTP/1.1" 200 103 "http://spacechat.com/" "Mozilla/5.0 (Linux; Android 6.0; LG-H810 Build/MRA58K) AppleWebKit/537.36 (KHTML, like Gecko) Chrome/53.0.2785.97 Mobile Safari/537.36"
192.168.1.133 - - [14/Sep/2016:22:29:13 -0700] "POST /socket.io/?EIO=3&transport=polling&t=LSiKWr8&sid=x527B5Wz05_hMXr1AAAD HTTP/1.1" 200 2 "http://spacechat.com/" "Mozilla/5.0 (Linux; Android 6.0; LG-H810 Build/MRA58K) AppleWebKit/537.36 (KHTML, like Gecko) Chrome/53.0.2785.97 Mobile Safari/537.36"
192.168.1.133 - - [14/Sep/2016:22:29:13 -0700] "POST /socket.io/?EIO=3&transport=polling&t=LSiKWsW&sid=x527B5Wz05_hMXr1AAAD HTTP/1.1" 200 2 "http://spacechat.com/" "Mozilla/5.0 (Linux; Android 6.0; LG-H810 Build/MRA58K) AppleWebKit/537.36 (KHTML, like Gecko) Chrome/53.0.2785.97 Mobile Safari/537.36"
192.168.1.133 - - [14/Sep/2016:22:29:13 -0700] "GET /socket.io/?EIO=3&transport=polling&t=LSiKWrX&sid=x527B5Wz05_hMXr1AAAD HTTP/1.1" 200 4 "http://spacechat.com/" "Mozilla/5.0 (Linux; Android 6.0; LG-H810 Build/MRA58K) AppleWebKit/537.36 (KHTML, like Gecko) Chrome/53.0.2785.97 Mobile Safari/537.36"
192.168.1.133 - - [14/Sep/2016:22:29:13 -0700] "GET /socket.io/?EIO=3&transport=polling&t=LSiKWtk HTTP/1.1" 200 101 "http://spacechat.com/" "Mozilla/5.0 (Linux; Android 6.0; LG-H810 Build/MRA58K) AppleWebKit/537.36 (KHTML, like Gecko) Chrome/53.0.2785.97 Mobile Safari/537.36"
192.168.1.133 - - [14/Sep/2016:22:29:13 -0700] "POST /socket.io/?EIO=3&transport=polling&t=LSiKWuD&sid=FhpYER0JkfjMg8ciAAAE HTTP/1.1" 200 2 "http://spacechat.com/" "Mozilla/5.0 (Linux; Android 6.0; LG-H810 Build/MRA58K) AppleWebKit/537.36 (KHTML, like Gecko) Chrome/53.0.2785.97 Mobile Safari/537.36"
192.168.1.133 - - [14/Sep/2016:22:29:13 -0700] "GET /socket.io/?EIO=3&transport=polling&t=LSiKWuG&sid=FhpYER0JkfjMg8ciAAAE HTTP/1.1" 200 103 "http://spacechat.com/" "Mozilla/5.0 (Linux; Android 6.0; LG-H810 Build/MRA58K) AppleWebKit/537.36 (KHTML, like Gecko) Chrome/53.0.2785.97 Mobile Safari/537.36"
192.168.1.133 - - [14/Sep/2016:22:29:13 -0700] "POST /socket.io/?EIO=3&transport=polling&t=LSiKWuz&sid=FhpYER0JkfjMg8ciAAAE HTTP/1.1" 200 2 "http://spacechat.com/" "Mozilla/5.0 (Linux; Android 6.0; LG-H810 Build/MRA58K) AppleWebKit/537.36 (KHTML, like Gecko) Chrome/53.0.2785.97 Mobile Safari/537.36"
192.168.1.132 - - [14/Sep/2016:22:29:13 -0700] "GET /socket.io/?EIO=3&transport=polling&t=LSiKX1I HTTP/1.1" 200 101 "http://spacechat.com/" "Mozilla/5.0 (iPhone; CPU iPhone OS 9_3_3 like Mac OS X) AppleWebKit/601.1.46 (KHTML, like Gecko) Version/9.0 Mobile/13G34 Safari/601.1"
192.168.1.132 - - [14/Sep/2016:22:29:13 -0700] "POST /socket.io/?EIO=3&transport=polling&t=LSiKX1a&sid=P0_BhMkWqkKA80AAAAAF HTTP/1.1" 200 2 "http://spacechat.com/" "Mozilla/5.0 (iPhone; CPU iPhone OS 9_3_3 like Mac OS X) AppleWebKit/601.1.46 (KHTML, like Gecko) Version/9.0 Mobile/13G34 Safari/601.1"
192.168.1.132 - - [14/Sep/2016:22:29:13 -0700] "GET /socket.io/?EIO=3&transport=polling&t=LSiKX1c&sid=P0_BhMkWqkKA80AAAAAF HTTP/1.1" 200 103 "http://spacechat.com/" "Mozilla/5.0 (iPhone; CPU iPhone OS 9_3_3 like Mac OS X) AppleWebKit/601.1.46 (KHTML, like Gecko) Version/9.0 Mobile/13G34 Safari/601.1"
192.168.1.133 - - [14/Sep/2016:22:29:13 -0700] "GET /socket.io/?EIO=3&transport=polling&t=LSiKWvI&sid=FhpYER0JkfjMg8ciAAAE HTTP/1.1" 200 4 "http://spacechat.com/" "Mozilla/5.0 (Linux; Android 6.0; LG-H810 Build/MRA58K) AppleWebKit/537.36 (KHTML, like Gecko) Chrome/53.0.2785.97 Mobile Safari/537.36"
192.168.1.132 - - [14/Sep/2016:22:29:13 -0700] "GET /socket.io/?EIO=3&transport=polling&t=LSiKX1v&sid=P0_BhMkWqkKA80AAAAAF HTTP/1.1" 200 4 "http://spacechat.com/" "Mozilla/5.0 (iPhone; CPU iPhone OS 9_3_3 like Mac OS X) AppleWebKit/601.1.46 (KHTML, like Gecko) Version/9.0 Mobile/13G34 Safari/601.1"
192.168.1.106 - - [14/Sep/2016:22:29:13 -0700] "GET /socket.io/?EIO=3&transport=polling&t=LSiKX0C HTTP/1.1" 200 101 "http://spacechat.com/" "Mozilla/5.0 (X11; Linux x86_64) AppleWebKit/537.36 (KHTML, like Gecko) Chrome/53.0.2785.97 Safari/537.36"
192.168.1.133 - - [14/Sep/2016:22:29:13 -0700] "GET /socket.io/?EIO=3&transport=polling&t=LSiKWzo HTTP/1.1" 200 101 "http://spacechat.com/" "Mozilla/5.0 (Linux; Android 6.0; LG-H810 Build/MRA58K) AppleWebKit/537.36 (KHTML, like Gecko) Chrome/53.0.2785.97 Mobile Safari/537.36"
192.168.1.133 - - [14/Sep/2016:22:29:13 -0700] "POST /socket.io/?EIO=3&transport=polling&t=LSiKW-K&sid=kJylWDMWtIDkdxqWAAAH HTTP/1.1" 200 2 "http://spacechat.com/" "Mozilla/5.0 (Linux; Android 6.0; LG-H810 Build/MRA58K) AppleWebKit/537.36 (KHTML, like Gecko) Chrome/53.0.2785.97 Mobile Safari/537.36"
192.168.1.133 - - [14/Sep/2016:22:29:13 -0700] "GET /socket.io/?EIO=3&transport=polling&t=LSiKW-N&sid=kJylWDMWtIDkdxqWAAAH HTTP/1.1" 200 103 "http://spacechat.com/" "Mozilla/5.0 (Linux; Android 6.0; LG-H810 Build/MRA58K) AppleWebKit/537.36 (KHTML, like Gecko) Chrome/53.0.2785.97 Mobile Safari/537.36"
192.168.1.106 - - [14/Sep/2016:22:29:14 -0700] "POST /socket.io/?EIO=3&transport=polling&t=LSiKX2c&sid=yt_tUL7BI56ddiE9AAAG HTTP/1.1" 200 2 "http://spacechat.com/" "Mozilla/5.0 (X11; Linux x86_64) AppleWebKit/537.36 (KHTML, like Gecko) Chrome/53.0.2785.97 Safari/537.36"
192.168.1.106 - - [14/Sep/2016:22:29:14 -0700] "GET /socket.io/?EIO=3&transport=polling&t=LSiKX2-&sid=yt_tUL7BI56ddiE9AAAG HTTP/1.1" 200 103 "http://spacechat.com/" "Mozilla/5.0 (X11; Linux x86_64) AppleWebKit/537.36 (KHTML, like Gecko) Chrome/53.0.2785.97 Safari/537.36"
192.168.1.106 - - [14/Sep/2016:22:29:14 -0700] "POST /socket.io/?EIO=3&transport=polling&t=LSiKX3o&sid=yt_tUL7BI56ddiE9AAAG HTTP/1.1" 200 2 "http://spacechat.com/" "Mozilla/5.0 (X11; Linux x86_64) AppleWebKit/537.36 (KHTML, like Gecko) Chrome/53.0.2785.97 Safari/537.36"
192.168.1.133 - - [14/Sep/2016:22:29:14 -0700] "GET /socket.io/?EIO=3&transport=polling&t=LSiKW_2&sid=kJylWDMWtIDkdxqWAAAH HTTP/1.1" 200 4 "http://spacechat.com/" "Mozilla/5.0 (Linux; Android 6.0; LG-H810 Build/MRA58K) AppleWebKit/537.36 (KHTML, like Gecko) Chrome/53.0.2785.97 Mobile Safari/537.36"
192.168.1.106 - - [14/Sep/2016:22:29:14 -0700] "GET /socket.io/?EIO=3&transport=polling&t=LSiKX4i&sid=yt_tUL7BI56ddiE9AAAG HTTP/1.1" 200 4 "http://spacechat.com/" "Mozilla/5.0 (X11; Linux x86_64) AppleWebKit/537.36 (KHTML, like Gecko) Chrome/53.0.2785.97 Safari/537.36"
192.168.1.106 - - [14/Sep/2016:22:29:14 -0700] "GET /socket.io/?EIO=3&transport=polling&t=LSiKX82 HTTP/1.1" 200 101 "http://spacechat.com/" "Mozilla/5.0 (X11; Linux x86_64) AppleWebKit/537.36 (KHTML, like Gecko) Chrome/53.0.2785.97 Safari/537.36"
192.168.1.106 - - [14/Sep/2016:22:29:14 -0700] "GET /socket.io/?EIO=3&transport=polling&t=LSiKX8W HTTP/1.1" 200 101 "http://spacechat.com/" "Mozilla/5.0 (X11; Linux x86_64) AppleWebKit/537.36 (KHTML, like Gecko) Chrome/53.0.2785.97 Safari/537.36"
192.168.1.106 - - [14/Sep/2016:22:29:14 -0700] "POST /socket.io/?EIO=3&transport=polling&t=LSiKX7d&sid=yt_tUL7BI56ddiE9AAAG HTTP/1.1" 200 2 "http://spacechat.com/" "Mozilla/5.0 (X11; Linux x86_64) AppleWebKit/537.36 (KHTML, like Gecko) Chrome/53.0.2785.97 Safari/537.36"
192.168.1.106 - - [14/Sep/2016:22:29:14 -0700] "POST /socket.io/?EIO=3&transport=polling&t=LSiKX9O&sid=OtpWZ01CsEJ6zeUpAAAI HTTP/1.1" 200 2 "http://spacechat.com/" "Mozilla/5.0 (X11; Linux x86_64) AppleWebKit/537.36 (KHTML, like Gecko) Chrome/53.0.2785.97 Safari/537.36"
192.168.1.106 - - [14/Sep/2016:22:29:14 -0700] "GET /socket.io/?EIO=3&transport=polling&t=LSiKX9R&sid=OtpWZ01CsEJ6zeUpAAAI HTTP/1.1" 200 103 "http://spacechat.com/" "Mozilla/5.0 (X11; Linux x86_64) AppleWebKit/537.36 (KHTML, like Gecko) Chrome/53.0.2785.97 Safari/537.36"
192.168.1.106 - - [14/Sep/2016:22:29:14 -0700] "GET /socket.io/?EIO=3&transport=polling&t=LSiKX9s&sid=i_qAMmZzda3uNVt6AAAJ HTTP/1.1" 200 5 "http://spacechat.com/" "Mozilla/5.0 (X11; Linux x86_64) AppleWebKit/537.36 (KHTML, like Gecko) Chrome/53.0.2785.97 Safari/537.36"
192.168.1.106 - - [14/Sep/2016:22:29:14 -0700] "POST /socket.io/?EIO=3&transport=polling&t=LSiKX9q&sid=i_qAMmZzda3uNVt6AAAJ HTTP/1.1" 200 2 "http://spacechat.com/" "Mozilla/5.0 (X11; Linux x86_64) AppleWebKit/537.36 (KHTML, like Gecko) Chrome/53.0.2785.97 Safari/537.36"
192.168.1.106 - - [14/Sep/2016:22:29:14 -0700] "GET /socket.io/?EIO=3&transport=polling&t=LSiKXB0&sid=i_qAMmZzda3uNVt6AAAJ HTTP/1.1" 200 98 "http://spacechat.com/" "Mozilla/5.0 (X11; Linux x86_64) AppleWebKit/537.36 (KHTML, like Gecko) Chrome/53.0.2785.97 Safari/537.36"
192.168.1.106 - - [14/Sep/2016:22:29:14 -0700] "POST /socket.io/?EIO=3&transport=polling&t=LSiKXBy&sid=i_qAMmZzda3uNVt6AAAJ HTTP/1.1" 200 2 "http://spacechat.com/" "Mozilla/5.0 (X11; Linux x86_64) AppleWebKit/537.36 (KHTML, like Gecko) Chrome/53.0.2785.97 Safari/537.36"
192.168.1.106 - - [14/Sep/2016:22:29:14 -0700] "POST /socket.io/?EIO=3&transport=polling&t=LSiKXCm&sid=i_qAMmZzda3uNVt6AAAJ HTTP/1.1" 200 2 "http://spacechat.com/" "Mozilla/5.0 (X11; Linux x86_64) AppleWebKit/537.36 (KHTML, like Gecko) Chrome/53.0.2785.97 Safari/537.36"
192.168.1.106 - - [14/Sep/2016:22:29:14 -0700] "GET /socket.io/?EIO=3&transport=polling&t=LSiKXAi&sid=OtpWZ01CsEJ6zeUpAAAI HTTP/1.1" 200 4 "http://spacechat.com/" "Mozilla/5.0 (X11; Linux x86_64) AppleWebKit/537.36 (KHTML, like Gecko) Chrome/53.0.2785.97 Safari/537.36"
192.168.1.106 - - [14/Sep/2016:22:29:14 -0700] "GET /socket.io/?EIO=3&transport=polling&t=LSiKXC5&sid=i_qAMmZzda3uNVt6AAAJ HTTP/1.1" 200 4 "http://spacechat.com/" "Mozilla/5.0 (X11; Linux x86_64) AppleWebKit/537.36 (KHTML, like Gecko) Chrome/53.0.2785.97 Safari/537.36"
192.168.1.123 - - [14/Sep/2016:22:29:16 -0700] "GET /socket.io/?EIO=3&transport=polling&t=LSiKXmw HTTP/1.1" 200 101 "http://spacechat.com/" "Mozilla/5.0 (Linux; Android 6.0.1; A0001 Build/MHC19Q) AppleWebKit/537.36 (KHTML, like Gecko) Chrome/53.0.2785.97 Mobile Safari/537.36"
192.168.1.123 - - [14/Sep/2016:22:29:17 -0700] "POST /socket.io/?EIO=3&transport=polling&t=LSiKXns&sid=fTSVyoxJYTU346E9AAAK HTTP/1.1" 200 2 "http://spacechat.com/" "Mozilla/5.0 (Linux; Android 6.0.1; A0001 Build/MHC19Q) AppleWebKit/537.36 (KHTML, like Gecko) Chrome/53.0.2785.97 Mobile Safari/537.36"
192.168.1.123 - - [14/Sep/2016:22:29:17 -0700] "GET /socket.io/?EIO=3&transport=polling&t=LSiKXnx&sid=fTSVyoxJYTU346E9AAAK HTTP/1.1" 200 103 "http://spacechat.com/" "Mozilla/5.0 (Linux; Android 6.0.1; A0001 Build/MHC19Q) AppleWebKit/537.36 (KHTML, like Gecko) Chrome/53.0.2785.97 Mobile Safari/537.36"
192.168.1.123 - - [14/Sep/2016:22:29:17 -0700] "POST /socket.io/?EIO=3&transport=polling&t=LSiKXoW&sid=fTSVyoxJYTU346E9AAAK HTTP/1.1" 200 2 "http://spacechat.com/" "Mozilla/5.0 (Linux; Android 6.0.1; A0001 Build/MHC19Q) AppleWebKit/537.36 (KHTML, like Gecko) Chrome/53.0.2785.97 Mobile Safari/537.36"
192.168.1.123 - - [14/Sep/2016:22:29:17 -0700] "POST /socket.io/?EIO=3&transport=polling&t=LSiKXov&sid=fTSVyoxJYTU346E9AAAK HTTP/1.1" 200 2 "http://spacechat.com/" "Mozilla/5.0 (Linux; Android 6.0.1; A0001 Build/MHC19Q) AppleWebKit/537.36 (KHTML, like Gecko) Chrome/53.0.2785.97 Mobile Safari/537.36"
192.168.1.123 - - [14/Sep/2016:22:29:17 -0700] "GET /socket.io/?EIO=3&transport=polling&t=LSiKXoc&sid=fTSVyoxJYTU346E9AAAK HTTP/1.1" 200 4 "http://spacechat.com/" "Mozilla/5.0 (Linux; Android 6.0.1; A0001 Build/MHC19Q) AppleWebKit/537.36 (KHTML, like Gecko) Chrome/53.0.2785.97 Mobile Safari/537.36"
192.168.1.130 - - [14/Sep/2016:22:29:19 -0700] "GET /socket.io/?EIO=3&transport=polling&t=LSiKYDA HTTP/1.1" 200 101 "http://spacechat.com/" "Mozilla/5.0 (Linux; Android 4.4.2; SAMSUNG-SGH-I747 Build/KOT49H) AppleWebKit/535.19 (KHTML, like Gecko) Chrome/18.0.1025.166 Mobile Safari/535.19"
192.168.1.130 - - [14/Sep/2016:22:29:19 -0700] "POST /socket.io/?EIO=3&transport=polling&t=LSiKYDu&sid=WX_3PtZUMJdSEmQJAAAL HTTP/1.1" 200 2 "http://spacechat.com/" "Mozilla/5.0 (Linux; Android 4.4.2; SAMSUNG-SGH-I747 Build/KOT49H) AppleWebKit/535.19 (KHTML, like Gecko) Chrome/18.0.1025.166 Mobile Safari/535.19"
192.168.1.130 - - [14/Sep/2016:22:29:19 -0700] "GET /socket.io/?EIO=3&transport=polling&t=LSiKYEB&sid=WX_3PtZUMJdSEmQJAAAL HTTP/1.1" 200 103 "http://spacechat.com/" "Mozilla/5.0 (Linux; Android 4.4.2; SAMSUNG-SGH-I747 Build/KOT49H) AppleWebKit/535.19 (KHTML, like Gecko) Chrome/18.0.1025.166 Mobile Safari/535.19"
192.168.1.130 - - [14/Sep/2016:22:29:19 -0700] "GET /socket.io/?EIO=3&transport=polling&t=LSiKYFQ&sid=WX_3PtZUMJdSEmQJAAAL HTTP/1.1" 200 4 "http://spacechat.com/" "Mozilla/5.0 (Linux; Android 4.4.2; SAMSUNG-SGH-I747 Build/KOT49H) AppleWebKit/535.19 (KHTML, like Gecko) Chrome/18.0.1025.166 Mobile Safari/535.19"
192.168.1.130 - - [14/Sep/2016:22:29:19 -0700] "GET /socket.io/?EIO=3&transport=polling&t=LSiKYJZ HTTP/1.1" 200 101 "http://spacechat.com/" "Mozilla/5.0 (Linux; Android 4.4.2; SAMSUNG-SGH-I747 Build/KOT49H) AppleWebKit/535.19 (KHTML, like Gecko) Chrome/18.0.1025.166 Mobile Safari/535.19"
192.168.1.130 - - [14/Sep/2016:22:29:19 -0700] "POST /socket.io/?EIO=3&transport=polling&t=LSiKYKL&sid=qRX2tYpaHGZ_2OP-AAAM HTTP/1.1" 200 2 "http://spacechat.com/" "Mozilla/5.0 (Linux; Android 4.4.2; SAMSUNG-SGH-I747 Build/KOT49H) AppleWebKit/535.19 (KHTML, like Gecko) Chrome/18.0.1025.166 Mobile Safari/535.19"
192.168.1.130 - - [14/Sep/2016:22:29:19 -0700] "GET /socket.io/?EIO=3&transport=polling&t=LSiKYKR&sid=qRX2tYpaHGZ_2OP-AAAM HTTP/1.1" 200 103 "http://spacechat.com/" "Mozilla/5.0 (Linux; Android 4.4.2; SAMSUNG-SGH-I747 Build/KOT49H) AppleWebKit/535.19 (KHTML, like Gecko) Chrome/18.0.1025.166 Mobile Safari/535.19"
192.168.1.130 - - [14/Sep/2016:22:29:19 -0700] "GET /socket.io/?EIO=3&transport=polling&t=LSiKYL8&sid=qRX2tYpaHGZ_2OP-AAAM HTTP/1.1" 200 4 "http://spacechat.com/" "Mozilla/5.0 (Linux; Android 4.4.2; SAMSUNG-SGH-I747 Build/KOT49H) AppleWebKit/535.19 (KHTML, like Gecko) Chrome/18.0.1025.166 Mobile Safari/535.19"
192.168.1.109 - - [14/Sep/2016:22:29:23 -0700] "GET /socket.io/?EIO=3&transport=polling&t=636094889663017557-0&b64=1 HTTP/1.1" 200 100 "-" "-"
192.168.1.109 - - [14/Sep/2016:22:29:23 -0700] "POST /socket.io/?EIO=3&transport=polling&sid=4_4xMh-lug3Ao8KXAAAN&t=636094889666437562-1&b64=1 HTTP/1.1" 200 27 "-" "-"
192.168.1.109 - - [14/Sep/2016:22:29:23 -0700] "GET /socket.io/?EIO=3&transport=polling&sid=4_4xMh-lug3Ao8KXAAAN&t=636094889667827569-3&b64=1 HTTP/1.1" 200 485 "-" "-"
192.168.1.109 - - [14/Sep/2016:22:29:23 -0700] "GET /socket.io/?EIO=3&transport=polling&sid=4_4xMh-lug3Ao8KXAAAN&t=636094889669127577-4&b64=1 HTTP/1.1" 200 602 "-" "-"
192.168.1.109 - - [14/Sep/2016:22:29:23 -0700] "GET /socket.io/?EIO=3&transport=polling&sid=4_4xMh-lug3Ao8KXAAAN&t=636094889669327577-5&b64=1 HTTP/1.1" 200 43 "-" "-"
192.168.1.109 - - [14/Sep/2016:22:29:23 -0700] "GET /socket.io/?EIO=3&transport=polling&sid=4_4xMh-lug3Ao8KXAAAN&t=636094889669327577-6&b64=1 HTTP/1.1" 200 43 "-" "-"
192.168.1.109 - - [14/Sep/2016:22:29:23 -0700] "GET /socket.io/?EIO=3&transport=polling&sid=4_4xMh-lug3Ao8KXAAAN&t=636094889669327577-7&b64=1 HTTP/1.1" 200 43 "-" "-"
192.168.1.109 - - [14/Sep/2016:22:29:23 -0700] "GET /socket.io/?EIO=3&transport=polling&sid=4_4xMh-lug3Ao8KXAAAN&t=636094889669427577-8&b64=1 HTTP/1.1" 200 43 "-" "-"
192.168.1.109 - - [14/Sep/2016:22:29:23 -0700] "GET /socket.io/?EIO=3&transport=polling&sid=4_4xMh-lug3Ao8KXAAAN&t=636094889669627578-9&b64=1 HTTP/1.1" 200 43 "-" "-"
192.168.1.109 - - [14/Sep/2016:22:29:23 -0700] "GET /socket.io/?EIO=3&transport=polling&sid=4_4xMh-lug3Ao8KXAAAN&t=636094889669727578-10&b64=1 HTTP/1.1" 200 43 "-" "-"
192.168.1.109 - - [14/Sep/2016:22:29:23 -0700] "GET /socket.io/?EIO=3&transport=polling&sid=4_4xMh-lug3Ao8KXAAAN&t=636094889669727578-11&b64=1 HTTP/1.1" 200 43 "-" "-"
192.168.1.109 - - [14/Sep/2016:22:29:23 -0700] "GET /socket.io/?EIO=3&transport=polling&sid=4_4xMh-lug3Ao8KXAAAN&t=636094889669827578-12&b64=1 HTTP/1.1" 200 43 "-" "-"
192.168.1.109 - - [14/Sep/2016:22:29:23 -0700] "GET /socket.io/?EIO=3&transport=polling&sid=4_4xMh-lug3Ao8KXAAAN&t=636094889669947579-13&b64=1 HTTP/1.1" 200 43 "-" "-"
192.168.1.132 - - [14/Sep/2016:22:29:25 -0700] "GET / HTTP/1.1" 200 533 "-" "Mozilla/5.0 (iPhone; CPU iPhone OS 9_3_3 like Mac OS X) AppleWebKit/601.1.46 (KHTML, like Gecko) Version/9.0 Mobile/13G34 Safari/601.1"
192.168.1.132 - - [14/Sep/2016:22:29:25 -0700] "GET /socket.io/?EIO=3&transport=websocket&sid=P0_BhMkWqkKA80AAAAAF HTTP/1.1" 101 8 "-" "Mozilla/5.0 (iPhone; CPU iPhone OS 9_3_3 like Mac OS X) AppleWebKit/601.1.46 (KHTML, like Gecko) Version/9.0 Mobile/13G34 Safari/601.1"
192.168.1.132 - - [14/Sep/2016:22:29:26 -0700] "GET /socket.io/socket.io.js HTTP/1.1" 304 0 "http://spacechat.com/" "Mozilla/5.0 (iPhone; CPU iPhone OS 9_3_3 like Mac OS X) AppleWebKit/601.1.46 (KHTML, like Gecko) Version/9.0 Mobile/13G34 Safari/601.1"
192.168.1.132 - - [14/Sep/2016:22:29:26 -0700] "GET /socket.io/?EIO=3&transport=polling&t=LSiKa38 HTTP/1.1" 200 101 "http://spacechat.com/" "Mozilla/5.0 (iPhone; CPU iPhone OS 9_3_3 like Mac OS X) AppleWebKit/601.1.46 (KHTML, like Gecko) Version/9.0 Mobile/13G34 Safari/601.1"
