192.168.1.132 - - [14/Sep/2016:22:17:20 -0700] "GET /socket.io/?EIO=3&transport=polling&t=LSiHo_n&sid=xh29v_IRWIVnIjV-AAAc HTTP/1.1" 200 843 "http://spacechat.com/" "Mozilla/5.0 (iPhone; CPU iPhone OS 9_3_3 like Mac OS X) AppleWebKit/601.1.46 (KHTML, like Gecko) Version/9.0 Mobile/13G34 Safari/601.1"
192.168.1.132 - - [14/Sep/2016:22:17:20 -0700] "GET /socket.io/?EIO=3&transport=polling&t=LSiHo_T&sid=K0aX7PbNe58q-96uAAAd HTTP/1.1" 200 4 "http://spacechat.com/" "Mozilla/5.0 (iPhone; CPU iPhone OS 9_3_3 like Mac OS X) AppleWebKit/601.1.46 (KHTML, like Gecko) Version/9.0 Mobile/13G34 Safari/601.1"
192.168.1.123 - - [14/Sep/2016:22:17:22 -0700] "GET / HTTP/1.1" 200 533 "-" "Mozilla/5.0 (Linux; Android 6.0.1; A0001 Build/MHC19Q) AppleWebKit/537.36 (KHTML, like Gecko) Chrome/53.0.2785.97 Mobile Safari/537.36"
192.168.1.123 - - [14/Sep/2016:22:17:22 -0700] "GET /socket.io/?EIO=3&transport=websocket&sid=irHgMK6btbzn0n6uAAAN HTTP/1.1" 101 66 "-" "Mozilla/5.0 (Linux; Android 6.0.1; A0001 Build/MHC19Q) AppleWebKit/537.36 (KHTML, like Gecko) Chrome/53.0.2785.97 Mobile Safari/537.36"
192.168.1.123 - - [14/Sep/2016:22:17:22 -0700] "GET /socket.io/?EIO=3&transport=websocket&sid=Ym5Palu3DGD29yb8AAAO HTTP/1.1" 101 7646908 "-" "Mozilla/5.0 (Linux; Android 6.0.1; A0001 Build/MHC19Q) AppleWebKit/537.36 (KHTML, like Gecko) Chrome/53.0.2785.97 Mobile Safari/537.36"
192.168.1.103 - - [14/Sep/2016:22:17:22 -0700] "GET / HTTP/1.1" 200 533 "-" "Mozilla/5.0 (iPhone; CPU iPhone OS 10_0_1 like Mac OS X) AppleWebKit/602.1.50 (KHTML, like Gecko) Version/10.0 Mobile/14A403 Safari/602.1"
192.168.1.103 - - [14/Sep/2016:22:17:22 -0700] "GET /socket.io/?EIO=3&transport=websocket&sid=2LkyFzQ218G1JpjsAAAa HTTP/1.1" 101 38 "-" "Mozilla/5.0 (iPhone; CPU iPhone OS 10_0_1 like Mac OS X) AppleWebKit/602.1.50 (KHTML, like Gecko) Version/10.0 Mobile/14A403 Safari/602.1"
192.168.1.103 - - [14/Sep/2016:22:17:22 -0700] "GET /socket.io/?EIO=3&transport=websocket&sid=0a92FoC9nWRqzSkZAAAb HTTP/1.1" 101 4620775 "-" "Mozilla/5.0 (iPhone; CPU iPhone OS 10_0_1 like Mac OS X) AppleWebKit/602.1.50 (KHTML, like Gecko) Version/10.0 Mobile/14A403 Safari/602.1"
192.168.1.103 - - [14/Sep/2016:22:17:22 -0700] "GET /socket.io/socket.io.js HTTP/1.1" 304 0 "http://spacechat.com/" "Mozilla/5.0 (iPhone; CPU iPhone OS 10_0_1 like Mac OS X) AppleWebKit/602.1.50 (KHTML, like Gecko) Version/10.0 Mobile/14A403 Safari/602.1"
192.168.1.123 - - [14/Sep/2016:22:17:23 -0700] "GET /socket.io/socket.io.js HTTP/1.1" 304 0 "http://spacechat.com/" "Mozilla/5.0 (Linux; Android 6.0.1; A0001 Build/MHC19Q) AppleWebKit/537.36 (KHTML, like Gecko) Chrome/53.0.2785.97 Mobile Safari/537.36"
192.168.1.103 - - [14/Sep/2016:22:17:23 -0700] "GET /socket.io/?EIO=3&transport=polling&t=LSiHpYZ HTTP/1.1" 200 101 "http://spacechat.com/" "Mozilla/5.0 (iPhone; CPU iPhone OS 10_0_1 like Mac OS X) AppleWebKit/602.1.50 (KHTML, like Gecko) Version/10.0 Mobile/14A403 Safari/602.1"
192.168.1.103 - - [14/Sep/2016:22:17:23 -0700] "GET /socket.io/?EIO=3&transport=polling&t=LSiHpYe HTTP/1.1" 200 101 "http://spacechat.com/" "Mozilla/5.0 (iPhone; CPU iPhone OS 10_0_1 like Mac OS X) AppleWebKit/602.1.50 (KHTML, like Gecko) Version/10.0 Mobile/14A403 Safari/602.1"
192.168.1.103 - - [14/Sep/2016:22:17:23 -0700] "POST /socket.io/?EIO=3&transport=polling&t=LSiHpai&sid=qKR_qu_ZQYBxOLTZAAAe HTTP/1.1" 200 2 "http://spacechat.com/" "Mozilla/5.0 (iPhone; CPU iPhone OS 10_0_1 like Mac OS X) AppleWebKit/602.1.50 (KHTML, like Gecko) Version/10.0 Mobile/14A403 Safari/602.1"
192.168.1.103 - - [14/Sep/2016:22:17:23 -0700] "GET /socket.io/?EIO=3&transport=polling&t=LSiHpao&sid=qKR_qu_ZQYBxOLTZAAAe HTTP/1.1" 200 17 "http://spacechat.com/" "Mozilla/5.0 (iPhone; CPU iPhone OS 10_0_1 like Mac OS X) AppleWebKit/602.1.50 (KHTML, like Gecko) Version/10.0 Mobile/14A403 Safari/602.1"
192.168.1.103 - - [14/Sep/2016:22:17:23 -0700] "GET /socket.io/?EIO=3&transport=polling&t=LSiHpas&sid=pHFr45-OheDZ5EQ7AAAf HTTP/1.1" 200 5 "http://spacechat.com/" "Mozilla/5.0 (iPhone; CPU iPhone OS 10_0_1 like Mac OS X) AppleWebKit/602.1.50 (KHTML, like Gecko) Version/10.0 Mobile/14A403 Safari/602.1"
192.168.1.103 - - [14/Sep/2016:22:17:23 -0700] "POST /socket.io/?EIO=3&transport=polling&t=LSiHpaq&sid=pHFr45-OheDZ5EQ7AAAf HTTP/1.1" 200 2 "http://spacechat.com/" "Mozilla/5.0 (iPhone; CPU iPhone OS 10_0_1 like Mac OS X) AppleWebKit/602.1.50 (KHTML, like Gecko) Version/10.0 Mobile/14A403 Safari/602.1"
192.168.1.103 - - [14/Sep/2016:22:17:23 -0700] "GET /socket.io/?EIO=3&transport=polling&t=LSiHpeD&sid=pHFr45-OheDZ5EQ7AAAf HTTP/1.1" 200 12 "http://spacechat.com/" "Mozilla/5.0 (iPhone; CPU iPhone OS 10_0_1 like Mac OS X) AppleWebKit/602.1.50 (KHTML, like Gecko) Version/10.0 Mobile/14A403 Safari/602.1"
192.168.1.103 - - [14/Sep/2016:22:17:23 -0700] "POST /socket.io/?EIO=3&transport=polling&t=LSiHpe_&sid=pHFr45-OheDZ5EQ7AAAf HTTP/1.1" 200 2 "http://spacechat.com/" "Mozilla/5.0 (iPhone; CPU iPhone OS 10_0_1 like Mac OS X) AppleWebKit/602.1.50 (KHTML, like Gecko) Version/10.0 Mobile/14A403 Safari/602.1"
192.168.1.103 - - [14/Sep/2016:22:17:23 -0700] "GET /socket.io/?EIO=3&transport=polling&t=LSiHpf3&sid=pHFr45-OheDZ5EQ7AAAf HTTP/1.1" 200 242 "http://spacechat.com/" "Mozilla/5.0 (iPhone; CPU iPhone OS 10_0_1 like Mac OS X) AppleWebKit/602.1.50 (KHTML, like Gecko) Version/10.0 Mobile/14A403 Safari/602.1"
192.168.1.103 - - [14/Sep/2016:22:17:23 -0700] "POST /socket.io/?EIO=3&transport=polling&t=LSiHpfX&sid=pHFr45-OheDZ5EQ7AAAf HTTP/1.1" 200 2 "http://spacechat.com/" "Mozilla/5.0 (iPhone; CPU iPhone OS 10_0_1 like Mac OS X) AppleWebKit/602.1.50 (KHTML, like Gecko) Version/10.0 Mobile/14A403 Safari/602.1"
192.168.1.103 - - [14/Sep/2016:22:17:23 -0700] "GET /socket.io/?EIO=3&transport=polling&t=LSiHpeB&sid=qKR_qu_ZQYBxOLTZAAAe HTTP/1.1" 200 4 "http://spacechat.com/" "Mozilla/5.0 (iPhone; CPU iPhone OS 10_0_1 like Mac OS X) AppleWebKit/602.1.50 (KHTML, like Gecko) Version/10.0 Mobile/14A403 Safari/602.1"
192.168.1.149 - - [14/Sep/2016:22:17:25 -0700] "GET / HTTP/1.1" 200 533 "-" "Mozilla/5.0 (iPhone; CPU iPhone OS 9_3_5 like Mac OS X) AppleWebKit/601.1 (KHTML, like Gecko) CriOS/52.0.2743.84 Mobile/13G36 Safari/601.1.46"
192.168.1.149 - - [14/Sep/2016:22:17:25 -0700] "GET /socket.io/?EIO=3&transport=websocket&sid=VIMmmpYLsQMCOAQMAAAM HTTP/1.1" 101 7460058 "-" "Mozilla/5.0 (iPhone; CPU iPhone OS 9_3_5 like Mac OS X) AppleWebKit/601.1 (KHTML, like Gecko) CriOS/52.0.2743.84 Mobile/13G36 Safari/601.1.46"
192.168.1.149 - - [14/Sep/2016:22:17:25 -0700] "GET /socket.io/?EIO=3&transport=websocket&sid=eYK91T8WgXAmP0C7AAAL HTTP/1.1" 101 62 "-" "Mozilla/5.0 (iPhone; CPU iPhone OS 9_3_5 like Mac OS X) AppleWebKit/601.1 (KHTML, like Gecko) CriOS/52.0.2743.84 Mobile/13G36 Safari/601.1.46"
192.168.1.149 - - [14/Sep/2016:22:17:25 -0700] "GET /socket.io/socket.io.js HTTP/1.1" 304 0 "http://anything.com/" "Mozilla/5.0 (iPhone; CPU iPhone OS 9_3_5 like Mac OS X) AppleWebKit/601.1 (KHTML, like Gecko) CriOS/52.0.2743.84 Mobile/13G36 Safari/601.1.46"
192.168.1.149 - - [14/Sep/2016:22:17:26 -0700] "GET /socket.io/?EIO=3&transport=polling&t=LSiHqLX HTTP/1.1" 200 101 "http://anything.com/" "Mozilla/5.0 (iPhone; CPU iPhone OS 9_3_5 like Mac OS X) AppleWebKit/601.1 (KHTML, like Gecko) CriOS/52.0.2743.84 Mobile/13G36 Safari/601.1.46"
192.168.1.149 - - [14/Sep/2016:22:17:26 -0700] "GET /socket.io/?EIO=3&transport=polling&t=LSiHqLf HTTP/1.1" 200 101 "http://anything.com/" "Mozilla/5.0 (iPhone; CPU iPhone OS 9_3_5 like Mac OS X) AppleWebKit/601.1 (KHTML, like Gecko) CriOS/52.0.2743.84 Mobile/13G36 Safari/601.1.46"
192.168.1.123 - - [14/Sep/2016:22:17:26 -0700] "GET /socket.io/?EIO=3&transport=polling&t=LSiHqJm HTTP/1.1" 200 101 "http://spacechat.com/" "Mozilla/5.0 (Linux; Android 6.0.1; A0001 Build/MHC19Q) AppleWebKit/537.36 (KHTML, like Gecko) Chrome/53.0.2785.97 Mobile Safari/537.36"
192.168.1.123 - - [14/Sep/2016:22:17:26 -0700] "GET /socket.io/?EIO=3&transport=polling&t=LSiHqK0 HTTP/1.1" 200 101 "http://spacechat.com/" "Mozilla/5.0 (Linux; Android 6.0.1; A0001 Build/MHC19Q) AppleWebKit/537.36 (KHTML, like Gecko) Chrome/53.0.2785.97 Mobile Safari/537.36"
192.168.1.133 - - [14/Sep/2016:22:17:26 -0700] "GET /socket.io/?EIO=3&transport=polling&t=LSiHqGw HTTP/1.1" 200 101 "http://spacechat.com/" "Mozilla/5.0 (Linux; Android 6.0; LG-H810 Build/MRA58K) AppleWebKit/537.36 (KHTML, like Gecko) Chrome/53.0.2785.97 Mobile Safari/537.36"
192.168.1.149 - - [14/Sep/2016:22:17:26 -0700] "GET /socket.io/?EIO=3&transport=polling&t=LSiHqRD&sid=e6tCmazM60vQ35nZAAAg HTTP/1.1" 200 5 "http://anything.com/" "Mozilla/5.0 (iPhone; CPU iPhone OS 9_3_5 like Mac OS X) AppleWebKit/601.1 (KHTML, like Gecko) CriOS/52.0.2743.84 Mobile/13G36 Safari/601.1.46"
192.168.1.149 - - [14/Sep/2016:22:17:26 -0700] "POST /socket.io/?EIO=3&transport=polling&t=LSiHqR5&sid=e6tCmazM60vQ35nZAAAg HTTP/1.1" 200 2 "http://anything.com/" "Mozilla/5.0 (iPhone; CPU iPhone OS 9_3_5 like Mac OS X) AppleWebKit/601.1 (KHTML, like Gecko) CriOS/52.0.2743.84 Mobile/13G36 Safari/601.1.46"
192.168.1.123 - - [14/Sep/2016:22:17:26 -0700] "POST /socket.io/?EIO=3&transport=polling&t=LSiHqPK&sid=yFxDZlA5dLO1DReLAAAi HTTP/1.1" 200 2 "http://spacechat.com/" "Mozilla/5.0 (Linux; Android 6.0.1; A0001 Build/MHC19Q) AppleWebKit/537.36 (KHTML, like Gecko) Chrome/53.0.2785.97 Mobile Safari/537.36"
192.168.1.123 - - [14/Sep/2016:22:17:26 -0700] "GET /socket.io/?EIO=3&transport=polling&t=LSiHqPZ&sid=yFxDZlA5dLO1DReLAAAi HTTP/1.1" 200 17 "http://spacechat.com/" "Mozilla/5.0 (Linux; Android 6.0.1; A0001 Build/MHC19Q) AppleWebKit/537.36 (KHTML, like Gecko) Chrome/53.0.2785.97 Mobile Safari/537.36"
192.168.1.123 - - [14/Sep/2016:22:17:26 -0700] "POST /socket.io/?EIO=3&transport=polling&t=LSiHqPg&sid=Refh77mC2_SQnZzMAAAj HTTP/1.1" 200 2 "http://spacechat.com/" "Mozilla/5.0 (Linux; Android 6.0.1; A0001 Build/MHC19Q) AppleWebKit/537.36 (KHTML, like Gecko) Chrome/53.0.2785.97 Mobile Safari/537.36"
192.168.1.123 - - [14/Sep/2016:22:17:26 -0700] "GET /socket.io/?EIO=3&transport=polling&t=LSiHqPj&sid=Refh77mC2_SQnZzMAAAj HTTP/1.1" 200 17 "http://spacechat.com/" "Mozilla/5.0 (Linux; Android 6.0.1; A0001 Build/MHC19Q) AppleWebKit/537.36 (KHTML, like Gecko) Chrome/53.0.2785.97 Mobile Safari/537.36"
192.168.1.149 - - [14/Sep/2016:22:17:26 -0700] "POST /socket.io/?EIO=3&transport=polling&t=LSiHqRG&sid=-6jRPc0llGd1P_pLAAAh HTTP/1.1" 200 2 "http://anything.com/" "Mozilla/5.0 (iPhone; CPU iPhone OS 9_3_5 like Mac OS X) AppleWebKit/601.1 (KHTML, like Gecko) CriOS/52.0.2743.84 Mobile/13G36 Safari/601.1.46"
192.168.1.149 - - [14/Sep/2016:22:17:26 -0700] "GET /socket.io/?EIO=3&transport=polling&t=LSiHqRK&sid=-6jRPc0llGd1P_pLAAAh HTTP/1.1" 200 17 "http://anything.com/" "Mozilla/5.0 (iPhone; CPU iPhone OS 9_3_5 like Mac OS X) AppleWebKit/601.1 (KHTML, like Gecko) CriOS/52.0.2743.84 Mobile/13G36 Safari/601.1.46"
192.168.1.149 - - [14/Sep/2016:22:17:26 -0700] "GET /socket.io/?EIO=3&transport=polling&t=LSiHqSp&sid=e6tCmazM60vQ35nZAAAg HTTP/1.1" 200 12 "http://anything.com/" "Mozilla/5.0 (iPhone; CPU iPhone OS 9_3_5 like Mac OS X) AppleWebKit/601.1 (KHTML, like Gecko) CriOS/52.0.2743.84 Mobile/13G36 Safari/601.1.46"
192.168.1.133 - - [14/Sep/2016:22:17:27 -0700] "POST /socket.io/?EIO=3&transport=polling&t=LSiHqPr&sid=NbijbejFFQmQTSyNAAAk HTTP/1.1" 200 2 "http://spacechat.com/" "Mozilla/5.0 (Linux; Android 6.0; LG-H810 Build/MRA58K) AppleWebKit/537.36 (KHTML, like Gecko) Chrome/53.0.2785.97 Mobile Safari/537.36"
192.168.1.123 - - [14/Sep/2016:22:17:27 -0700] "POST /socket.io/?EIO=3&transport=polling&t=LSiHqUd&sid=Refh77mC2_SQnZzMAAAj HTTP/1.1" 200 2 "http://spacechat.com/" "Mozilla/5.0 (Linux; Android 6.0.1; A0001 Build/MHC19Q) AppleWebKit/537.36 (KHTML, like Gecko) Chrome/53.0.2785.97 Mobile Safari/537.36"
192.168.1.123 - - [14/Sep/2016:22:17:27 -0700] "GET /socket.io/?EIO=3&transport=polling&t=LSiHqUf&sid=Refh77mC2_SQnZzMAAAj HTTP/1.1" 200 233 "http://spacechat.com/" "Mozilla/5.0 (Linux; Android 6.0.1; A0001 Build/MHC19Q) AppleWebKit/537.36 (KHTML, like Gecko) Chrome/53.0.2785.97 Mobile Safari/537.36"
192.168.1.133 - - [14/Sep/2016:22:17:27 -0700] "GET /socket.io/?EIO=3&transport=polling&t=LSiHqQ2&sid=NbijbejFFQmQTSyNAAAk HTTP/1.1" 200 17 "http://spacechat.com/" "Mozilla/5.0 (Linux; Android 6.0; LG-H810 Build/MRA58K) AppleWebKit/537.36 (KHTML, like Gecko) Chrome/53.0.2785.97 Mobile Safari/537.36"
192.168.1.123 - - [14/Sep/2016:22:17:27 -0700] "POST /socket.io/?EIO=3&transport=polling&t=LSiHqVR&sid=Refh77mC2_SQnZzMAAAj HTTP/1.1" 200 2 "http://spacechat.com/" "Mozilla/5.0 (Linux; Android 6.0.1; A0001 Build/MHC19Q) AppleWebKit/537.36 (KHTML, like Gecko) Chrome/53.0.2785.97 Mobile Safari/537.36"
192.168.1.123 - - [14/Sep/2016:22:17:27 -0700] "GET /socket.io/?EIO=3&transport=polling&t=LSiHqVV&sid=Refh77mC2_SQnZzMAAAj HTTP/1.1" 200 232 "http://spacechat.com/" "Mozilla/5.0 (Linux; Android 6.0.1; A0001 Build/MHC19Q) AppleWebKit/537.36 (KHTML, like Gecko) Chrome/53.0.2785.97 Mobile Safari/537.36"
192.168.1.123 - - [14/Sep/2016:22:17:27 -0700] "GET /socket.io/?EIO=3&transport=polling&t=LSiHqUY&sid=yFxDZlA5dLO1DReLAAAi HTTP/1.1" 200 4 "http://spacechat.com/" "Mozilla/5.0 (Linux; Android 6.0.1; A0001 Build/MHC19Q) AppleWebKit/537.36 (KHTML, like Gecko) Chrome/53.0.2785.97 Mobile Safari/537.36"
192.168.1.133 - - [14/Sep/2016:22:17:27 -0700] "POST /socket.io/?EIO=3&transport=polling&t=LSiHqRQ&sid=NbijbejFFQmQTSyNAAAk HTTP/1.1" 200 2 "http://spacechat.com/" "Mozilla/5.0 (Linux; Android 6.0; LG-H810 Build/MRA58K) AppleWebKit/537.36 (KHTML, like Gecko) Chrome/53.0.2785.97 Mobile Safari/537.36"
192.168.1.133 - - [14/Sep/2016:22:17:27 -0700] "GET /socket.io/?EIO=3&transport=polling&t=LSiHqRT&sid=NbijbejFFQmQTSyNAAAk HTTP/1.1" 200 240 "http://spacechat.com/" "Mozilla/5.0 (Linux; Android 6.0; LG-H810 Build/MRA58K) AppleWebKit/537.36 (KHTML, like Gecko) Chrome/53.0.2785.97 Mobile Safari/537.36"
192.168.1.149 - - [14/Sep/2016:22:17:27 -0700] "POST /socket.io/?EIO=3&transport=polling&t=LSiHqje&sid=-6jRPc0llGd1P_pLAAAh HTTP/1.1" 200 2 "http://anything.com/" "Mozilla/5.0 (iPhone; CPU iPhone OS 9_3_5 like Mac OS X) AppleWebKit/601.1 (KHTML, like Gecko) CriOS/52.0.2743.84 Mobile/13G36 Safari/601.1.46"
192.168.1.149 - - [14/Sep/2016:22:17:27 -0700] "GET /socket.io/?EIO=3&transport=polling&t=LSiHqjh&sid=-6jRPc0llGd1P_pLAAAh HTTP/1.1" 200 238 "http://anything.com/" "Mozilla/5.0 (iPhone; CPU iPhone OS 9_3_5 like Mac OS X) AppleWebKit/601.1 (KHTML, like Gecko) CriOS/52.0.2743.84 Mobile/13G36 Safari/601.1.46"
192.168.1.149 - - [14/Sep/2016:22:17:27 -0700] "POST /socket.io/?EIO=3&transport=polling&t=LSiHqkQ&sid=-6jRPc0llGd1P_pLAAAh HTTP/1.1" 200 2 "http://anything.com/" "Mozilla/5.0 (iPhone; CPU iPhone OS 9_3_5 like Mac OS X) AppleWebKit/601.1 (KHTML, like Gecko) CriOS/52.0.2743.84 Mobile/13G36 Safari/601.1.46"
192.168.1.149 - - [14/Sep/2016:22:17:27 -0700] "GET /socket.io/?EIO=3&transport=polling&t=LSiHqkZ&sid=-6jRPc0llGd1P_pLAAAh HTTP/1.1" 200 546 "http://anything.com/" "Mozilla/5.0 (iPhone; CPU iPhone OS 9_3_5 like Mac OS X) AppleWebKit/601.1 (KHTML, like Gecko) CriOS/52.0.2743.84 Mobile/13G36 Safari/601.1.46"
192.168.1.149 - - [14/Sep/2016:22:17:28 -0700] "POST /socket.io/?EIO=3&transport=polling&t=LSiHqlV&sid=-6jRPc0llGd1P_pLAAAh HTTP/1.1" 200 2 "http://anything.com/" "Mozilla/5.0 (iPhone; CPU iPhone OS 9_3_5 like Mac OS X) AppleWebKit/601.1 (KHTML, like Gecko) CriOS/52.0.2743.84 Mobile/13G36 Safari/601.1.46"
192.168.1.149 - - [14/Sep/2016:22:17:28 -0700] "GET /socket.io/?EIO=3&transport=polling&t=LSiHqlh&sid=-6jRPc0llGd1P_pLAAAh HTTP/1.1" 200 546 "http://anything.com/" "Mozilla/5.0 (iPhone; CPU iPhone OS 9_3_5 like Mac OS X) AppleWebKit/601.1 (KHTML, like Gecko) CriOS/52.0.2743.84 Mobile/13G36 Safari/601.1.46"
192.168.1.149 - - [14/Sep/2016:22:17:28 -0700] "GET /socket.io/?EIO=3&transport=polling&t=LSiHqjX&sid=e6tCmazM60vQ35nZAAAg HTTP/1.1" 200 4 "http://anything.com/" "Mozilla/5.0 (iPhone; CPU iPhone OS 9_3_5 like Mac OS X) AppleWebKit/601.1 (KHTML, like Gecko) CriOS/52.0.2743.84 Mobile/13G36 Safari/601.1.46"
192.168.1.130 - - [14/Sep/2016:22:17:32 -0700] "GET / HTTP/1.1" 200 533 "-" "Mozilla/5.0 (Linux; Android 4.4.2; SAMSUNG-SGH-I747 Build/KOT49H) AppleWebKit/535.19 (KHTML, like Gecko) Chrome/18.0.1025.166 Mobile Safari/535.19"
192.168.1.130 - - [14/Sep/2016:22:17:32 -0700] "GET /socket.io/?EIO=3&transport=websocket&sid=_cpjD2XFpqYr44jLAAAI HTTP/1.1" 101 5934539 "-" "-"
192.168.1.130 - - [14/Sep/2016:22:17:32 -0700] "GET /socket.io/?EIO=3&transport=websocket&sid=HH2sMi7UfRzcX86EAAAH HTTP/1.1" 101 65 "-" "-"
192.168.1.130 - - [14/Sep/2016:22:17:32 -0700] "GET /socket.io/socket.io.js HTTP/1.1" 304 0 "http://spacechat.com/" "Mozilla/5.0 (Linux; Android 4.4.2; SAMSUNG-SGH-I747 Build/KOT49H) AppleWebKit/535.19 (KHTML, like Gecko) Chrome/18.0.1025.166 Mobile Safari/535.19"
192.168.1.106 - - [14/Sep/2016:22:17:33 -0700] "GET / HTTP/1.1" 200 533 "-" "Mozilla/5.0 (X11; Linux x86_64) AppleWebKit/537.36 (KHTML, like Gecko) Chrome/53.0.2785.97 Safari/537.36"
192.168.1.106 - - [14/Sep/2016:22:17:33 -0700] "GET /socket.io/?EIO=3&transport=websocket&sid=NGsi7V9ozYV3WRHQAAAR HTTP/1.1" 101 5646857 "-" "Mozilla/5.0 (X11; Linux x86_64) AppleWebKit/537.36 (KHTML, like Gecko) Chrome/53.0.2785.97 Safari/537.36"
192.168.1.130 - - [14/Sep/2016:22:17:33 -0700] "GET /socket.io/?EIO=3&transport=polling&t=LSiHrlv HTTP/1.1" 200 101 "http://spacechat.com/" "Mozilla/5.0 (Linux; Android 4.4.2; SAMSUNG-SGH-I747 Build/KOT49H) AppleWebKit/535.19 (KHTML, like Gecko) Chrome/18.0.1025.166 Mobile Safari/535.19"
192.168.1.130 - - [14/Sep/2016:22:17:33 -0700] "GET /socket.io/?EIO=3&transport=polling&t=LSiHrmE HTTP/1.1" 200 101 "http://spacechat.com/" "Mozilla/5.0 (Linux; Android 4.4.2; SAMSUNG-SGH-I747 Build/KOT49H) AppleWebKit/535.19 (KHTML, like Gecko) Chrome/18.0.1025.166 Mobile Safari/535.19"
192.168.1.130 - - [14/Sep/2016:22:17:33 -0700] "GET /favicon.ico HTTP/1.1" 404 53 "-" "Mozilla/5.0 (Linux; Android 4.4.2; SAMSUNG-SGH-I747 Build/KOT49H) AppleWebKit/535.19 (KHTML, like Gecko) Chrome/18.0.1025.166 Mobile Safari/535.19"
192.168.1.130 - - [14/Sep/2016:22:17:33 -0700] "GET /apple-touch-icon-precomposed.png HTTP/1.1" 404 76 "-" "Mozilla/5.0 (Linux; Android 4.4.2; SAMSUNG-SGH-I747 Build/KOT49H) AppleWebKit/535.19 (KHTML, like Gecko) Chrome/18.0.1025.166 Mobile Safari/535.19"
192.168.1.130 - - [14/Sep/2016:22:17:33 -0700] "POST /socket.io/?EIO=3&transport=polling&t=LSiHrq7&sid=tspuOKPMhK0xcpRvAAAl HTTP/1.1" 200 2 "http://spacechat.com/" "Mozilla/5.0 (Linux; Android 4.4.2; SAMSUNG-SGH-I747 Build/KOT49H) AppleWebKit/535.19 (KHTML, like Gecko) Chrome/18.0.1025.166 Mobile Safari/535.19"
192.168.1.130 - - [14/Sep/2016:22:17:33 -0700] "GET /socket.io/?EIO=3&transport=polling&t=LSiHrqT&sid=tspuOKPMhK0xcpRvAAAl HTTP/1.1" 200 17 "http://spacechat.com/" "Mozilla/5.0 (Linux; Android 4.4.2; SAMSUNG-SGH-I747 Build/KOT49H) AppleWebKit/535.19 (KHTML, like Gecko) Chrome/18.0.1025.166 Mobile Safari/535.19"
192.168.1.130 - - [14/Sep/2016:22:17:33 -0700] "POST /socket.io/?EIO=3&transport=polling&t=LSiHrqb&sid=fvn1cqWy3acLgCdZAAAm HTTP/1.1" 200 2 "http://spacechat.com/" "Mozilla/5.0 (Linux; Android 4.4.2; SAMSUNG-SGH-I747 Build/KOT49H) AppleWebKit/535.19 (KHTML, like Gecko) Chrome/18.0.1025.166 Mobile Safari/535.19"
192.168.1.130 - - [14/Sep/2016:22:17:33 -0700] "GET /socket.io/?EIO=3&transport=polling&t=LSiHrqn&sid=fvn1cqWy3acLgCdZAAAm HTTP/1.1" 200 17 "http://spacechat.com/" "Mozilla/5.0 (Linux; Android 4.4.2; SAMSUNG-SGH-I747 Build/KOT49H) AppleWebKit/535.19 (KHTML, like Gecko) Chrome/18.0.1025.166 Mobile Safari/535.19"
192.168.1.130 - - [14/Sep/2016:22:17:36 -0700] "POST /socket.io/?EIO=3&transport=polling&t=LSiHsRp&sid=fvn1cqWy3acLgCdZAAAm HTTP/1.1" 200 2 "http://spacechat.com/" "Mozilla/5.0 (Linux; Android 4.4.2; SAMSUNG-SGH-I747 Build/KOT49H) AppleWebKit/535.19 (KHTML, like Gecko) Chrome/18.0.1025.166 Mobile Safari/535.19"
192.168.1.130 - - [14/Sep/2016:22:17:36 -0700] "GET /socket.io/?EIO=3&transport=polling&t=LSiHsRr&sid=fvn1cqWy3acLgCdZAAAm HTTP/1.1" 200 234 "http://spacechat.com/" "Mozilla/5.0 (Linux; Android 4.4.2; SAMSUNG-SGH-I747 Build/KOT49H) AppleWebKit/535.19 (KHTML, like Gecko) Chrome/18.0.1025.166 Mobile Safari/535.19"
192.168.1.130 - - [14/Sep/2016:22:17:36 -0700] "POST /socket.io/?EIO=3&transport=polling&t=LSiHsSK&sid=fvn1cqWy3acLgCdZAAAm HTTP/1.1" 200 2 "http://spacechat.com/" "Mozilla/5.0 (Linux; Android 4.4.2; SAMSUNG-SGH-I747 Build/KOT49H) AppleWebKit/535.19 (KHTML, like Gecko) Chrome/18.0.1025.166 Mobile Safari/535.19"
192.168.1.130 - - [14/Sep/2016:22:17:36 -0700] "GET /socket.io/?EIO=3&transport=polling&t=LSiHsSi&sid=fvn1cqWy3acLgCdZAAAm HTTP/1.1" 200 236 "http://spacechat.com/" "Mozilla/5.0 (Linux; Android 4.4.2; SAMSUNG-SGH-I747 Build/KOT49H) AppleWebKit/535.19 (KHTML, like Gecko) Chrome/18.0.1025.166 Mobile Safari/535.19"
192.168.1.130 - - [14/Sep/2016:22:17:36 -0700] "POST /socket.io/?EIO=3&transport=polling&t=LSiHsSq&sid=fvn1cqWy3acLgCdZAAAm HTTP/1.1" 200 2 "http://spacechat.com/" "Mozilla/5.0 (Linux; Android 4.4.2; SAMSUNG-SGH-I747 Build/KOT49H) AppleWebKit/535.19 (KHTML, like Gecko) Chrome/18.0.1025.166 Mobile Safari/535.19"
192.168.1.130 - - [14/Sep/2016:22:17:36 -0700] "GET /socket.io/?EIO=3&transport=polling&t=LSiHsTk&sid=fvn1cqWy3acLgCdZAAAm HTTP/1.1" 200 269 "http://spacechat.com/" "Mozilla/5.0 (Linux; Android 4.4.2; SAMSUNG-SGH-I747 Build/KOT49H) AppleWebKit/535.19 (KHTML, like Gecko) Chrome/18.0.1025.166 Mobile Safari/535.19"
192.168.1.130 - - [14/Sep/2016:22:17:36 -0700] "POST /socket.io/?EIO=3&transport=polling&t=LSiHsTn&sid=fvn1cqWy3acLgCdZAAAm HTTP/1.1" 200 2 "http://spacechat.com/" "Mozilla/5.0 (Linux; Android 4.4.2; SAMSUNG-SGH-I747 Build/KOT49H) AppleWebKit/535.19 (KHTML, like Gecko) Chrome/18.0.1025.166 Mobile Safari/535.19"
192.168.1.130 - - [14/Sep/2016:22:17:36 -0700] "GET /apple-touch-icon.png HTTP/1.1" 404 64 "-" "Mozilla/5.0 (Linux; Android 4.4.2; SAMSUNG-SGH-I747 Build/KOT49H) AppleWebKit/535.19 (KHTML, like Gecko) Chrome/18.0.1025.166 Mobile Safari/535.19"
192.168.1.130 - - [14/Sep/2016:22:17:36 -0700] "GET /socket.io/?EIO=3&transport=polling&t=LSiHsRe&sid=tspuOKPMhK0xcpRvAAAl HTTP/1.1" 200 4 "http://spacechat.com/" "Mozilla/5.0 (Linux; Android 4.4.2; SAMSUNG-SGH-I747 Build/KOT49H) AppleWebKit/535.19 (KHTML, like Gecko) Chrome/18.0.1025.166 Mobile Safari/535.19"
192.168.1.106 - - [14/Sep/2016:22:17:41 -0700] "GET /socket.io/socket.io.js HTTP/1.1" 304 0 "http://spacechat.com/" "Mozilla/5.0 (X11; Linux x86_64) AppleWebKit/537.36 (KHTML, like Gecko) Chrome/53.0.2785.97 Safari/537.36"
192.168.1.106 - - [14/Sep/2016:22:17:54 -0700] "GET /favicon.ico HTTP/1.1" 404 53 "http://spacechat.com/" "Mozilla/5.0 (X11; Linux x86_64) AppleWebKit/537.36 (KHTML, like Gecko) Chrome/53.0.2785.97 Safari/537.36"
192.168.1.106 - - [14/Sep/2016:22:17:54 -0700] "GET /favicon.ico HTTP/1.1" 404 53 "http://spacechat.com/" "Mozilla/5.0 (X11; Linux x86_64) AppleWebKit/537.36 (KHTML, like Gecko) Chrome/53.0.2785.97 Safari/537.36"
192.168.1.106 - - [14/Sep/2016:22:17:54 -0700] "GET /socket.io/?EIO=3&transport=polling&t=LSiHx5v HTTP/1.1" 200 101 "http://spacechat.com/" "Mozilla/5.0 (X11; Linux x86_64) AppleWebKit/537.36 (KHTML, like Gecko) Chrome/53.0.2785.97 Safari/537.36"
192.168.1.106 - - [14/Sep/2016:22:17:54 -0700] "POST /socket.io/?EIO=3&transport=polling&t=LSiHx7K&sid=FPbXY9hQERxM4oHWAAAn HTTP/1.1" 200 2 "http://spacechat.com/" "Mozilla/5.0 (X11; Linux x86_64) AppleWebKit/537.36 (KHTML, like Gecko) Chrome/53.0.2785.97 Safari/537.36"
192.168.1.106 - - [14/Sep/2016:22:17:54 -0700] "GET /socket.io/?EIO=3&transport=polling&t=LSiHx7g&sid=FPbXY9hQERxM4oHWAAAn HTTP/1.1" 200 17 "http://spacechat.com/" "Mozilla/5.0 (X11; Linux x86_64) AppleWebKit/537.36 (KHTML, like Gecko) Chrome/53.0.2785.97 Safari/537.36"
192.168.1.106 - - [14/Sep/2016:22:17:54 -0700] "GET /socket.io/?EIO=3&transport=polling&t=LSiHx8p&sid=FPbXY9hQERxM4oHWAAAn HTTP/1.1" 200 4 "http://spacechat.com/" "Mozilla/5.0 (X11; Linux x86_64) AppleWebKit/537.36 (KHTML, like Gecko) Chrome/53.0.2785.97 Safari/537.36"
192.168.1.106 - - [14/Sep/2016:22:17:56 -0700] "GET / HTTP/1.1" 200 533 "-" "Mozilla/5.0 (X11; Linux x86_64) AppleWebKit/537.36 (KHTML, like Gecko) Chrome/53.0.2785.97 Safari/537.36"
192.168.1.106 - - [14/Sep/2016:22:17:56 -0700] "GET /socket.io/?EIO=3&transport=websocket&sid=FPbXY9hQERxM4oHWAAAn HTTP/1.1" 101 12 "-" "Mozilla/5.0 (X11; Linux x86_64) AppleWebKit/537.36 (KHTML, like Gecko) Chrome/53.0.2785.97 Safari/537.36"
192.168.1.106 - - [14/Sep/2016:22:17:56 -0700] "GET /socket.io/socket.io.js HTTP/1.1" 304 0 "http://spacechat.com/" "Mozilla/5.0 (X11; Linux x86_64) AppleWebKit/537.36 (KHTML, like Gecko) Chrome/53.0.2785.97 Safari/537.36"
192.168.1.106 - - [14/Sep/2016:22:17:56 -0700] "HEAD / HTTP/1.1" 200 0 "-" "Mozilla/5.0 (Linux; Android 5.1.1; SAMSUNG-SM-G900A Build/LMY47X) AppleWebKit/537.36 (KHTML, like Gecko) Chrome/53.0.2785.97 Mobile Safari/537.36"
192.168.1.106 - - [14/Sep/2016:22:17:56 -0700] "HEAD / HTTP/1.1" 200 0 "-" "Mozilla/5.0 (Linux; Android 5.1.1; SAMSUNG-SM-G900A Build/LMY47X) AppleWebKit/537.36 (KHTML, like Gecko) Chrome/53.0.2785.97 Mobile Safari/537.36"
192.168.1.106 - - [14/Sep/2016:22:17:56 -0700] "HEAD / HTTP/1.1" 200 0 "-" "Mozilla/5.0 (Linux; Android 5.1.1; SAMSUNG-SM-G900A Build/LMY47X) AppleWebKit/537.36 (KHTML, like Gecko) Chrome/53.0.2785.97 Mobile Safari/537.36"
192.168.1.106 - - [14/Sep/2016:22:17:57 -0700] "GET /socket.io/?EIO=3&transport=polling&t=LSiHxrv HTTP/1.1" 200 101 "http://spacechat.com/" "Mozilla/5.0 (X11; Linux x86_64) AppleWebKit/537.36 (KHTML, like Gecko) Chrome/53.0.2785.97 Safari/537.36"
192.168.1.106 - - [14/Sep/2016:22:17:57 -0700] "POST /socket.io/?EIO=3&transport=polling&t=LSiHxt9&sid=YM6eJUxzqK3HOmc-AAAo HTTP/1.1" 200 2 "http://spacechat.com/" "Mozilla/5.0 (X11; Linux x86_64) AppleWebKit/537.36 (KHTML, like Gecko) Chrome/53.0.2785.97 Safari/537.36"
192.168.1.106 - - [14/Sep/2016:22:17:57 -0700] "GET /socket.io/?EIO=3&transport=polling&t=LSiHxtQ&sid=YM6eJUxzqK3HOmc-AAAo HTTP/1.1" 200 17 "http://spacechat.com/" "Mozilla/5.0 (X11; Linux x86_64) AppleWebKit/537.36 (KHTML, like Gecko) Chrome/53.0.2785.97 Safari/537.36"
192.168.1.106 - - [14/Sep/2016:22:17:57 -0700] "GET /socket.io/?EIO=3&transport=polling&t=LSiHxuG&sid=YM6eJUxzqK3HOmc-AAAo HTTP/1.1" 200 4 "http://spacechat.com/" "Mozilla/5.0 (X11; Linux x86_64) AppleWebKit/537.36 (KHTML, like Gecko) Chrome/53.0.2785.97 Safari/537.36"
192.168.1.133 - - [14/Sep/2016:22:18:31 -0700] "POST /tnk/.ad HTTP/1.1" 404 52 "-" "Dalvik/2.1.0 (Linux; U; Android 6.0; LG-H810 Build/MRA58K)"
192.168.1.149 - - [14/Sep/2016:22:18:55 -0700] "GET /assets/com_apple_MobileAsset_routined_defaults/com_apple_MobileAsset_routined_defaults.xml HTTP/1.1" 404 92 "-" "MobileAsset/1.1"
192.168.1.132 - - [14/Sep/2016:22:19:31 -0700] "GET / HTTP/1.1" 200 533 "-" "Mozilla/5.0 (iPhone; CPU iPhone OS 9_3_3 like Mac OS X) AppleWebKit/601.1.46 (KHTML, like Gecko) Version/9.0 Mobile/13G34 Safari/601.1"
192.168.1.132 - - [14/Sep/2016:22:19:31 -0700] "GET /socket.io/?EIO=3&transport=websocket&sid=xh29v_IRWIVnIjV-AAAc HTTP/1.1" 101 2266281 "-" "Mozilla/5.0 (iPhone; CPU iPhone OS 9_3_3 like Mac OS X) AppleWebKit/601.1.46 (KHTML, like Gecko) Version/9.0 Mobile/13G34 Safari/601.1"
192.168.1.132 - - [14/Sep/2016:22:19:31 -0700] "GET /socket.io/?EIO=3&transport=websocket&sid=K0aX7PbNe58q-96uAAAd HTTP/1.1" 101 23 "-" "Mozilla/5.0 (iPhone; CPU iPhone OS 9_3_3 like Mac OS X) AppleWebKit/601.1.46 (KHTML, like Gecko) Version/9.0 Mobile/13G34 Safari/601.1"
192.168.1.132 - - [14/Sep/2016:22:19:31 -0700] "GET /socket.io/socket.io.js HTTP/1.1" 304 0 "http://spacechat.com/" "Mozilla/5.0 (iPhone; CPU iPhone OS 9_3_3 like Mac OS X) AppleWebKit/601.1.46 (KHTML, like Gecko) Version/9.0 Mobile/13G34 Safari/601.1"
192.168.1.132 - - [14/Sep/2016:22:19:31 -0700] "GET /socket.io/?EIO=3&transport=polling&t=LSiIIq0 HTTP/1.1" 200 101 "http://spacechat.com/" "Mozilla/5.0 (iPhone; CPU iPhone OS 9_3_3 like Mac OS X) AppleWebKit/601.1.46 (KHTML, like Gecko) Version/9.0 Mobile/13G34 Safari/601.1"
192.168.1.132 - - [14/Sep/2016:22:19:31 -0700] "GET /socket.io/?EIO=3&transport=polling&t=LSiIIq1 HTTP/1.1" 200 101 "http://spacechat.com/" "Mozilla/5.0 (iPhone; CPU iPhone OS 9_3_3 like Mac OS X) AppleWebKit/601.1.46 (KHTML, like Gecko) Version/9.0 Mobile/13G34 Safari/601.1"
192.168.1.132 - - [14/Sep/2016:22:19:31 -0700] "POST /socket.io/?EIO=3&transport=polling&t=LSiIIqp&sid=cAE86QwMFbDttJXuAAAp HTTP/1.1" 200 2 "http://spacechat.com/" "Mozilla/5.0 (iPhone; CPU iPhone OS 9_3_3 like Mac OS X) AppleWebKit/601.1.46 (KHTML, like Gecko) Version/9.0 Mobile/13G34 Safari/601.1"
192.168.1.132 - - [14/Sep/2016:22:19:31 -0700] "GET /socket.io/?EIO=3&transport=polling&t=LSiIIqq&sid=cAE86QwMFbDttJXuAAAp HTTP/1.1" 200 17 "http://spacechat.com/" "Mozilla/5.0 (iPhone; CPU iPhone OS 9_3_3 like Mac OS X) AppleWebKit/601.1.46 (KHTML, like Gecko) Version/9.0 Mobile/13G34 Safari/601.1"
192.168.1.132 - - [14/Sep/2016:22:19:31 -0700] "POST /socket.io/?EIO=3&transport=polling&t=LSiIIqq.0&sid=zyhKE04hlp73JD30AAAq HTTP/1.1" 200 2 "http://spacechat.com/" "Mozilla/5.0 (iPhone; CPU iPhone OS 9_3_3 like Mac OS X) AppleWebKit/601.1.46 (KHTML, like Gecko) Version/9.0 Mobile/13G34 Safari/601.1"
192.168.1.132 - - [14/Sep/2016:22:19:31 -0700] "GET /socket.io/?EIO=3&transport=polling&t=LSiIIqr&sid=zyhKE04hlp73JD30AAAq HTTP/1.1" 200 17 "http://spacechat.com/" "Mozilla/5.0 (iPhone; CPU iPhone OS 9_3_3 like Mac OS X) AppleWebKit/601.1.46 (KHTML, like Gecko) Version/9.0 Mobile/13G34 Safari/601.1"
192.168.1.132 - - [14/Sep/2016:22:19:31 -0700] "POST /socket.io/?EIO=3&transport=polling&t=LSiIIsM&sid=zyhKE04hlp73JD30AAAq HTTP/1.1" 200 2 "http://spacechat.com/" "Mozilla/5.0 (iPhone; CPU iPhone OS 9_3_3 like Mac OS X) AppleWebKit/601.1.46 (KHTML, like Gecko) Version/9.0 Mobile/13G34 Safari/601.1"
192.168.1.132 - - [14/Sep/2016:22:19:31 -0700] "GET /socket.io/?EIO=3&transport=polling&t=LSiIIsN&sid=zyhKE04hlp73JD30AAAq HTTP/1.1" 200 262 "http://spacechat.com/" "Mozilla/5.0 (iPhone; CPU iPhone OS 9_3_3 like Mac OS X) AppleWebKit/601.1.46 (KHTML, like Gecko) Version/9.0 Mobile/13G34 Safari/601.1"
192.168.1.132 - - [14/Sep/2016:22:19:31 -0700] "POST /socket.io/?EIO=3&transport=polling&t=LSiIIso&sid=zyhKE04hlp73JD30AAAq HTTP/1.1" 200 2 "http://spacechat.com/" "Mozilla/5.0 (iPhone; CPU iPhone OS 9_3_3 like Mac OS X) AppleWebKit/601.1.46 (KHTML, like Gecko) Version/9.0 Mobile/13G34 Safari/601.1"
192.168.1.132 - - [14/Sep/2016:22:19:31 -0700] "GET /socket.io/?EIO=3&transport=polling&t=LSiIIss&sid=zyhKE04hlp73JD30AAAq HTTP/1.1" 200 251 "http://spacechat.com/" "Mozilla/5.0 (iPhone; CPU iPhone OS 9_3_3 like Mac OS X) AppleWebKit/601.1.46 (KHTML, like Gecko) Version/9.0 Mobile/13G34 Safari/601.1"
192.168.1.132 - - [14/Sep/2016:22:19:31 -0700] "POST /socket.io/?EIO=3&transport=polling&t=LSiIIs-&sid=zyhKE04hlp73JD30AAAq HTTP/1.1" 200 2 "http://spacechat.com/" "Mozilla/5.0 (iPhone; CPU iPhone OS 9_3_3 like Mac OS X) AppleWebKit/601.1.46 (KHTML, like Gecko) Version/9.0 Mobile/13G34 Safari/601.1"
192.168.1.132 - - [14/Sep/2016:22:19:31 -0700] "GET /socket.io/?EIO=3&transport=polling&t=LSiIIt4&sid=zyhKE04hlp73JD30AAAq HTTP/1.1" 200 288 "http://spacechat.com/" "Mozilla/5.0 (iPhone; CPU iPhone OS 9_3_3 like Mac OS X) AppleWebKit/601.1.46 (KHTML, like Gecko) Version/9.0 Mobile/13G34 Safari/601.1"
192.168.1.132 - - [14/Sep/2016:22:19:31 -0700] "GET /socket.io/?EIO=3&transport=polling&t=LSiIIsL&sid=cAE86QwMFbDttJXuAAAp HTTP/1.1" 200 4 "http://spacechat.com/" "Mozilla/5.0 (iPhone; CPU iPhone OS 9_3_3 like Mac OS X) AppleWebKit/601.1.46 (KHTML, like Gecko) Version/9.0 Mobile/13G34 Safari/601.1"
192.168.1.149 - - [14/Sep/2016:22:19:34 -0700] "GET / HTTP/1.1" 200 533 "-" "Mozilla/5.0 (iPhone; CPU iPhone OS 9_3_5 like Mac OS X) AppleWebKit/601.1 (KHTML, like Gecko) CriOS/52.0.2743.84 Mobile/13G36 Safari/601.1.46"
192.168.1.149 - - [14/Sep/2016:22:19:34 -0700] "GET /socket.io/?EIO=3&transport=websocket&sid=-6jRPc0llGd1P_pLAAAh HTTP/1.1" 101 2101041 "-" "Mozilla/5.0 (iPhone; CPU iPhone OS 9_3_5 like Mac OS X) AppleWebKit/601.1 (KHTML, like Gecko) CriOS/52.0.2743.84 Mobile/13G36 Safari/601.1.46"
192.168.1.149 - - [14/Sep/2016:22:19:34 -0700] "GET /socket.io/?EIO=3&transport=websocket&sid=e6tCmazM60vQ35nZAAAg HTTP/1.1" 101 23 "-" "Mozilla/5.0 (iPhone; CPU iPhone OS 9_3_5 like Mac OS X) AppleWebKit/601.1 (KHTML, like Gecko) CriOS/52.0.2743.84 Mobile/13G36 Safari/601.1.46"
192.168.1.149 - - [14/Sep/2016:22:19:34 -0700] "GET /socket.io/socket.io.js HTTP/1.1" 304 0 "http://anything.com/" "Mozilla/5.0 (iPhone; CPU iPhone OS 9_3_5 like Mac OS X) AppleWebKit/601.1 (KHTML, like Gecko) CriOS/52.0.2743.84 Mobile/13G36 Safari/601.1.46"
192.168.1.132 - - [14/Sep/2016:22:19:34 -0700] "GET /socket.io/?EIO=3&transport=websocket&sid=zyhKE04hlp73JD30AAAq HTTP/1.1" 101 60308 "-" "Mozilla/5.0 (iPhone; CPU iPhone OS 9_3_3 like Mac OS X) AppleWebKit/601.1.46 (KHTML, like Gecko) Version/9.0 Mobile/13G34 Safari/601.1"
192.168.1.149 - - [14/Sep/2016:22:19:35 -0700] "GET /socket.io/?EIO=3&transport=polling&t=LSiIJsP HTTP/1.1" 200 101 "http://anything.com/" "Mozilla/5.0 (iPhone; CPU iPhone OS 9_3_5 like Mac OS X) AppleWebKit/601.1 (KHTML, like Gecko) CriOS/52.0.2743.84 Mobile/13G36 Safari/601.1.46"
192.168.1.149 - - [14/Sep/2016:22:19:35 -0700] "GET /socket.io/?EIO=3&transport=polling&t=LSiIJsU HTTP/1.1" 200 101 "http://anything.com/" "Mozilla/5.0 (iPhone; CPU iPhone OS 9_3_5 like Mac OS X) AppleWebKit/601.1 (KHTML, like Gecko) CriOS/52.0.2743.84 Mobile/13G36 Safari/601.1.46"
192.168.1.149 - - [14/Sep/2016:22:19:35 -0700] "POST /socket.io/?EIO=3&transport=polling&t=LSiIJxW&sid=eIVG3OoZqh028M5vAAAr HTTP/1.1" 200 2 "http://anything.com/" "Mozilla/5.0 (iPhone; CPU iPhone OS 9_3_5 like Mac OS X) AppleWebKit/601.1 (KHTML, like Gecko) CriOS/52.0.2743.84 Mobile/13G36 Safari/601.1.46"
192.168.1.149 - - [14/Sep/2016:22:19:35 -0700] "GET /socket.io/?EIO=3&transport=polling&t=LSiIJxa&sid=eIVG3OoZqh028M5vAAAr HTTP/1.1" 200 17 "http://anything.com/" "Mozilla/5.0 (iPhone; CPU iPhone OS 9_3_5 like Mac OS X) AppleWebKit/601.1 (KHTML, like Gecko) CriOS/52.0.2743.84 Mobile/13G36 Safari/601.1.46"
192.168.1.149 - - [14/Sep/2016:22:19:35 -0700] "POST /socket.io/?EIO=3&transport=polling&t=LSiIJxg&sid=W2mw4CYsIyBeaZi8AAAs HTTP/1.1" 200 2 "http://anything.com/" "Mozilla/5.0 (iPhone; CPU iPhone OS 9_3_5 like Mac OS X) AppleWebKit/601.1 (KHTML, like Gecko) CriOS/52.0.2743.84 Mobile/13G36 Safari/601.1.46"
192.168.1.149 - - [14/Sep/2016:22:19:35 -0700] "GET /socket.io/?EIO=3&transport=polling&t=LSiIJxk&sid=W2mw4CYsIyBeaZi8AAAs HTTP/1.1" 200 17 "http://anything.com/" "Mozilla/5.0 (iPhone; CPU iPhone OS 9_3_5 like Mac OS X) AppleWebKit/601.1 (KHTML, like Gecko) CriOS/52.0.2743.84 Mobile/13G36 Safari/601.1.46"
192.168.1.149 - - [14/Sep/2016:22:19:36 -0700] "POST /socket.io/?EIO=3&transport=polling&t=LSiIKBe&sid=W2mw4CYsIyBeaZi8AAAs HTTP/1.1" 200 2 "http://anything.com/" "Mozilla/5.0 (iPhone; CPU iPhone OS 9_3_5 like Mac OS X) AppleWebKit/601.1 (KHTML, like Gecko) CriOS/52.0.2743.84 Mobile/13G36 Safari/601.1.46"
192.168.1.149 - - [14/Sep/2016:22:19:36 -0700] "GET /socket.io/?EIO=3&transport=polling&t=LSiIKBh&sid=W2mw4CYsIyBeaZi8AAAs HTTP/1.1" 200 254 "http://anything.com/" "Mozilla/5.0 (iPhone; CPU iPhone OS 9_3_5 like Mac OS X) AppleWebKit/601.1 (KHTML, like Gecko) CriOS/52.0.2743.84 Mobile/13G36 Safari/601.1.46"
192.168.1.149 - - [14/Sep/2016:22:19:36 -0700] "POST /socket.io/?EIO=3&transport=polling&t=LSiIKCm&sid=W2mw4CYsIyBeaZi8AAAs HTTP/1.1" 200 2 "http://anything.com/" "Mozilla/5.0 (iPhone; CPU iPhone OS 9_3_5 like Mac OS X) AppleWebKit/601.1 (KHTML, like Gecko) CriOS/52.0.2743.84 Mobile/13G36 Safari/601.1.46"
192.168.1.149 - - [14/Sep/2016:22:19:36 -0700] "GET /socket.io/?EIO=3&transport=polling&t=LSiIKCu&sid=W2mw4CYsIyBeaZi8AAAs HTTP/1.1" 200 560 "http://anything.com/" "Mozilla/5.0 (iPhone; CPU iPhone OS 9_3_5 like Mac OS X) AppleWebKit/601.1 (KHTML, like Gecko) CriOS/52.0.2743.84 Mobile/13G36 Safari/601.1.46"
192.168.1.149 - - [14/Sep/2016:22:19:36 -0700] "POST /socket.io/?EIO=3&transport=polling&t=LSiIKDh&sid=W2mw4CYsIyBeaZi8AAAs HTTP/1.1" 200 2 "http://anything.com/" "Mozilla/5.0 (iPhone; CPU iPhone OS 9_3_5 like Mac OS X) AppleWebKit/601.1 (KHTML, like Gecko) CriOS/52.0.2743.84 Mobile/13G36 Safari/601.1.46"
192.168.1.149 - - [14/Sep/2016:22:19:36 -0700] "GET /socket.io/?EIO=3&transport=polling&t=LSiIKE3&sid=W2mw4CYsIyBeaZi8AAAs HTTP/1.1" 200 280 "http://anything.com/" "Mozilla/5.0 (iPhone; CPU iPhone OS 9_3_5 like Mac OS X) AppleWebKit/601.1 (KHTML, like Gecko) CriOS/52.0.2743.84 Mobile/13G36 Safari/601.1.46"
192.168.1.149 - - [14/Sep/2016:22:19:37 -0700] "POST /socket.io/?EIO=3&transport=polling&t=LSiIKEU&sid=W2mw4CYsIyBeaZi8AAAs HTTP/1.1" 200 2 "http://anything.com/" "Mozilla/5.0 (iPhone; CPU iPhone OS 9_3_5 like Mac OS X) AppleWebKit/601.1 (KHTML, like Gecko) CriOS/52.0.2743.84 Mobile/13G36 Safari/601.1.46"
192.168.1.149 - - [14/Sep/2016:22:19:37 -0700] "GET /socket.io/?EIO=3&transport=polling&t=LSiIKEY&sid=W2mw4CYsIyBeaZi8AAAs HTTP/1.1" 200 280 "http://anything.com/" "Mozilla/5.0 (iPhone; CPU iPhone OS 9_3_5 like Mac OS X) AppleWebKit/601.1 (KHTML, like Gecko) CriOS/52.0.2743.84 Mobile/13G36 Safari/601.1.46"
192.168.1.149 - - [14/Sep/2016:22:19:37 -0700] "GET /socket.io/?EIO=3&transport=polling&t=LSiIKBZ&sid=eIVG3OoZqh028M5vAAAr HTTP/1.1" 200 4 "http://anything.com/" "Mozilla/5.0 (iPhone; CPU iPhone OS 9_3_5 like Mac OS X) AppleWebKit/601.1 (KHTML, like Gecko) CriOS/52.0.2743.84 Mobile/13G36 Safari/601.1.46"
192.168.1.123 - - [14/Sep/2016:22:19:44 -0700] "GET /generate_204 HTTP/1.1" 404 56 "-" "Dalvik/2.1.0 (Linux; U; Android 6.0.1; A0001 Build/MHC19Q)"
192.168.1.132 - - [14/Sep/2016:22:19:47 -0700] "GET / HTTP/1.1" 200 533 "-" "Mozilla/5.0 (iPhone; CPU iPhone OS 9_3_3 like Mac OS X) AppleWebKit/601.1.46 (KHTML, like Gecko) Version/9.0 Mobile/13G34 Safari/601.1"
192.168.1.132 - - [14/Sep/2016:22:19:47 -0700] "GET /socket.io/?EIO=3&transport=websocket&sid=cAE86QwMFbDttJXuAAAp HTTP/1.1" 101 8 "-" "Mozilla/5.0 (iPhone; CPU iPhone OS 9_3_3 like Mac OS X) AppleWebKit/601.1.46 (KHTML, like Gecko) Version/9.0 Mobile/13G34 Safari/601.1"
192.168.1.132 - - [14/Sep/2016:22:19:47 -0700] "GET /socket.io/socket.io.js HTTP/1.1" 304 0 "http://spacechat.com/" "Mozilla/5.0 (iPhone; CPU iPhone OS 9_3_3 like Mac OS X) AppleWebKit/601.1.46 (KHTML, like Gecko) Version/9.0 Mobile/13G34 Safari/601.1"
192.168.1.132 - - [14/Sep/2016:22:19:47 -0700] "GET /socket.io/?EIO=3&transport=polling&t=LSiIMvb HTTP/1.1" 200 101 "http://spacechat.com/" "Mozilla/5.0 (iPhone; CPU iPhone OS 9_3_3 like Mac OS X) AppleWebKit/601.1.46 (KHTML, like Gecko) Version/9.0 Mobile/13G34 Safari/601.1"
192.168.1.132 - - [14/Sep/2016:22:19:47 -0700] "GET /socket.io/?EIO=3&transport=polling&t=LSiIMvc HTTP/1.1" 200 101 "http://spacechat.com/" "Mozilla/5.0 (iPhone; CPU iPhone OS 9_3_3 like Mac OS X) AppleWebKit/601.1.46 (KHTML, like Gecko) Version/9.0 Mobile/13G34 Safari/601.1"
192.168.1.132 - - [14/Sep/2016:22:19:48 -0700] "POST /socket.io/?EIO=3&transport=polling&t=LSiIMwS&sid=XHrahlf3qVxKwAtGAAAt HTTP/1.1" 200 2 "http://spacechat.com/" "Mozilla/5.0 (iPhone; CPU iPhone OS 9_3_3 like Mac OS X) AppleWebKit/601.1.46 (KHTML, like Gecko) Version/9.0 Mobile/13G34 Safari/601.1"
192.168.1.132 - - [14/Sep/2016:22:19:48 -0700] "GET /socket.io/?EIO=3&transport=polling&t=LSiIMwT&sid=XHrahlf3qVxKwAtGAAAt HTTP/1.1" 200 17 "http://spacechat.com/" "Mozilla/5.0 (iPhone; CPU iPhone OS 9_3_3 like Mac OS X) AppleWebKit/601.1.46 (KHTML, like Gecko) Version/9.0 Mobile/13G34 Safari/601.1"
192.168.1.132 - - [14/Sep/2016:22:19:48 -0700] "GET /socket.io/?EIO=3&transport=polling&t=LSiIMwV&sid=aGfvKeEwneL1SpSVAAAu HTTP/1.1" 200 5 "http://spacechat.com/" "Mozilla/5.0 (iPhone; CPU iPhone OS 9_3_3 like Mac OS X) AppleWebKit/601.1.46 (KHTML, like Gecko) Version/9.0 Mobile/13G34 Safari/601.1"
192.168.1.132 - - [14/Sep/2016:22:19:48 -0700] "POST /socket.io/?EIO=3&transport=polling&t=LSiIMwU&sid=aGfvKeEwneL1SpSVAAAu HTTP/1.1" 200 2 "http://spacechat.com/" "Mozilla/5.0 (iPhone; CPU iPhone OS 9_3_3 like Mac OS X) AppleWebKit/601.1.46 (KHTML, like Gecko) Version/9.0 Mobile/13G34 Safari/601.1"
192.168.1.132 - - [14/Sep/2016:22:19:48 -0700] "GET /socket.io/?EIO=3&transport=polling&t=LSiIMxt&sid=aGfvKeEwneL1SpSVAAAu HTTP/1.1" 200 12 "http://spacechat.com/" "Mozilla/5.0 (iPhone; CPU iPhone OS 9_3_3 like Mac OS X) AppleWebKit/601.1.46 (KHTML, like Gecko) Version/9.0 Mobile/13G34 Safari/601.1"
192.168.1.132 - - [14/Sep/2016:22:19:48 -0700] "POST /socket.io/?EIO=3&transport=polling&t=LSiIMy6&sid=aGfvKeEwneL1SpSVAAAu HTTP/1.1" 200 2 "http://spacechat.com/" "Mozilla/5.0 (iPhone; CPU iPhone OS 9_3_3 like Mac OS X) AppleWebKit/601.1.46 (KHTML, like Gecko) Version/9.0 Mobile/13G34 Safari/601.1"
192.168.1.132 - - [14/Sep/2016:22:19:48 -0700] "GET /socket.io/?EIO=3&transport=polling&t=LSiIMy6.0&sid=aGfvKeEwneL1SpSVAAAu HTTP/1.1" 200 237 "http://spacechat.com/" "Mozilla/5.0 (iPhone; CPU iPhone OS 9_3_3 like Mac OS X) AppleWebKit/601.1.46 (KHTML, like Gecko) Version/9.0 Mobile/13G34 Safari/601.1"
192.168.1.132 - - [14/Sep/2016:22:19:48 -0700] "GET /socket.io/?EIO=3&transport=polling&t=LSiIMxs&sid=XHrahlf3qVxKwAtGAAAt HTTP/1.1" 200 4 "http://spacechat.com/" "Mozilla/5.0 (iPhone; CPU iPhone OS 9_3_3 like Mac OS X) AppleWebKit/601.1.46 (KHTML, like Gecko) Version/9.0 Mobile/13G34 Safari/601.1"
192.168.1.133 - - [14/Sep/2016:22:20:10 -0700] "GET /generate_204 HTTP/1.1" 404 56 "-" "Dalvik/2.1.0 (Linux; U; Android 6.0; LG-H810 Build/MRA58K)"
192.168.1.130 - - [14/Sep/2016:22:20:23 -0700] "\x16\x03\x01\x00I\x01\x00\x00E\x03\x01\x9B\x9B\x9B\x9B\xE0\x17\xDC\xF4\x1D\x22y\x0E,\xE2Y\xF1\xD2\xE5;\xCE\xBE\xEF\xA1_.~\xC8M\xDF\xF3\xE3\xFB\x00\x00\x1E\x00\x04\x00\x05\x00/\x003\x002\x00" 400 172 "-" "-"
192.168.1.109 - - [14/Sep/2016:22:20:45 -0700] "GET /ncsi.txt HTTP/1.1" 404 21 "-" "Microsoft NCSI"
192.168.1.109 - - [14/Sep/2016:22:20:45 -0700] "GET /ncsi.txt HTTP/1.1" 404 21 "-" "Microsoft NCSI"
192.168.1.133 - - [14/Sep/2016:22:22:06 -0700] "GET / HTTP/1.1" 200 533 "-" "Mozilla/5.0 (Linux; Android 6.0; LG-H810 Build/MRA58K) AppleWebKit/537.36 (KHTML, like Gecko) Chrome/53.0.2785.97 Mobile Safari/537.36"
192.168.1.133 - - [14/Sep/2016:22:22:06 -0700] "GET /socket.io/?EIO=3&transport=websocket&sid=NbijbejFFQmQTSyNAAAk HTTP/1.1" 101 6520394 "-" "Mozilla/5.0 (Linux; Android 6.0; LG-H810 Build/MRA58K) AppleWebKit/537.36 (KHTML, like Gecko) Chrome/53.0.2785.97 Mobile Safari/537.36"
192.168.1.133 - - [14/Sep/2016:22:22:09 -0700] "GET /socket.io/socket.io.js HTTP/1.1" 304 0 "http://spacechat.com/" "Mozilla/5.0 (Linux; Android 6.0; LG-H810 Build/MRA58K) AppleWebKit/537.36 (KHTML, like Gecko) Chrome/53.0.2785.97 Mobile Safari/537.36"
192.168.1.133 - - [14/Sep/2016:22:22:11 -0700] "GET /socket.io/?EIO=3&transport=polling&t=LSiIvmC HTTP/1.1" 200 101 "http://spacechat.com/" "Mozilla/5.0 (Linux; Android 6.0; LG-H810 Build/MRA58K) AppleWebKit/537.36 (KHTML, like Gecko) Chrome/53.0.2785.97 Mobile Safari/537.36"
192.168.1.133 - - [14/Sep/2016:22:22:11 -0700] "GET /socket.io/?EIO=3&transport=polling&t=LSiIvma HTTP/1.1" 200 101 "http://spacechat.com/" "Mozilla/5.0 (Linux; Android 6.0; LG-H810 Build/MRA58K) AppleWebKit/537.36 (KHTML, like Gecko) Chrome/53.0.2785.97 Mobile Safari/537.36"
192.168.1.133 - - [14/Sep/2016:22:22:11 -0700] "POST /socket.io/?EIO=3&transport=polling&t=LSiIvuj&sid=MFe1l6wPM1GzLVo2AAAv HTTP/1.1" 200 2 "http://spacechat.com/" "Mozilla/5.0 (Linux; Android 6.0; LG-H810 Build/MRA58K) AppleWebKit/537.36 (KHTML, like Gecko) Chrome/53.0.2785.97 Mobile Safari/537.36"
192.168.1.133 - - [14/Sep/2016:22:22:11 -0700] "GET /socket.io/?EIO=3&transport=polling&t=LSiIvvF&sid=MFe1l6wPM1GzLVo2AAAv HTTP/1.1" 200 17 "http://spacechat.com/" "Mozilla/5.0 (Linux; Android 6.0; LG-H810 Build/MRA58K) AppleWebKit/537.36 (KHTML, like Gecko) Chrome/53.0.2785.97 Mobile Safari/537.36"
192.168.1.133 - - [14/Sep/2016:22:22:11 -0700] "POST /socket.io/?EIO=3&transport=polling&t=LSiIvvL&sid=sdzksnnETiyPTXEbAAAw HTTP/1.1" 200 2 "http://spacechat.com/" "Mozilla/5.0 (Linux; Android 6.0; LG-H810 Build/MRA58K) AppleWebKit/537.36 (KHTML, like Gecko) Chrome/53.0.2785.97 Mobile Safari/537.36"
192.168.1.133 - - [14/Sep/2016:22:22:11 -0700] "GET /socket.io/?EIO=3&transport=polling&t=LSiIvvO&sid=sdzksnnETiyPTXEbAAAw HTTP/1.1" 200 17 "http://spacechat.com/" "Mozilla/5.0 (Linux; Android 6.0; LG-H810 Build/MRA58K) AppleWebKit/537.36 (KHTML, like Gecko) Chrome/53.0.2785.97 Mobile Safari/537.36"
192.168.1.133 - - [14/Sep/2016:22:22:12 -0700] "POST /socket.io/?EIO=3&transport=polling&t=LSiIw1v&sid=sdzksnnETiyPTXEbAAAw HTTP/1.1" 200 2 "http://spacechat.com/" "Mozilla/5.0 (Linux; Android 6.0; LG-H810 Build/MRA58K) AppleWebKit/537.36 (KHTML, like Gecko) Chrome/53.0.2785.97 Mobile Safari/537.36"
192.168.1.133 - - [14/Sep/2016:22:22:12 -0700] "GET /socket.io/?EIO=3&transport=polling&t=LSiIw1x&sid=sdzksnnETiyPTXEbAAAw HTTP/1.1" 200 249 "http://spacechat.com/" "Mozilla/5.0 (Linux; Android 6.0; LG-H810 Build/MRA58K) AppleWebKit/537.36 (KHTML, like Gecko) Chrome/53.0.2785.97 Mobile Safari/537.36"
192.168.1.133 - - [14/Sep/2016:22:22:12 -0700] "GET /socket.io/?EIO=3&transport=polling&t=LSiIw1h&sid=MFe1l6wPM1GzLVo2AAAv HTTP/1.1" 200 4 "http://spacechat.com/" "Mozilla/5.0 (Linux; Android 6.0; LG-H810 Build/MRA58K) AppleWebKit/537.36 (KHTML, like Gecko) Chrome/53.0.2785.97 Mobile Safari/537.36"
192.168.1.133 - - [14/Sep/2016:22:22:14 -0700] "GET /mobile/status.php HTTP/1.1" 404 61 "-" "Dalvik/2.1.0 (Linux; U; Android 6.0; LG-H810 Build/MRA58K) [FBAN/Orca-Android;FBAV/87.0.0.15.69;FBPN/com.facebook.orca;FBLC/en_GB;FBBV/38414364;FBCR/AT&amp-T;FBMF/LGE;FBBD/lge;FBDV/LG-H810;FBSV/6.0;FBCA/armeabi-v7a:armeabi;FBDM/{density=4.0,width=1440,height=2392};FB_FW/1;]"
192.168.1.106 - - [14/Sep/2016:22:22:23 -0700] "GET /socket.io/?EIO=3&transport=websocket&sid=YM6eJUxzqK3HOmc-AAAo HTTP/1.1" 101 3251932 "-" "Mozilla/5.0 (X11; Linux x86_64) AppleWebKit/537.36 (KHTML, like Gecko) Chrome/53.0.2785.97 Safari/537.36"
192.168.1.132 - - [14/Sep/2016:22:22:54 -0700] "GET /socket.io/?EIO=3&transport=websocket&sid=XHrahlf3qVxKwAtGAAAt HTTP/1.1" 101 29 "-" "Mozilla/5.0 (iPhone; CPU iPhone OS 9_3_3 like Mac OS X) AppleWebKit/601.1.46 (KHTML, like Gecko) Version/9.0 Mobile/13G34 Safari/601.1"
192.168.1.130 - - [14/Sep/2016:22:22:54 -0700] "GET /socket.io/?EIO=3&transport=websocket&sid=fvn1cqWy3acLgCdZAAAm HTTP/1.1" 101 4214553 "-" "-"
192.168.1.109 - - [14/Sep/2016:22:22:54 -0700] "GET /socket.io/?EIO=3&transport=websocket&sid=5zhYxGywhWb1AEsiAAAC&t=636094877577979057-2 HTTP/1.1" 101 128719379 "-" "-"
192.168.1.149 - - [14/Sep/2016:22:22:54 -0700] "GET /socket.io/?EIO=3&transport=websocket&sid=eIVG3OoZqh028M5vAAAr HTTP/1.1" 101 29 "-" "Mozilla/5.0 (iPhone; CPU iPhone OS 9_3_5 like Mac OS X) AppleWebKit/601.1 (KHTML, like Gecko) CriOS/52.0.2743.84 Mobile/13G36 Safari/601.1.46"
192.168.1.132 - - [14/Sep/2016:22:22:54 -0700] "GET /socket.io/?EIO=3&transport=websocket&sid=aGfvKeEwneL1SpSVAAAu HTTP/1.1" 101 3144731 "-" "Mozilla/5.0 (iPhone; CPU iPhone OS 9_3_3 like Mac OS X) AppleWebKit/601.1.46 (KHTML, like Gecko) Version/9.0 Mobile/13G34 Safari/601.1"
192.168.1.123 - - [14/Sep/2016:22:22:54 -0700] "GET /socket.io/?EIO=3&transport=websocket&sid=yFxDZlA5dLO1DReLAAAi HTTP/1.1" 101 47 "-" "Mozilla/5.0 (Linux; Android 6.0.1; A0001 Build/MHC19Q) AppleWebKit/537.36 (KHTML, like Gecko) Chrome/53.0.2785.97 Mobile Safari/537.36"
192.168.1.133 - - [14/Sep/2016:22:22:54 -0700] "GET /socket.io/?EIO=3&transport=websocket&sid=sdzksnnETiyPTXEbAAAw HTTP/1.1" 101 638108 "-" "Mozilla/5.0 (Linux; Android 6.0; LG-H810 Build/MRA58K) AppleWebKit/537.36 (KHTML, like Gecko) Chrome/53.0.2785.97 Mobile Safari/537.36"
192.168.1.130 - - [14/Sep/2016:22:22:54 -0700] "GET /socket.io/?EIO=3&transport=websocket&sid=tspuOKPMhK0xcpRvAAAl HTTP/1.1" 101 44 "-" "-"
192.168.1.149 - - [14/Sep/2016:22:22:54 -0700] "GET /socket.io/?EIO=3&transport=websocket&sid=W2mw4CYsIyBeaZi8AAAs HTTP/1.1" 101 3323111 "-" "Mozilla/5.0 (iPhone; CPU iPhone OS 9_3_5 like Mac OS X) AppleWebKit/601.1 (KHTML, like Gecko) CriOS/52.0.2743.84 Mobile/13G36 Safari/601.1.46"
192.168.1.123 - - [14/Sep/2016:22:22:54 -0700] "GET /socket.io/?EIO=3&transport=websocket&sid=Refh77mC2_SQnZzMAAAj HTTP/1.1" 101 5251895 "-" "Mozilla/5.0 (Linux; Android 6.0.1; A0001 Build/MHC19Q) AppleWebKit/537.36 (KHTML, like Gecko) Chrome/53.0.2785.97 Mobile Safari/537.36"
192.168.1.133 - - [14/Sep/2016:22:22:54 -0700] "GET /socket.io/?EIO=3&transport=websocket&sid=MFe1l6wPM1GzLVo2AAAv HTTP/1.1" 101 11 "-" "Mozilla/5.0 (Linux; Android 6.0; LG-H810 Build/MRA58K) AppleWebKit/537.36 (KHTML, like Gecko) Chrome/53.0.2785.97 Mobile Safari/537.36"
192.168.1.103 - - [14/Sep/2016:22:22:54 -0700] "GET /socket.io/?EIO=3&transport=websocket&sid=qKR_qu_ZQYBxOLTZAAAe HTTP/1.1" 101 47 "-" "Mozilla/5.0 (iPhone; CPU iPhone OS 10_0_1 like Mac OS X) AppleWebKit/602.1.50 (KHTML, like Gecko) Version/10.0 Mobile/14A403 Safari/602.1"
192.168.1.103 - - [14/Sep/2016:22:22:54 -0700] "GET /socket.io/?EIO=3&transport=websocket&sid=pHFr45-OheDZ5EQ7AAAf HTTP/1.1" 101 5651412 "-" "Mozilla/5.0 (iPhone; CPU iPhone OS 10_0_1 like Mac OS X) AppleWebKit/602.1.50 (KHTML, like Gecko) Version/10.0 Mobile/14A403 Safari/602.1"
192.168.1.133 - - [14/Sep/2016:22:22:55 -0700] "GET /socket.io/?EIO=3&transport=polling&t=LSiJ4a1 HTTP/1.1" 502 574 "http://spacechat.com/" "Mozilla/5.0 (Linux; Android 6.0; LG-H810 Build/MRA58K) AppleWebKit/537.36 (KHTML, like Gecko) Chrome/53.0.2785.97 Mobile Safari/537.36"
192.168.1.130 - - [14/Sep/2016:22:22:55 -0700] "GET /socket.io/?EIO=3&transport=polling&t=LSiJ4PQ HTTP/1.1" 502 574 "http://spacechat.com/" "Mozilla/5.0 (Linux; Android 4.4.2; SAMSUNG-SGH-I747 Build/KOT49H) AppleWebKit/535.19 (KHTML, like Gecko) Chrome/18.0.1025.166 Mobile Safari/535.19"
192.168.1.130 - - [14/Sep/2016:22:22:55 -0700] "GET /socket.io/?EIO=3&transport=polling&t=LSiJ4Sr HTTP/1.1" 502 574 "http://spacechat.com/" "Mozilla/5.0 (Linux; Android 4.4.2; SAMSUNG-SGH-I747 Build/KOT49H) AppleWebKit/535.19 (KHTML, like Gecko) Chrome/18.0.1025.166 Mobile Safari/535.19"
